07-30 11:41:15.408   352  6986 I resolv  : doQuery: rcode=0, ancount=1, return value=56
07-30 11:41:15.408   352  6987 I resolv  : doQuery: rcode=0, ancount=1, return value=44
07-30 11:41:15.409  6967  6984 D TrafficStats: tagSocket(65) with statsTag=0xffffffff, statsUid=-1
07-30 11:41:15.415  6967  6984 I LoginUtil: Connected to Internet
07-30 11:41:15.419  6967  6984 I LoginUtil: Adding Account {name=Z4BWRQAXPLKCB2JSMMKRZUVKUU-03@cloudtestlabaccounts.com, type=com.google}
07-30 11:41:15.424   538   598 D CompatibilityChangeReporter: Compat change id reported: 135634846; UID 10196; state: DISABLED
07-30 11:41:15.424   538   598 D CompatibilityChangeReporter: Compat change id reported: 177438394; UID 10196; state: DISABLED
07-30 11:41:15.425   538   598 D CompatibilityChangeReporter: Compat change id reported: 135772972; UID 10196; state: DISABLED
07-30 11:41:15.425   538   598 D CompatibilityChangeReporter: Compat change id reported: 135754954; UID 10196; state: DISABLED
07-30 11:41:15.425   538   566 D CompatibilityChangeReporter: Compat change id reported: 143937733; UID 10196; state: DISABLED
07-30 11:41:15.431   353   353 D Zygote  : Forked child process 6989
07-30 11:41:15.437   538   566 I ActivityManager: Start proc 6989:com.google.android.apps.auth.test.support/u0a196 for service {com.google.android.apps.auth.test.support/com.google.android.apps.auth.test.support.services.AccountService}
07-30 11:41:15.486  6989  6989 I Zygote  : seccomp disabled by setenforce 0
07-30 11:41:15.486  6989  6989 I libc    : SetHeapTaggingLevel: tag level set to 0
07-30 11:41:15.489  6989  6989 I th.test.support: Using CollectorTypeCC GC.
07-30 11:41:15.498  6989  6989 E th.test.support: Not starting debugger since process cannot load the jdwp agent.
07-30 11:41:15.523   538   598 D CompatibilityChangeReporter: Compat change id reported: 261072174; UID 10195; state: DISABLED
07-30 11:41:15.524   538   614 D CompatibilityChangeReporter: Compat change id reported: 265195908; UID 10196; state: ENABLED
07-30 11:41:15.525  6989  6989 D CompatibilityChangeReporter: Compat change id reported: 171979766; UID 10196; state: DISABLED
07-30 11:41:15.525  6989  6989 D CompatibilityChangeReporter: Compat change id reported: 242716250; UID 10196; state: DISABLED
07-30 11:41:15.531   538   598 D CompatibilityChangeReporter: Compat change id reported: 170503758; UID 10196; state: DISABLED
07-30 11:41:15.534  6989  6989 D ApplicationLoaders: Returning zygote-cached class loader: /system/framework/android.test.base.jar
07-30 11:41:15.536  6989  6989 D nativeloader: Configuring clns-6 for other apk /system/framework/org.apache.http.legacy.jar. target_sdk_version=25, uses_libraries=ALL, library_path=/data/app/~~ZJN1Prj5BHQF9i9HipjRZg==/com.google.android.apps.auth.test.support-wqzJXQc36jczLzc2yG7G2Q==/lib/arm64, permitted_path=/data:/mnt/expand:/data/user/0/com.google.android.apps.auth.test.support
07-30 11:41:15.537  6989  6989 D nativeloader: Configuring clns-7 for other apk /data/app/~~ZJN1Prj5BHQF9i9HipjRZg==/com.google.android.apps.auth.test.support-wqzJXQc36jczLzc2yG7G2Q==/base.apk. target_sdk_version=25, uses_libraries=, library_path=/data/app/~~ZJN1Prj5BHQF9i9HipjRZg==/com.google.android.apps.auth.test.support-wqzJXQc36jczLzc2yG7G2Q==/lib/arm64, permitted_path=/data:/mnt/expand:/data/user/0/com.google.android.apps.auth.test.support
07-30 11:41:15.575  6989  6989 V GraphicsEnvironment: Currently set values for:
07-30 11:41:15.575  6989  6989 V GraphicsEnvironment:   angle_gl_driver_selection_pkgs=[]
07-30 11:41:15.575  6989  6989 V GraphicsEnvironment:   angle_gl_driver_selection_values=[]
07-30 11:41:15.575  6989  6989 V GraphicsEnvironment: ANGLE GameManagerService for com.google.android.apps.auth.test.support: false
07-30 11:41:15.575  6989  6989 V GraphicsEnvironment: com.google.android.apps.auth.test.support is not listed in per-application setting
07-30 11:41:15.575  6989  6989 V GraphicsEnvironment: Neither updatable production driver nor prerelease driver is supported.
07-30 11:41:15.580   538   598 I ActivityManager: Flag disabled. Ignoring finishAttachApplication from uid: 10196. pid: 6989
07-30 11:41:15.595   538   598 D CompatibilityChangeReporter: Compat change id reported: 135634846; UID 10198; state: DISABLED
07-30 11:41:15.596   538   598 D CompatibilityChangeReporter: Compat change id reported: 177438394; UID 10198; state: DISABLED
07-30 11:41:15.596   538   598 D CompatibilityChangeReporter: Compat change id reported: 135772972; UID 10198; state: DISABLED
07-30 11:41:15.596   538   598 D CompatibilityChangeReporter: Compat change id reported: 135754954; UID 10198; state: ENABLED
07-30 11:41:15.596   538   566 D CompatibilityChangeReporter: Compat change id reported: 143937733; UID 10198; state: ENABLED
07-30 11:41:15.599   355  6859 D android.hardware.audio@7.1-impl.ranchu: threadLoop: entering standby, frames: 228480
07-30 11:41:15.604   353   353 D Zygote  : Forked child process 7006
07-30 11:41:15.604   538   566 I ActivityManager: Start proc 7006:androidx.test.services/u0a198 for content provider {androidx.test.services/androidx.test.services.storage.provider.TestArgsContentProvider}
07-30 11:41:15.685  7006  7006 I Zygote  : seccomp disabled by setenforce 0
07-30 11:41:15.689  7006  7006 I x.test.services: Late-enabling -Xcheck:jni
07-30 11:41:15.711  7006  7006 I x.test.services: Using CollectorTypeCC GC.
07-30 11:41:15.764  4995  5002 I adbd    : jdwp connection from 7006
07-30 11:41:15.775   538   614 D CompatibilityChangeReporter: Compat change id reported: 265195908; UID 10198; state: ENABLED
07-30 11:41:15.778  7006  7006 D CompatibilityChangeReporter: Compat change id reported: 171979766; UID 10198; state: DISABLED
07-30 11:41:15.779  7006  7006 D CompatibilityChangeReporter: Compat change id reported: 242716250; UID 10198; state: DISABLED
07-30 11:41:15.786   538   598 D CompatibilityChangeReporter: Compat change id reported: 170503758; UID 10198; state: DISABLED
07-30 11:41:15.789   538   938 D BufferPoolAccessor2.0: evictor expired: 6, evicted: 0
07-30 11:41:15.790   895  1283 D BufferPoolAccessor2.0: evictor expired: 3, evicted: 0
07-30 11:41:15.791  7006  7006 W ziparchive: Unable to open '/data/app/~~5oRzZfMUXzweqDTPYfpfWQ==/androidx.test.services-K0dhOMVsXvaFOZj6iuNHiQ==/base.dm': No such file or directory
07-30 11:41:15.791  7006  7006 W ziparchive: Unable to open '/data/app/~~5oRzZfMUXzweqDTPYfpfWQ==/androidx.test.services-K0dhOMVsXvaFOZj6iuNHiQ==/base.dm': No such file or directory
07-30 11:41:15.816  7006  7006 D nativeloader: Configuring clns-6 for other apk /data/app/~~5oRzZfMUXzweqDTPYfpfWQ==/androidx.test.services-K0dhOMVsXvaFOZj6iuNHiQ==/base.apk. target_sdk_version=30, uses_libraries=, library_path=/data/app/~~5oRzZfMUXzweqDTPYfpfWQ==/androidx.test.services-K0dhOMVsXvaFOZj6iuNHiQ==/lib/arm64, permitted_path=/data:/mnt/expand:/data/user/0/androidx.test.services
07-30 11:41:15.826  7006  7006 V GraphicsEnvironment: Currently set values for:
07-30 11:41:15.826  7006  7006 V GraphicsEnvironment:   angle_gl_driver_selection_pkgs=[]
07-30 11:41:15.826  7006  7006 V GraphicsEnvironment:   angle_gl_driver_selection_values=[]
07-30 11:41:15.828  7006  7006 V GraphicsEnvironment: ANGLE GameManagerService for androidx.test.services: false
07-30 11:41:15.829  7006  7006 V GraphicsEnvironment: androidx.test.services is not listed in per-application setting
07-30 11:41:15.830  7006  7006 V GraphicsEnvironment: Neither updatable production driver nor prerelease driver is supported.
07-30 11:41:15.869   538   598 D CompatibilityChangeReporter: Compat change id reported: 149924527; UID 10198; state: ENABLED
07-30 11:41:15.870   538   598 D CompatibilityChangeReporter: Compat change id reported: 132649864; UID 10198; state: DISABLED
07-30 11:41:15.880  1682  6112 E MediaProvider: Creating or writing to a non-default top level directory is not allowed!
07-30 11:41:15.885  1682  2032 E MediaProvider: Creating or writing to a non-default top level directory is not allowed!
07-30 11:41:15.887  7006  7006 E InternalUseOnlyFilesContentProvider: '/storage/emulated/0/googletest/internal_use': could not create output dir! 
07-30 11:41:15.887  7006  7006 E AbstractFileContentProvider: Subclass claims hosted directory not ready: /storage/emulated/0/googletest/internal_use
07-30 11:41:15.898  1682  6112 E MediaProvider: Creating or writing to a non-default top level directory is not allowed!
07-30 11:41:15.902  1682  2032 E MediaProvider: Creating or writing to a non-default top level directory is not allowed!
07-30 11:41:15.905  7006  7006 E TestFileContentProvider: '/storage/emulated/0/googletest/test_outputfiles': could not create output dir! 
07-30 11:41:15.905  7006  7006 E AbstractFileContentProvider: Subclass claims hosted directory not ready: /storage/emulated/0/googletest/test_outputfiles
07-30 11:41:15.922  1682  6112 E MediaProvider: Creating or writing to a non-default top level directory is not allowed!
07-30 11:41:15.929  1682  2032 E MediaProvider: Creating or writing to a non-default top level directory is not allowed!
07-30 11:41:15.930  7006  7006 E TestFileContentProvider: '/storage/emulated/0/googletest/test_exportproperties': could not create output dir! 
07-30 11:41:15.931  7006  7006 E AbstractFileContentProvider: Subclass claims hosted directory not ready: /storage/emulated/0/googletest/test_exportproperties
07-30 11:41:15.949  1682  6112 E MediaProvider: Creating or writing to a non-default top level directory is not allowed!
07-30 11:41:15.952  1682  2032 E MediaProvider: Creating or writing to a non-default top level directory is not allowed!
07-30 11:41:15.953  7006  7006 E AbstractFileContentProvider: Cannot create hosted directory: /storage/emulated/0/googletest/test_runfiles
07-30 11:41:15.955   538  2167 I ActivityManager: Flag disabled. Ignoring finishAttachApplication from uid: 10198. pid: 7006
07-30 11:41:15.959  6989  6989 I TestConfiguration: Unable to parse host and port.
07-30 11:41:15.959  6989  6989 I TestConfiguration: Parsing fst client id: null
07-30 11:41:15.962  6989  6989 I TestConfiguration: Unable to parse host and port.
07-30 11:41:15.962  6989  6989 I TestConfiguration: Parsing fst client id: null
07-30 11:41:15.968  6989  7003 I AccountHelper: z4bwrqaxplkcb2jsmmkrzuvkuu-03 is not present on the device. 
07-30 11:41:15.968  6989  7003 I EnsureAccountAvailabili: Account 'z4bwrqaxplkcb2jsmmkrzuvkuu-03' is not available in the device. Creating AddAccountOperation
07-30 11:41:15.969  6989  7003 I AddAccountOperation: Call GmsCore API.
07-30 11:41:15.972   538   598 D CompatibilityChangeReporter: Compat change id reported: 261072174; UID 10196; state: DISABLED
07-30 11:41:16.008  3874  3896 I Auth    : [BaseGetTokenFromAuthCodeOperation] Initializing sign-in [CONTEXT service_id=153 ]
07-30 11:41:16.030  6786  6820 D EGL_emulation: app_time_stats: avg=1000.99ms min=995.17ms max=1006.82ms count=2
07-30 11:41:16.111   352  7026 I resolv  : GetAddrInfoHandler::run: {102 786534 102 983142 10128 0}
07-30 11:41:16.112  4190  6630 D TrafficStats: tagSocket(109) with statsTag=0x1809, statsUid=-1
07-30 11:41:16.186  3874  3896 I Auth    : [BaseGetTokenFromAuthCodeOperation] Fetching token from auth code with GMS network stack. [CONTEXT service_id=153 ]
07-30 11:41:16.201  3874  4410 D TrafficStats: tagSocket(164) with statsTag=0x4000401, statsUid=10128
07-30 11:41:16.464  3874  3896 I Auth    : [AddAccountOperation] Handling AddAccountResponse. [CONTEXT service_id=153 ]
07-30 11:41:16.464  3874  3896 I Auth    : [AddAccountOperation] possible Seed account with hasUsername=true  [CONTEXT service_id=153 ]
07-30 11:41:16.473  3874  6816 I Auth    : [AddAccountOperation] successfully updated accountname and gaia id to db [CONTEXT service_id=153 ]
07-30 11:41:16.473  3874  3896 I Auth    : [AddAccountHelper] Adding account with 3 allowlisted packages [CONTEXT service_id=343 ]
07-30 11:41:16.481   538  2167 D CompatibilityChangeReporter: Compat change id reported: 154726397; UID 10128; state: ENABLED
07-30 11:41:16.481   538  2167 D AccountManagerService: Visibility was not initialized
07-30 11:41:16.499   538  2167 I AccountManagerService: notifying package=com.google.android.googlequicksearchbox for userId=0, sending broadcast of android.accounts.action.VISIBLE_ACCOUNTS_CHANGED
07-30 11:41:16.499   538  2167 I AccountManagerService: notifying package=com.android.providers.contacts for userId=0, sending broadcast of android.accounts.action.VISIBLE_ACCOUNTS_CHANGED
07-30 11:41:16.499   538  2167 I AccountManagerService: notifying package=com.google.android.contacts for userId=0, sending broadcast of android.accounts.action.VISIBLE_ACCOUNTS_CHANGED
07-30 11:41:16.499   538  2167 I AccountManagerService: notifying package=com.google.android.gm for userId=0, sending broadcast of android.accounts.action.VISIBLE_ACCOUNTS_CHANGED
07-30 11:41:16.499   538  2167 I AccountManagerService: notifying package=com.google.android.inputmethod.latin for userId=0, sending broadcast of android.accounts.action.VISIBLE_ACCOUNTS_CHANGED
07-30 11:41:16.499   538  2167 I AccountManagerService: notifying package=com.google.android.gms for userId=0, sending broadcast of android.accounts.action.VISIBLE_ACCOUNTS_CHANGED
07-30 11:41:16.500   538  2167 I AccountManagerService: notifying package=com.android.providers.calendar for userId=0, sending broadcast of android.accounts.action.VISIBLE_ACCOUNTS_CHANGED
07-30 11:41:16.500   538  2167 I AccountManagerService: callingUid=10128, userId=0 added account
07-30 11:41:16.500   538  2167 I AccountManagerService: the accountType= com.google changed with useCase=addAccount for userId=0, sending broadcast of android.accounts.LOGIN_ACCOUNTS_CHANGED
07-30 11:41:16.506   538   565 D ActivityManager: sync unfroze 2346 com.google.android.contacts for 3
07-30 11:41:16.508  3874  3896 I Auth    : [AddAccountHelper] Account added successfully to AccountManager [CONTEXT service_id=343 ]
07-30 11:41:16.509   538   565 D ActivityManager: sync unfroze 4377 com.google.android.gm for 3
07-30 11:41:16.525   538   565 D OomAdjuster: Not killing cached processes
07-30 11:41:16.526   538  2167 D AccountManagerService: no credentials permission for usage of Account {name=xxxxxxxxxxxxxxxxxxxxxxxxxx-xx@xxxxxxxxxxxxxxxxxxxx.xxx, type=com.google}, null by uid 10154 but ignoring since device is in test harness.
07-30 11:41:16.542  3874  3874 I WakefulBroadcastRcvr: Processing wakeful broadcast: android.accounts.LOGIN_ACCOUNTS_CHANGED
07-30 11:41:16.555  3874  3874 I Multidevice: [cglk] Updated accounts sent. [CONTEXT service_id=348 ]
07-30 11:41:16.568  3933  6711 I Icing   : updateResources: need to parse bmca{com.google.android.gms}
07-30 11:41:16.569  3874  3874 W SystemServiceRegistry: No service published for: persistent_data_block
07-30 11:41:16.582  3786  3805 W Bugle   : TextClassifierLibManagerImpl: Reclaiming memory at level: 40
07-30 11:41:16.584  3786  3804 W Bugle   : TextClassifierLibManagerImpl: Reclaiming memory at level: 40
07-30 11:41:16.601  3874  4015 I Multidevice: [cgpe] settingsState.collect(): cgox@68a1f5b [CONTEXT service_id=348 ]
07-30 11:41:16.601  3874  7032 I Multidevice: [cgpe] presenceClient.sync( [CONTEXT service_id=348 ]
07-30 11:41:16.601  3874  7032 I Multidevice: [cgpe]     multideviceEnabled: false [CONTEXT service_id=348 ]
07-30 11:41:16.601  3874  7032 I Multidevice: [cgpe]     deviceName: sdk_gphone64_arm64 [CONTEXT service_id=348 ]
07-30 11:41:16.601  3874  7032 I Multidevice: [cgpe]     accountListForSync: [] [CONTEXT service_id=348 ]
07-30 11:41:16.601  3874  7032 I Multidevice: [cgpe] ) [CONTEXT service_id=348 ]
07-30 11:41:16.602  3874  6475 I Multidevice: [cglk] accountsFlow.collect : it = [Account {name=Z4BWRQAXPLKCB2JSMMKRZUVKUU-03@cloudtestlabaccounts.com, type=com.google}] [CONTEXT service_id=348 ]
07-30 11:41:16.602  3874  7030 I Multidevice: [cgpe] presenceClient.sync( [CONTEXT service_id=348 ]
07-30 11:41:16.602  3874  7030 I Multidevice: [cgpe]     multideviceEnabled: false [CONTEXT service_id=348 ]
07-30 11:41:16.602  3874  7030 I Multidevice: [cgpe]     deviceName: sdk_gphone64_arm64 [CONTEXT service_id=348 ]
07-30 11:41:16.602  3874  7030 I Multidevice: [cgpe]     accountListForSync: [] [CONTEXT service_id=348 ]
07-30 11:41:16.602  3874  7030 I Multidevice: [cgpe] ) [CONTEXT service_id=348 ]
07-30 11:41:16.602  3874  7033 I Multidevice: [cgpe] presenceClient.sync( [CONTEXT service_id=348 ]
07-30 11:41:16.603  3874  7035 I Multidevice: [cgpe] settingsState.collect(): cgox@253890d [CONTEXT service_id=348 ]
07-30 11:41:16.605  3874  7033 I Multidevice: [cgpe]     multideviceEnabled: false [CONTEXT service_id=348 ]
07-30 11:41:16.606  3874  7033 I Multidevice: [cgpe]     deviceName: sdk_gphone64_arm64 [CONTEXT service_id=348 ]
07-30 11:41:16.611  3874  7041 I Multidevice: [cgpe] settingsState.collect(): cgox@b3ca909 [CONTEXT service_id=348 ]
07-30 11:41:16.613  3874  7033 I Multidevice: [cgpe]     accountListForSync: [] [CONTEXT service_id=348 ]
07-30 11:41:16.613  3874  7033 I Multidevice: [cgpe] ) [CONTEXT service_id=348 ]
07-30 11:41:16.637   538   883 D CompatibilityChangeReporter: Compat change id reported: 177438394; UID 10153; state: DISABLED
07-30 11:41:16.637   538   883 D CompatibilityChangeReporter: Compat change id reported: 135772972; UID 10153; state: DISABLED
07-30 11:41:16.637   538   883 D CompatibilityChangeReporter: Compat change id reported: 135754954; UID 10153; state: ENABLED
07-30 11:41:16.640   538   566 D CompatibilityChangeReporter: Compat change id reported: 143937733; UID 10153; state: ENABLED
07-30 11:41:16.640   538   883 D CompatibilityChangeReporter: Compat change id reported: 177438394; UID 10141; state: DISABLED
07-30 11:41:16.641   538   883 D CompatibilityChangeReporter: Compat change id reported: 135772972; UID 10141; state: DISABLED
07-30 11:41:16.641   538   883 D CompatibilityChangeReporter: Compat change id reported: 135754954; UID 10141; state: ENABLED
07-30 11:41:16.649   353   353 D Zygote  : Forked child process 7045
07-30 11:41:16.654  3874  7043 I Multidevice: [cgil] Multidevice Sync Response: com.google.android.gms.nearby.presence.ServerSyncResult@3b0c804 [CONTEXT service_id=348 ]
07-30 11:41:16.661  3874  7042 I Multidevice: [cgil] Multidevice Sync Response: com.google.android.gms.nearby.presence.ServerSyncResult@746070 [CONTEXT service_id=348 ]
07-30 11:41:16.661  3874  7034 I Multidevice: [cgil] Multidevice Sync Response: com.google.android.gms.nearby.presence.ServerSyncResult@3257896 [CONTEXT service_id=348 ]
07-30 11:41:16.663  7045  7045 I Zygote  : seccomp disabled by setenforce 0
07-30 11:41:16.664   538   566 I ActivityManager: Start proc 7045:com.google.android.calendar/u0a153 for service {com.google.android.calendar/com.google.android.apps.calendar.vagabond.tasks.impl.sync.PlatformSync$SyncService}
07-30 11:41:16.665   538   566 D CompatibilityChangeReporter: Compat change id reported: 143937733; UID 10141; state: ENABLED
07-30 11:41:16.672   538   551 W JobScheduler.Concurrency: Had fewer than 16 in existence
07-30 11:41:16.676   538  2175 D CompatibilityChangeReporter: Compat change id reported: 161252188; UID 10128; state: DISABLED
07-30 11:41:16.696   353   353 D Zygote  : Forked child process 7048
07-30 11:41:16.696   538   566 W ActivityManager: Slow operation: 56ms so far, now at startProcess: returned from zygote!
07-30 11:41:16.699  7045  7045 I ndroid.calendar: Using CollectorTypeCC GC.
07-30 11:41:16.702  7048  7048 I Zygote  : seccomp disabled by setenforce 0
07-30 11:41:16.708  7048  7048 I droid.apps.docs: Using CollectorTypeCC GC.
07-30 11:41:16.720   538   566 W ActivityManager: Slow operation: 80ms so far, now at startProcess: done updating battery stats
07-30 11:41:16.720   538   566 W ActivityManager: Slow operation: 80ms so far, now at startProcess: building log message
07-30 11:41:16.720   538   566 I ActivityManager: Start proc 7048:com.google.android.apps.docs/u0a141 for service {com.google.android.apps.docs/com.google.android.apps.docs.common.sync.syncadapter.DocsSyncAdapterService}
07-30 11:41:16.720   538   566 W ActivityManager: Slow operation: 80ms so far, now at startProcess: starting to update pids map
07-30 11:41:16.720   538   566 W ActivityManager: Slow operation: 80ms so far, now at startProcess: done updating pids map
07-30 11:41:16.724  7048  7048 E droid.apps.docs: Not starting debugger since process cannot load the jdwp agent.
07-30 11:41:16.729  7045  7045 E ndroid.calendar: Not starting debugger since process cannot load the jdwp agent.
07-30 11:41:16.746  3874  3874 D BoundBrokerSvc: onRebind: Intent { act=com.google.android.gms.auth.aang.events.services.START dat=chimera-action:/... cmp=com.google.android.gms/.chimera.PersistentApiService }
07-30 11:41:16.746  3874  3874 D BoundBrokerSvc: onRebind: Intent { act=com.google.android.gms.nearby.presence.service.START dat=chimera-action:/... cmp=com.google.android.gms/.chimera.PersistentApiServiceNoInstantApps }
07-30 11:41:16.756   538  2158 D CompatibilityChangeReporter: Compat change id reported: 168419799; UID 10141; state: DISABLED
07-30 11:41:16.756   538  2158 D CompatibilityChangeReporter: Compat change id reported: 273564678; UID 10141; state: DISABLED
07-30 11:41:16.758  3874  3896 I Auth    : [AuthAccountManager] LST set in GoogleAccountDataStore [CONTEXT service_id=343 ]
07-30 11:41:16.758  3874  3896 I Auth    : [AuthAccountManager] Clearing password in AccountManager [CONTEXT service_id=343 ]
07-30 11:41:16.762  7048  7048 D CompatibilityChangeReporter: Compat change id reported: 171979766; UID 10141; state: ENABLED
07-30 11:41:16.762  7048  7048 D CompatibilityChangeReporter: Compat change id reported: 242716250; UID 10141; state: DISABLED
07-30 11:41:16.764   538   883 E SyncManager: Couldn't find backoff values for Account {name=xxxxxxxxxxxxxxxxxxxxxxxxxx-xx@xxxxxxxxxxxxxxxxxxxx.xxx, type=com.google}/com.google.android.gms.fitness:u0
07-30 11:41:16.774   538   598 D CompatibilityChangeReporter: Compat change id reported: 168419799; UID 10153; state: DISABLED
07-30 11:41:16.774   538   598 D CompatibilityChangeReporter: Compat change id reported: 273564678; UID 10153; state: DISABLED
07-30 11:41:16.778   538  2162 D CompatibilityChangeReporter: Compat change id reported: 170503758; UID 10141; state: ENABLED
07-30 11:41:16.781   538   986 I AccountManagerService: notifying package=com.google.android.googlequicksearchbox for userId=0, sending broadcast of android.accounts.action.VISIBLE_ACCOUNTS_CHANGED
07-30 11:41:16.781   538   986 I AccountManagerService: notifying package=com.android.providers.contacts for userId=0, sending broadcast of android.accounts.action.VISIBLE_ACCOUNTS_CHANGED
07-30 11:41:16.781   538   986 I AccountManagerService: notifying package=com.google.android.contacts for userId=0, sending broadcast of android.accounts.action.VISIBLE_ACCOUNTS_CHANGED
07-30 11:41:16.781   538   986 I AccountManagerService: notifying package=com.google.android.gm for userId=0, sending broadcast of android.accounts.action.VISIBLE_ACCOUNTS_CHANGED
07-30 11:41:16.781   538   986 I AccountManagerService: notifying package=com.google.android.inputmethod.latin for userId=0, sending broadcast of android.accounts.action.VISIBLE_ACCOUNTS_CHANGED
07-30 11:41:16.781   538   986 I AccountManagerService: notifying package=com.google.android.gms for userId=0, sending broadcast of android.accounts.action.VISIBLE_ACCOUNTS_CHANGED
07-30 11:41:16.781   538   986 I AccountManagerService: notifying package=com.android.providers.calendar for userId=0, sending broadcast of android.accounts.action.VISIBLE_ACCOUNTS_CHANGED
07-30 11:41:16.781   538   986 I AccountManagerService: callingUid=10128 changed password
07-30 11:41:16.781   538   986 I AccountManagerService: the accountType= com.google changed with useCase=setPassword for userId=0, sending broadcast of android.accounts.LOGIN_ACCOUNTS_CHANGED
07-30 11:41:16.782   538   614 D CompatibilityChangeReporter: Compat change id reported: 265195908; UID 10141; state: ENABLED
07-30 11:41:16.782   538   614 D CompatibilityChangeReporter: Compat change id reported: 265195908; UID 10153; state: ENABLED
07-30 11:41:16.785   538   538 I DevicePolicyManager: Finished calculating hasIncompatibleAccountsTask
07-30 11:41:16.798  3874  6884 I HeterodyneSyncScheduler: Scheduling Phenotype for a PhenotypeSyncImmediately(5, null) one off with window [1, 2] in seconds [CONTEXT service_id=51 ]
07-30 11:41:16.801  7045  7045 D CompatibilityChangeReporter: Compat change id reported: 171979766; UID 10153; state: ENABLED
07-30 11:41:16.801  7045  7045 D CompatibilityChangeReporter: Compat change id reported: 242716250; UID 10153; state: DISABLED
07-30 11:41:16.820  7048  7048 D nativeloader: Configuring clns-6 for other apk /system/framework/org.apache.http.legacy.jar. target_sdk_version=33, uses_libraries=ALL, library_path=/product/app/Drive/lib/arm64:/product/app/Drive/Drive.apk!/lib/arm64-v8a, permitted_path=/data:/mnt/expand:/data/user/0/com.google.android.apps.docs
07-30 11:41:16.821  7048  7048 D ApplicationLoaders: Returning zygote-cached class loader: /system_ext/framework/androidx.window.extensions.jar
07-30 11:41:16.821  7048  7048 D ApplicationLoaders: Returning zygote-cached class loader: /system_ext/framework/androidx.window.sidecar.jar
07-30 11:41:16.823   538  2553 D CompatibilityChangeReporter: Compat change id reported: 170503758; UID 10153; state: ENABLED
07-30 11:41:16.832  4377  4527 D CompatibilityChangeReporter: Compat change id reported: 263076149; UID 10146; state: DISABLED
07-30 11:41:16.856  7045  7045 D nativeloader: Configuring clns-6 for other apk /system/framework/org.apache.http.legacy.jar. target_sdk_version=33, uses_libraries=ALL, library_path=/product/app/CalendarGooglePrebuilt/lib/arm64, permitted_path=/data:/mnt/expand:/data/user/0/com.google.android.calendar
07-30 11:41:16.857  7045  7045 D ApplicationLoaders: Returning zygote-cached class loader: /system_ext/framework/androidx.window.extensions.jar
07-30 11:41:16.857  7045  7045 D ApplicationLoaders: Returning zygote-cached class loader: /system_ext/framework/androidx.window.sidecar.jar
07-30 11:41:16.870  3874  7031 I Auth    : [BroadcastManager] [BroadcastManager] Broadcasting account change. [CONTEXT service_id=343 ]
07-30 11:41:16.874  4377  4527 I org.webrtc.Logging: EffectsMiniBenchmarkWorkerFactory: Received worker class com.google.apps.tiktok.contrib.work.TikTokListenableWorker
07-30 11:41:16.876  4377  4527 I org.webrtc.Logging: EffectsMiniBenchmarkWorkerFactory: Received worker class com.google.android.libraries.hub.workmanager.HubListenableWorker
07-30 11:41:16.876  4377  4527 I org.webrtc.Logging: EffectsMiniBenchmarkWorkerFactory: Received worker class com.google.apps.tiktok.contrib.work.TikTokListenableWorker
07-30 11:41:16.890  3933  6896 V Backup  : [AccountChangedIO] Received intent, action = android.accounts.LOGIN_ACCOUNTS_CHANGED
07-30 11:41:16.922   538  2176 D CompatibilityChangeReporter: Compat change id reported: 201794303; UID 10146; state: ENABLED
07-30 11:41:16.923   538  2176 D CompatibilityChangeReporter: Compat change id reported: 207133734; UID 10146; state: DISABLED
07-30 11:41:16.928   538  1959 D PackageManager: Instant App installer not found with android.intent.action.INSTALL_INSTANT_APP_PACKAGE
07-30 11:41:16.928   538  1959 D PackageManager: Clear ephemeral installer activity
07-30 11:41:16.931  3933  3933 D BoundBrokerSvc: onBind: Intent { act=com.google.android.gms.mdisync.service.START dat=chimera-action:/... cmp=com.google.android.gms/.chimera.GmsApiService }
07-30 11:41:16.931  3933  3933 D BoundBrokerSvc: Loading bound service for intent: Intent { act=com.google.android.gms.mdisync.service.START dat=chimera-action:/... cmp=com.google.android.gms/.chimera.GmsApiService }
07-30 11:41:16.949  3874  3874 I WakefulBroadcastRcvr: Processing wakeful broadcast: android.accounts.LOGIN_ACCOUNTS_CHANGED
07-30 11:41:16.963  3933  6894 I PaymentsSuwIntentOp: Processing intent action = android.accounts.LOGIN_ACCOUNTS_CHANGED
07-30 11:41:16.972  3874  3874 I Multidevice: [cglk] Updated accounts sent. [CONTEXT service_id=348 ]
07-30 11:41:16.996   538  1777 D CleanupManager: Storing serial number for user 0.
07-30 11:41:17.000  3933  4782 I MdiSyncModule: Receiving API connection from package 'com.google.android.apps.messaging'...
07-30 11:41:17.003  7045  7045 D nativeloader: InitLlndkLibrariesProduct: libEGL.so:libGLESv1_CM.so:libGLESv2.so:libGLESv3.so:libRS.so:libandroid_net.so:libbinder_ndk.so:libc.so:libcgrouprc.so:libclang_rt.asan-aarch64-android.so:libclang_rt.hwasan-aarch64-android.so:libcom.android.tethering.connectivity_native.so:libdl.so:libft2.so:liblog.so:libm.so:libmediandk.so:libnativewindow.so:libneuralnetworks.so:libselinux.so:libsync.so:libvndksupport.so:libvulkan.so
07-30 11:41:17.003  7045  7045 D nativeloader: Configuring product-clns-7 for unbundled product apk /product/app/CalendarGooglePrebuilt/CalendarGooglePrebuilt.apk. target_sdk_version=33, uses_libraries=, library_path=/product/app/CalendarGooglePrebuilt/lib/arm64:/product/lib64:/system/product/lib64, permitted_path=/data:/mnt/expand:/data/user/0/com.google.android.calendar:/product/lib64:/system/product/lib64
07-30 11:41:17.003  7045  7045 D nativeloader: InitVndkspLibrariesProduct: android.hardware.common-V2-ndk.so:android.hardware.common.fmq-V1-ndk.so:android.hardware.graphics.allocator-V2-ndk.so:android.hardware.graphics.common-V4-ndk.so:android.hardware.graphics.common@1.0.so:android.hardware.graphics.common@1.1.so:android.hardware.graphics.common@1.2.so:android.hardware.graphics.composer3-V1-ndk.so:android.hardware.graphics.mapper@2.0.so:android.hardware.graphics.mapper@2.1.so:android.hardware.graphics.mapper@3.0.so:android.hardware.graphics.mapper@4.0.so:android.hardware.renderscript@1.0.so:android.hidl.memory.token@1.0.so:android.hidl.memory@1.0-impl.so:android.hidl.memory@1.0.so:android.hidl.safe_union@1.0.so:libRSCpuRef.so:libRSDriver.so:libRS_internal.so:libbase.so:libbcinfo.so:libblas.so:libc++.so:libcompiler_rt.so:libcutils.so:libdmabufheap.so:libgralloctypes.so:libhardware.so:libhidlbase.so:libhidlmemory.so:libion.so:libjsoncpp.so:liblzma.so:libprocessgroup.so:libunwindstack.so:libutils.so:libutilscallstack.so:libz.so
07-30 11:41:17.008  3933  6711 I Icing   : updateResources: need to parse bmca{com.google.android.gms}
07-30 11:41:17.008  3933  4782 I MdiSyncModule: API connection successful!
07-30 11:41:17.103  3874  3896 I Auth    : [BroadcastManager] [BroadcastManager] Broadcasting account services changed. [CONTEXT service_id=343 ]
07-30 11:41:17.106  3933  6896 I Backup  : [GmsBackupAccountManager] Backup account not found in gmscore.
07-30 11:41:17.130  3874  3896 I Auth    : [AuthAccountManager] Account added successfully. [CONTEXT service_id=343 ]
07-30 11:41:17.132  3933  3981 I OpenFileDescriptorOpera: onFailure [CONTEXT service_id=160 ]
07-30 11:41:17.142  7045  7045 V GraphicsEnvironment: Currently set values for:
07-30 11:41:17.142  7045  7045 V GraphicsEnvironment:   angle_gl_driver_selection_pkgs=[]
07-30 11:41:17.142  7045  7045 V GraphicsEnvironment:   angle_gl_driver_selection_values=[]
07-30 11:41:17.149  7045  7045 V GraphicsEnvironment: ANGLE GameManagerService for com.google.android.calendar: false
07-30 11:41:17.149  7045  7045 V GraphicsEnvironment: com.google.android.calendar is not listed in per-application setting
07-30 11:41:17.149  7045  7045 V GraphicsEnvironment: Neither updatable production driver nor prerelease driver is supported.
07-30 11:41:17.152  3933  6893 I GmsCoreXrpcWrapper: Returning a channel provider with trafficStatsTag=67127296 trafficStatsUid=-1
07-30 11:41:17.154  3933  3933 I WakefulBroadcastRcvr: Processing wakeful broadcast: com.google.android.gms.checkin.CHECKIN_START_ACTION
07-30 11:41:17.156  3933  3933 D BoundBrokerSvc: onBind: Intent { act=com.google.android.gms.people.contactssync.service.START pkg=com.google.android.gms }
07-30 11:41:17.156  3933  3933 D BoundBrokerSvc: Loading bound service for intent: Intent { act=com.google.android.gms.people.contactssync.service.START pkg=com.google.android.gms }
07-30 11:41:17.165  3874  6914 I HeterodyneSyncScheduler: Scheduling Phenotype for a PhenotypeSyncImmediately(5, null) one off with window [1, 2] in seconds [CONTEXT service_id=51 ]
07-30 11:41:17.165  3874  6884 W ChimeraUtils: Module com.google.android.gms.backup_base missing resource null(0)
07-30 11:41:17.166  3933  6891 I Checkin : [CheckinIntentOperation] onHandleIntent, Intent { act=com.google.android.gms.checkin.CHECKIN_START_ACTION cat=[targeted_intent_op_prefix:.checkin.CheckinIntentOperation] cmp=com.google.android.gms/.chimera.GmsIntentOperationService (has extras) }
07-30 11:41:17.169  3933  4838 I MdiSyncModule: Receiving API connection from package 'com.google.android.apps.wellbeing'...
07-30 11:41:17.169  3933  4838 I MdiSyncModule: API connection successful!
07-30 11:41:17.184  4190  6630 D TrafficStats: tagSocket(109) with statsTag=0x1809, statsUid=-1
07-30 11:41:17.185  3874  6884 V Backup  : [BackupAccountNotifier] Handling new intent. Show notification: true
07-30 11:41:17.187  3933  4380 I PeopleChimeraService: onService. callbacks = byaj@661bc5, request = com.google.android.gms.common.internal.GetServiceRequest@74e091a
07-30 11:41:17.192  3874  7042 W NearbySharing: Account name is empty.
07-30 11:41:17.193  3874  7042 I NearbySharing: There is no account metadata, return default instance.
07-30 11:41:17.193  3874  7042 I NearbySharing: There is no account metadata, return default instance.
07-30 11:41:17.204  3933  6891 W GmsTaskScheduler: ScheduledCheckinGmsTaskService is not available. This may cause the task to be lost.
07-30 11:41:17.205   538   538 D FileUtils: Deleted old file /data/system/syncmanager-log/synclog-2025-02-26.log
07-30 11:41:17.208   538   883 E SyncManager: Couldn't find backoff values for Account {name=xxxxxxxxxxxxxxxxxxxxxxxxxx-xx@xxxxxxxxxxxxxxxxxxxx.xxx, type=com.google}/com.google.android.location.reporting:u0
07-30 11:41:17.222   538   538 I DevicePolicyManager: Finished calculating hasIncompatibleAccountsTask
07-30 11:41:17.226  7048  7048 D nativeloader: InitLlndkLibrariesProduct: libEGL.so:libGLESv1_CM.so:libGLESv2.so:libGLESv3.so:libRS.so:libandroid_net.so:libbinder_ndk.so:libc.so:libcgrouprc.so:libclang_rt.asan-aarch64-android.so:libclang_rt.hwasan-aarch64-android.so:libcom.android.tethering.connectivity_native.so:libdl.so:libft2.so:liblog.so:libm.so:libmediandk.so:libnativewindow.so:libneuralnetworks.so:libselinux.so:libsync.so:libvndksupport.so:libvulkan.so
07-30 11:41:17.226  7048  7048 D nativeloader: Configuring product-clns-7 for unbundled product apk /product/app/Drive/Drive.apk. target_sdk_version=33, uses_libraries=, library_path=/product/app/Drive/lib/arm64:/product/app/Drive/Drive.apk!/lib/arm64-v8a:/product/lib64:/system/product/lib64, permitted_path=/data:/mnt/expand:/data/user/0/com.google.android.apps.docs:/product/lib64:/system/product/lib64
07-30 11:41:17.226  7048  7048 D nativeloader: InitVndkspLibrariesProduct: android.hardware.common-V2-ndk.so:android.hardware.common.fmq-V1-ndk.so:android.hardware.graphics.allocator-V2-ndk.so:android.hardware.graphics.common-V4-ndk.so:android.hardware.graphics.common@1.0.so:android.hardware.graphics.common@1.1.so:android.hardware.graphics.common@1.2.so:android.hardware.graphics.composer3-V1-ndk.so:android.hardware.graphics.mapper@2.0.so:android.hardware.graphics.mapper@2.1.so:android.hardware.graphics.mapper@3.0.so:android.hardware.graphics.mapper@4.0.so:android.hardware.renderscript@1.0.so:android.hidl.memory.token@1.0.so:android.hidl.memory@1.0-impl.so:android.hidl.memory@1.0.so:android.hidl.safe_union@1.0.so:libRSCpuRef.so:libRSDriver.so:libRS_internal.so:libbase.so:libbcinfo.so:libblas.so:libc++.so:libcompiler_rt.so:libcutils.so:libdmabufheap.so:libgralloctypes.so:libhardware.so:libhidlbase.so:libhidlmemory.so:libion.so:libjsoncpp.so:liblzma.so:libprocessgroup.so:libunwindstack.so:libutils.so:libutilscallstack.so:libz.so
07-30 11:41:17.227   538  2553 W system_server: Long monitor contention with owner SyncManager (883) at int com.android.server.job.JobSchedulerService.getUidProcState(int)(JobSchedulerService.java:2305) waiters=1 in boolean com.android.server.job.JobSchedulerService.cancelJob(int, java.lang.String, int, int, int) for 285ms
07-30 11:41:17.248  3933  3981 I OpenFileDescriptorOpera: onFailure [CONTEXT service_id=160 ]
07-30 11:41:17.256  3933  3981 I OpenFileDescriptorOpera: onFailure [CONTEXT service_id=160 ]
07-30 11:41:17.257  3933  3981 I OpenFileDescriptorOpera: onFailure [CONTEXT service_id=160 ]
07-30 11:41:17.264  3933  6890 W SystemServiceRegistry: No service published for: persistent_data_block
07-30 11:41:17.268  3933  6895 I FRP     : [FrpUpdateIntentOperation] Intent received: Intent { act=com.google.android.gms.auth.GOOGLE_ACCOUNT_CHANGE cat=[com.google.android.gms.auth.category.ACCOUNT_ADDED] flg=0x10 pkg=com.google.android.gms cmp=com.google.android.gms/.chimera.GmsIntentOperationService$PersistentZeroPartyReceiver (has extras) } [CONTEXT service_id=341 ]
07-30 11:41:17.268  3933  6895 I FRP     : [FactoryResetProtectionManager] Checking device type... [CONTEXT service_id=341 ]
07-30 11:41:17.268  3933  6895 I FRP     : [FactoryResetProtectionManager] Is phone [CONTEXT service_id=341 ]
07-30 11:41:17.268  3933  6895 W FRP     : [FrpUpdateIntentOperation] FRP is not supported for this device / user [CONTEXT service_id=341 ]
07-30 11:41:17.271  3933  6915 I Ads     : Accounts have changed: com.google.android.gms.auth.GOOGLE_ACCOUNT_CHANGE
07-30 11:41:17.272  3874  3896 I Auth    : [AddAccountOperation] Finished adding account. [CONTEXT service_id=153 ]
07-30 11:41:17.273  3874  3896 I Auth    : [AddAccountOperation] Add account completed successfully [CONTEXT service_id=153 ]
07-30 11:41:17.276  3933  4782 I MdiSyncModule: Received request for operation '1' from package 'com.google.android.apps.messaging', instance id 'profile-OneGoogle', version '1'...
07-30 11:41:17.284  3933  3981 I OpenFileDescriptorOpera: onFailure [CONTEXT service_id=160 ]
07-30 11:41:17.289  3933  7088 I Auth.Api.Credentials: [WebauthnCredentialDataClient#subscribe()] Operation started. [CONTEXT service_id=68 ]
07-30 11:41:17.293  6989  7003 I AddAccountOperation: Succeeded.
07-30 11:41:17.294  4377  4535 W kch     : [TikTok] SyncManagerImpl: Unable to determine attempted syncs. They will not be used to schedule the next sync.
07-30 11:41:17.294  4377  4535 W kch     : java.util.concurrent.CancellationException: Task was cancelled.
07-30 11:41:17.294  4377  4535 W kch     : 	at aven.o(PG:2)
07-30 11:41:17.294  4377  4535 W kch     : 	at aven.get(PG:2)
07-30 11:41:17.294  4377  4535 W kch     : 	at avip.j(PG:1)
07-30 11:41:17.294  4377  4535 W kch     : 	at avip.F(Unknown Source:9)
07-30 11:41:17.294  4377  4535 W kch     : 	at arnj.a(PG:2)
07-30 11:41:17.294  4377  4535 W kch     : 	at apbz.a(PG:24)
07-30 11:41:17.294  4377  4535 W kch     : 	at arqs.a(PG:9)
07-30 11:41:17.294  4377  4535 W kch     : 	at arqs.a(PG:7)
07-30 11:41:17.294  4377  4535 W kch     : 	at avhk.a(PG:2)
07-30 11:41:17.294  4377  4535 W kch     : 	at avgs.run(PG:3)
07-30 11:41:17.294  4377  4535 W kch     : 	at avhm.run(Unknown Source:4)
07-30 11:41:17.294  4377  4535 W kch     : 	at yqa.run(PG:1)
07-30 11:41:17.294  4377  4535 W kch     : 	at java.util.concurrent.ThreadPoolExecutor.runWorker(ThreadPoolExecutor.java:1145)
07-30 11:41:17.294  4377  4535 W kch     : 	at java.util.concurrent.ThreadPoolExecutor$Worker.run(ThreadPoolExecutor.java:644)
07-30 11:41:17.294  4377  4535 W kch     : 	at wnn.run(PG:12)
07-30 11:41:17.294  4377  4535 W kch     : 	at java.lang.Thread.run(Thread.java:1012)
07-30 11:41:17.294  4377  4535 W kch     : 	at yqd.run(PG:6)
07-30 11:41:17.302  4377  4536 W kch     : [TikTok] TikTokListenableWorker: TikTokListenableWorker was cancelled while running client worker: com.google.apps.tiktok.sync.impl.workmanager.SyncWorker
07-30 11:41:17.305  7048  7048 V GraphicsEnvironment: Currently set values for:
07-30 11:41:17.305  7048  7048 V GraphicsEnvironment:   angle_gl_driver_selection_pkgs=[]
07-30 11:41:17.305  7048  7048 V GraphicsEnvironment:   angle_gl_driver_selection_values=[]
07-30 11:41:17.305  7048  7048 V GraphicsEnvironment: ANGLE GameManagerService for com.google.android.apps.docs: false
07-30 11:41:17.305  7048  7048 V GraphicsEnvironment: com.google.android.apps.docs is not listed in per-application setting
07-30 11:41:17.305  7048  7048 V GraphicsEnvironment: Neither updatable production driver nor prerelease driver is supported.
07-30 11:41:17.309  3933  3933 D BoundBrokerSvc: onBind: Intent { act=com.google.android.gms.payse.service.BIND pkg=com.google.android.gms }
07-30 11:41:17.310  3933  3933 D BoundBrokerSvc: Loading bound service for intent: Intent { act=com.google.android.gms.payse.service.BIND pkg=com.google.android.gms }
07-30 11:41:17.310  3933  3933 I BndSvcConfigHelper: No bound-service is registered for action: com.google.android.gms.payse.service.BIND
07-30 11:41:17.310  3933  3933 I BoundBrokerSvc: Bound service not available for: Intent { act=com.google.android.gms.payse.service.BIND pkg=com.google.android.gms }
07-30 11:41:17.310  3933  3933 I GmsApiChimeraSvc: Handling missing api service for: com.google.android.gms.payse.service.BIND
07-30 11:41:17.315  3933  6895 I SyncIntentOperation: Handling the intent: Intent { act=com.google.android.gms.auth.GOOGLE_ACCOUNT_CHANGE cat=[com.google.android.gms.auth.category.ACCOUNT_ADDED] flg=0x10 pkg=com.google.android.gms cmp=com.google.android.gms/.chimera.GmsIntentOperationService$PersistentZeroPartyReceiver (has extras) }. [CONTEXT service_id=80 ]
07-30 11:41:17.338  3933  6896 I Backup  : [GmsBackupAccountManager] Backup account not found in gmscore.
07-30 11:41:17.338  3933  6890 I Auth    : [SupervisedAccountIntentOperationV2] onHandleIntent: com.google.android.gms.auth.ACCOUNT_SERVICES_CHANGED [CONTEXT service_id=42 ]
07-30 11:41:17.339   538   883 W JobInfo : Requested flex +57m36s0ms for job 2 is too small; raising to +1h12m0s0ms
07-30 11:41:17.342   538   552 D CompatibilityChangeReporter: Compat change id reported: 201794303; UID 10196; state: DISABLED
07-30 11:41:17.342   538   552 D CompatibilityChangeReporter: Compat change id reported: 207133734; UID 10196; state: DISABLED
07-30 11:41:17.349  3933  7097 I OpenFileDescriptorOpera: onFailure [CONTEXT service_id=160 ]
07-30 11:41:17.352  3933  4772 W gle.android.gms: Long monitor contention with owner GoogleApiHandler (3966) at com.google.android.gms.common.ConnectionResult aslm.d(asll, android.content.ServiceConnection, java.lang.String, java.util.concurrent.Executor)(:com.google.android.gms@250632029@25.06.32 (190400-724425688):87) waiters=1 in com.google.android.gms.common.ConnectionResult aslm.d(asll, android.content.ServiceConnection, java.lang.String, java.util.concurrent.Executor) for 145ms
07-30 11:41:17.353  3933  3949 I MdiSyncModule: Received request for operation '1' from package 'com.google.android.apps.wellbeing', instance id 'profile-OneGoogle', version '1'...
07-30 11:41:17.358  3933  4782 I GmsCoreXrpcWrapper: Returning a channel provider with trafficStatsTag=67130881 trafficStatsUid=-1
07-30 11:41:17.361  3933  4380 I MdiSyncModule: Receiving API connection from package 'com.google.android.gm'...
07-30 11:41:17.364  3933  4380 I MdiSyncModule: API connection successful!
07-30 11:41:17.374  3933  7088 I Auth.Api.Credentials: [WebauthnCredentialDataClient#subscribe()] Operation succeeded with result: null. [CONTEXT service_id=68 ]
07-30 11:41:17.375  3874  6914 I Authzen : [AccountChangeProcessingIntentOperation] Received onHandleIntent() call: Intent { act=com.google.android.gms.auth.GOOGLE_ACCOUNT_CHANGE cat=[com.google.android.gms.auth.category.ACCOUNT_ADDED] flg=0x10 pkg=com.google.android.gms cmp=com.google.android.gms/.chimera.GmsIntentOperationService$PersistentZeroPartyReceiver (has extras) }
07-30 11:41:17.375  3874  6914 I Authzen : [AccountChangeProcessingIntentOperation] Handling added account: <ELLIDED:-15047062>
07-30 11:41:17.376  3874  3960 I Multidevice: [FeatureSettingsApiService] onGetService called from: com.google.android.gms [CONTEXT service_id=348 ]
07-30 11:41:17.376  3874  3960 I Multidevice: [FeatureSettingsApiService] Created API Stub. [CONTEXT service_id=348 ]
07-30 11:41:17.380   538  1066 D CompatibilityChangeReporter: Compat change id reported: 161145287; UID 10153; state: DISABLED
07-30 11:41:17.388  3874  6885 W ChimeraUtils: Module com.google.android.gms.backup_base missing resource null(0)
07-30 11:41:17.389  3874  6913 V Backup  : [BackupAccountNotifier] Handling new intent. Show notification: true
07-30 11:41:17.395  7045  7045 D CompatibilityChangeReporter: Compat change id reported: 183155436; UID 10153; state: ENABLED
07-30 11:41:17.395  3933  6896 V Backup  : [AccountChangedIO] currentDestinationString: null
07-30 11:41:17.396   538   598 D CompatibilityChangeReporter: Compat change id reported: 161145287; UID 10141; state: DISABLED
07-30 11:41:17.397   538   622 D ActivityManager: freezing 1578 com.google.android.ext.services
07-30 11:41:17.399  3874  6914 I Authzen : [SyncManager] Sync requested for event 100, account <ELLIDED:-48910792>, and components 3, with reason 7
07-30 11:41:17.399  3874  6914 I Authzen : [SyncManager] Triggering AuthZen registration...
07-30 11:41:17.400  3874  6886 I Fido    : [AccountChangeIntentOperation] Received onHandleIntent() call: Intent { act=com.google.android.gms.auth.GOOGLE_ACCOUNT_CHANGE cat=[com.google.android.gms.auth.category.ACCOUNT_ADDED] flg=0x10 pkg=com.google.android.gms cmp=com.google.android.gms/.chimera.GmsIntentOperationService$PersistentZeroPartyReceiver (has extras) }
07-30 11:41:17.405  3933  6197 W ocrDataLoader: Availability check via ocr service failed: 
07-30 11:41:17.405  3933  6197 W ocrDataLoader: java.util.concurrent.TimeoutException: Timed out waiting for Task
07-30 11:41:17.405  3933  6197 W ocrDataLoader: 	at ealk.o(:com.google.android.gms@250632029@25.06.32 (190400-724425688):53)
07-30 11:41:17.405  3933  6197 W ocrDataLoader: 	at fdwd.e(:com.google.android.gms@250632029@25.06.32 (190400-724425688):34)
07-30 11:41:17.405  3933  6197 W ocrDataLoader: 	at fdwd.c(:com.google.android.gms@250632029@25.06.32 (190400-724425688):1)
07-30 11:41:17.405  3933  6197 W ocrDataLoader: 	at fdve.jL(:com.google.android.gms@250632029@25.06.32 (190400-724425688):48)
07-30 11:41:17.405  3933  6197 W ocrDataLoader: 	at hadp.v(:com.google.android.gms@250632029@25.06.32 (190400-724425688):11)
07-30 11:41:17.405  3933  6197 W ocrDataLoader: 	at hanc.run(:com.google.android.gms@250632029@25.06.32 (190400-724425688):112)
07-30 11:41:17.405  3933  6197 W ocrDataLoader: 	at atdb.c(:com.google.android.gms@250632029@25.06.32 (190400-724425688):50)
07-30 11:41:17.405  3933  6197 W ocrDataLoader: 	at atdb.run(:com.google.android.gms@250632029@25.06.32 (190400-724425688):76)
07-30 11:41:17.405  3933  6197 W ocrDataLoader: 	at java.util.concurrent.ThreadPoolExecutor.runWorker(ThreadPoolExecutor.java:1145)
07-30 11:41:17.405  3933  6197 W ocrDataLoader: 	at java.util.concurrent.ThreadPoolExecutor$Worker.run(ThreadPoolExecutor.java:644)
07-30 11:41:17.405  3933  6197 W ocrDataLoader: 	at atin.run(:com.google.android.gms@250632029@25.06.32 (190400-724425688):8)
07-30 11:41:17.405  3933  6197 W ocrDataLoader: 	at java.lang.Thread.run(Thread.java:1012)
07-30 11:41:17.405  3933  6197 V NFC     : this device does not have NFC support
07-30 11:41:17.420   538   986 D CompatibilityChangeReporter: Compat change id reported: 124107808; UID 10128; state: ENABLED
07-30 11:41:17.421  7045  7045 D CompatibilityChangeReporter: Compat change id reported: 3400644; UID 10153; state: DISABLED
07-30 11:41:17.422  3933  3933 D BoundBrokerSvc: onBind: Intent { act=com.google.android.gms.fido.fido2.regular.START dat=chimera-action:/... cmp=com.google.android.gms/.chimera.GmsBoundBrokerService }
07-30 11:41:17.422  3933  3933 D BoundBrokerSvc: Loading bound service for intent: Intent { act=com.google.android.gms.fido.fido2.regular.START dat=chimera-action:/... cmp=com.google.android.gms/.chimera.GmsBoundBrokerService }
07-30 11:41:17.428   538   538 W JobScheduler: Job didn't exist in JobStore: 5f7aff7 {SyncManager} #1000/0 @SyncManager@com.google.android.gms.fitness/com.google/Z4BWRQAXPLKCB2JSMMKRZUVKUU-03@cloudtestlabaccounts.com:android
07-30 11:41:17.430   538   538 W JobScheduler: Job didn't exist in JobStore: dc9ec0c {SyncManager} #1000/1 @SyncManager@com.google.android.location.reporting/com.google/Z4BWRQAXPLKCB2JSMMKRZUVKUU-03@cloudtestlabaccounts.com:android
07-30 11:41:17.438  3874  6905 I Auth    : [PauseModuleUpdatesIntentOperation] Skip pausing module updates because no supervised account was added to the device. [CONTEXT service_id=343 ]
07-30 11:41:17.440  3933  7092 I OpenFileDescriptorOpera: onFailure [CONTEXT service_id=160 ]
07-30 11:41:17.453  7048  7104 W droid.apps.docs: Accessing hidden field Ljava/util/Collections$SynchronizedCollection;->mutex:Ljava/lang/Object; (max-target-o, reflection, denied)
07-30 11:41:17.453  7048  7104 W droid.apps.docs: Accessing hidden method Ljava/util/Collections$SynchronizedSet;-><init>(Ljava/util/Set;Ljava/lang/Object;)V (max-target-o, reflection, denied)
07-30 11:41:17.453  7048  7104 W droid.apps.docs: Accessing hidden method Ljava/util/Collections$SynchronizedCollection;-><init>(Ljava/util/Collection;Ljava/lang/Object;)V (max-target-o, reflection, denied)
07-30 11:41:17.460  7045  7105 W ndroid.calendar: Accessing hidden field Ljava/util/Collections$SynchronizedCollection;->mutex:Ljava/lang/Object; (max-target-o, reflection, denied)
