07-30 11:41:17.460  7045  7105 W ndroid.calendar: Accessing hidden method Ljava/util/Collections$SynchronizedSet;-><init>(Ljava/util/Set;Ljava/lang/Object;)V (max-target-o, reflection, denied)
07-30 11:41:17.460  7045  7105 W ndroid.calendar: Accessing hidden method Ljava/util/Collections$SynchronizedCollection;-><init>(Ljava/util/Collection;Ljava/lang/Object;)V (max-target-o, reflection, denied)
07-30 11:41:17.465  3933  7092 I OpenFileDescriptorOpera: onFailure [CONTEXT service_id=160 ]
07-30 11:41:17.495  3933  7092 I OpenFileDescriptorOpera: onFailure [CONTEXT service_id=160 ]
07-30 11:41:17.500   538   598 D BiometricService: canAuthenticate: User=0, Caller=0, Authenticators=255
07-30 11:41:17.502  3933  4782 I MdiSyncModule: Operation '1' dispatched!
07-30 11:41:17.502  3933  3949 W gle.android.gms: Long monitor contention with owner binder:3933_E (4782) at void com.google.android.gms.common.apiservice.LifecycleSynchronizer.onBeforeDispatching()(:com.google.android.gms@250632029@25.06.32 (190400-724425688):122) waiters=0 in void com.google.android.gms.common.apiservice.LifecycleSynchronizer.onBeforeDispatching() for 122ms
07-30 11:41:17.502  3933  3949 I MdiSyncModule: Operation '1' dispatched!
07-30 11:41:17.503  3933  7092 I MdiSyncModule: Executing operation '1'...
07-30 11:41:17.520   538   598 D BiometricService/PreAuthInfo: Package: com.google.android.gms Sensor ID: 4 Modality: 8 Status: 7
07-30 11:41:17.532   538   598 D BiometricService/PreAuthInfo: Package: com.google.android.gms Sensor ID: 0 Modality: 2 Status: 7
07-30 11:41:17.532   538   598 D BiometricService/PreAuthInfo: getCanAuthenticateInternal Modality: 8 AuthenticatorStatus: 7
07-30 11:41:17.532   538   598 D AuthService: canAuthenticate, userId: 0, callingUserId: 0, authenticators: 255, result: 11
07-30 11:41:17.532   538  1845 D CompatibilityChangeReporter: Compat change id reported: 261072174; UID 10141; state: DISABLED
07-30 11:41:17.542  3933  3949 I MdiSyncModule: Received request for operation '1' from package 'com.google.android.gm', instance id 'profile-Hub', version '1'...
07-30 11:41:17.543   538  2553 D CompatibilityChangeReporter: Compat change id reported: 261072174; UID 10153; state: DISABLED
07-30 11:41:17.566  3874  6886 I Fido    : [FidoV2EnrollmentController] Execute registerFor API
07-30 11:41:17.569  3933  3949 I MdiSyncModule: Operation '1' dispatched!
07-30 11:41:17.582  1123  1499 E DatabaseUtils: Writing exception to parcel
07-30 11:41:17.582  1123  1499 E DatabaseUtils: java.lang.SecurityException: No permission to access APN settings
07-30 11:41:17.582  1123  1499 E DatabaseUtils: 	at com.android.providers.telephony.TelephonyProvider.checkPermissionForApnTable(TelephonyProvider.java:5112)
07-30 11:41:17.582  1123  1499 E DatabaseUtils: 	at com.android.providers.telephony.TelephonyProvider.checkPermission(TelephonyProvider.java:5084)
07-30 11:41:17.582  1123  1499 E DatabaseUtils: 	at com.android.providers.telephony.TelephonyProvider.checkPermissionCompat(TelephonyProvider.java:5129)
07-30 11:41:17.582  1123  1499 E DatabaseUtils: 	at com.android.providers.telephony.TelephonyProvider.query(TelephonyProvider.java:3929)
07-30 11:41:17.582  1123  1499 E DatabaseUtils: 	at android.content.ContentProvider.query(ContentProvider.java:1596)
07-30 11:41:17.582  1123  1499 E DatabaseUtils: 	at android.content.ContentProvider.query(ContentProvider.java:1692)
07-30 11:41:17.582  1123  1499 E DatabaseUtils: 	at android.content.ContentProvider$Transport.query(ContentProvider.java:292)
07-30 11:41:17.582  1123  1499 E DatabaseUtils: 	at android.content.ContentProviderNative.onTransact(ContentProviderNative.java:107)
07-30 11:41:17.582  1123  1499 E DatabaseUtils: 	at android.os.Binder.execTransactInternal(Binder.java:1339)
07-30 11:41:17.582  1123  1499 E DatabaseUtils: 	at android.os.Binder.execTransact(Binder.java:1275)
07-30 11:41:17.583  3933  7091 E RequestContextBuilder: Could not get APN after (but including) LollipopMr1: 
07-30 11:41:17.583  3933  7091 E RequestContextBuilder: java.lang.SecurityException: No permission to access APN settings
07-30 11:41:17.583  3933  7091 E RequestContextBuilder: 	at android.os.Parcel.createExceptionOrNull(Parcel.java:3057)
07-30 11:41:17.583  3933  7091 E RequestContextBuilder: 	at android.os.Parcel.createException(Parcel.java:3041)
07-30 11:41:17.583  3933  7091 E RequestContextBuilder: 	at android.os.Parcel.readException(Parcel.java:3024)
07-30 11:41:17.583  3933  7091 E RequestContextBuilder: 	at android.database.DatabaseUtils.readExceptionFromParcel(DatabaseUtils.java:190)
07-30 11:41:17.583  3933  7091 E RequestContextBuilder: 	at android.database.DatabaseUtils.readExceptionFromParcel(DatabaseUtils.java:142)
07-30 11:41:17.583  3933  7091 E RequestContextBuilder: 	at android.content.ContentProviderProxy.query(ContentProviderNative.java:495)
07-30 11:41:17.583  3933  7091 E RequestContextBuilder: 	at android.content.ContentResolver.query(ContentResolver.java:1229)
07-30 11:41:17.583  3933  7091 E RequestContextBuilder: 	at android.content.ContentResolver.query(ContentResolver.java:1161)
07-30 11:41:17.583  3933  7091 E RequestContextBuilder: 	at android.content.ContentResolver.query(ContentResolver.java:1117)
07-30 11:41:17.583  3933  7091 E RequestContextBuilder: 	at fffl.c(:com.google.android.gms@250632029@25.06.32 (190400-724425688):113)
07-30 11:41:17.583  3933  7091 E RequestContextBuilder: 	at fdwp.c(:com.google.android.gms@250632029@25.06.32 (190400-724425688):320)
07-30 11:41:17.583  3933  7091 E RequestContextBuilder: 	at fdve.jL(:com.google.android.gms@250632029@25.06.32 (190400-724425688):48)
07-30 11:41:17.583  3933  7091 E RequestContextBuilder: 	at hadp.v(:com.google.android.gms@250632029@25.06.32 (190400-724425688):11)
07-30 11:41:17.583  3933  7091 E RequestContextBuilder: 	at hanc.run(:com.google.android.gms@250632029@25.06.32 (190400-724425688):112)
07-30 11:41:17.583  3933  7091 E RequestContextBuilder: 	at atdb.c(:com.google.android.gms@250632029@25.06.32 (190400-724425688):50)
07-30 11:41:17.583  3933  7091 E RequestContextBuilder: 	at atdb.run(:com.google.android.gms@250632029@25.06.32 (190400-724425688):76)
07-30 11:41:17.583  3933  7091 E RequestContextBuilder: 	at java.util.concurrent.ThreadPoolExecutor.runWorker(ThreadPoolExecutor.java:1145)
07-30 11:41:17.583  3933  7091 E RequestContextBuilder: 	at java.util.concurrent.ThreadPoolExecutor$Worker.run(ThreadPoolExecutor.java:644)
07-30 11:41:17.583  3933  7091 E RequestContextBuilder: 	at atin.run(:com.google.android.gms@250632029@25.06.32 (190400-724425688):8)
07-30 11:41:17.583  3933  7091 E RequestContextBuilder: 	at java.lang.Thread.run(Thread.java:1012)
07-30 11:41:17.584  3933  3949 I MdiSyncModule: Received request for operation '1' from package 'com.google.android.gm', instance id 'profile-Hub', version '1'...
07-30 11:41:17.584  3933  3949 I MdiSyncModule: Operation '1' dispatched!
07-30 11:41:17.585  3933  3957 I MdiSyncModule: Received request for operation '1' from package 'com.google.android.gm', instance id 'profile-Hub', version '1'...
07-30 11:41:17.585  3933  3957 I MdiSyncModule: Operation '1' dispatched!
07-30 11:41:17.600  3874  3896 W GLSUser : [DeviceKeyStore] Cannot load key: Device key file not found.
07-30 11:41:17.608   538  1247 D CompatibilityChangeReporter: Compat change id reported: 201794303; UID 10153; state: ENABLED
07-30 11:41:17.619   538  1247 D CompatibilityChangeReporter: Compat change id reported: 207133734; UID 10153; state: DISABLED
07-30 11:41:17.620  3933  3933 D BoundBrokerSvc: onBind: Intent { act=com.google.android.gms.ocr.service.START dat=chimera-action:/... cmp=com.google.android.gms/.chimera.GmsApiService }
07-30 11:41:17.620  3933  3933 D BoundBrokerSvc: Loading bound service for intent: Intent { act=com.google.android.gms.ocr.service.START dat=chimera-action:/... cmp=com.google.android.gms/.chimera.GmsApiService }
07-30 11:41:17.663  3874  3874 D WearableService: Creating wearable service asynchronously.
07-30 11:41:17.670  3933  3933 D BoundBrokerSvc: onBind: Intent { act=com.google.android.gms.credential.manager.service.zeroparty.checkup.START dat=chimera-action:/... cmp=com.google.android.gms/.chimera.GmsApiService }
07-30 11:41:17.670  3933  3933 D BoundBrokerSvc: Loading bound service for intent: Intent { act=com.google.android.gms.credential.manager.service.zeroparty.checkup.START dat=chimera-action:/... cmp=com.google.android.gms/.chimera.GmsApiService }
07-30 11:41:17.684  7048  7048 W Primes  : Primes not initialized, returning default (no-op) Primes instance which will ignore all calls. Please call Primes.initialize(...) before using any Primes API.
07-30 11:41:17.684  7048  7048 W Primes  : qci: FULL
07-30 11:41:17.684  7048  7048 W Primes  : 	at nkq.a(PG:1)
07-30 11:41:17.684  7048  7048 W Primes  : 	at gkz.cU(PG:14)
07-30 11:41:17.684  7048  7048 W Primes  : 	at rwm.cU(PG:1)
07-30 11:41:17.684  7048  7048 W Primes  : 	at eqf.cU(PG:17)
07-30 11:41:17.684  7048  7048 W Primes  : 	at rwm.cU(PG:1)
07-30 11:41:17.684  7048  7048 W Primes  : 	at gdq.cU(PG:67)
07-30 11:41:17.684  7048  7048 W Primes  : 	at rwm.cU(PG:1)
07-30 11:41:17.684  7048  7048 W Primes  : 	at igo.provideInitializers(PG:9)
07-30 11:41:17.684  7048  7048 W Primes  : 	at com.google.android.apps.docs.drive.inject.corecomponentfactory.CoreComponentFactoryImpl.getSingletonComponent(PG:4)
07-30 11:41:17.684  7048  7048 W Primes  : 	at emc.onCreate(PG:10)
07-30 11:41:17.684  7048  7048 W Primes  : 	at com.google.android.apps.docs.drive.DriveApplication.onCreate(PG:45)
07-30 11:41:17.684  7048  7048 W Primes  : 	at android.app.Instrumentation.callApplicationOnCreate(Instrumentation.java:1316)
07-30 11:41:17.684  7048  7048 W Primes  : 	at android.app.ActivityThread.handleBindApplication(ActivityThread.java:6998)
07-30 11:41:17.684  7048  7048 W Primes  : 	at android.app.ActivityThread.-$$Nest$mhandleBindApplication(Unknown Source:0)
07-30 11:41:17.684  7048  7048 W Primes  : 	at android.app.ActivityThread$H.handleMessage(ActivityThread.java:2236)
07-30 11:41:17.684  7048  7048 W Primes  : 	at android.os.Handler.dispatchMessage(Handler.java:106)
07-30 11:41:17.684  7048  7048 W Primes  : 	at android.os.Looper.loopOnce(Looper.java:205)
07-30 11:41:17.684  7048  7048 W Primes  : 	at android.os.Looper.loop(Looper.java:294)
07-30 11:41:17.684  7048  7048 W Primes  : 	at android.app.ActivityThread.main(ActivityThread.java:8177)
07-30 11:41:17.684  7048  7048 W Primes  : 	at java.lang.reflect.Method.invoke(Native Method)
07-30 11:41:17.684  7048  7048 W Primes  : 	at com.android.internal.os.RuntimeInit$MethodAndArgsCaller.run(RuntimeInit.java:552)
07-30 11:41:17.684  7048  7048 W Primes  : 	at com.android.internal.os.ZygoteInit.main(ZygoteInit.java:971)
07-30 11:41:17.690  3874  7113 I Multidevice: [FeatureSettingsApiService] getXdFeatureStatus( 0 ): 0 [CONTEXT service_id=348 ]
07-30 11:41:17.691  3874  6905 I Multidevice: [AccountChangeIntentOperation] Intent received not actionable: Intent { act=com.google.android.gms.auth.GOOGLE_ACCOUNT_CHANGE cat=[com.google.android.gms.auth.category.ACCOUNT_ADDED] flg=0x10 pkg=com.google.android.gms cmp=com.google.android.gms/.chimera.GmsIntentOperationService$PersistentZeroPartyReceiver (has extras) } [CONTEXT service_id=348 ]
07-30 11:41:17.696  3933  3933 D BoundBrokerSvc: onBind: Intent { act=com.google.android.gms.chromesync.service.zeroparty.START dat=chimera-action:/... cmp=com.google.android.gms/.chimera.GmsApiService }
07-30 11:41:17.696  3933  3933 D BoundBrokerSvc: Loading bound service for intent: Intent { act=com.google.android.gms.chromesync.service.zeroparty.START dat=chimera-action:/... cmp=com.google.android.gms/.chimera.GmsApiService }
07-30 11:41:17.696  3933  3966 I GmsApiChimeraSvc: Using MissingApiServiceBroker for com.google.android.gms.payse.service.BIND due to missing BoundService implementation
07-30 11:41:17.707  7048  7115 D CompatibilityChangeReporter: Compat change id reported: 183155436; UID 10141; state: ENABLED
07-30 11:41:17.713  3933  4782 I MdiSyncModule: Receiving API connection from package 'com.google.android.gms'...
07-30 11:41:17.713  3933  4782 I MdiSyncModule: API connection successful!
07-30 11:41:17.719  3933  7097 I CryptauthV2: [HaveKeyWithKeyNameOperation] Have key with key name operation is called.
07-30 11:41:17.734  7048  7120 W NativeCrashHandlerImpl: unable to load native_crash_handler_jni
07-30 11:41:17.734  7048  7120 W NativeCrashHandlerImpl: java.lang.UnsatisfiedLinkError: dlopen failed: library "libnative_crash_handler_jni.so" not found
07-30 11:41:17.734  7048  7120 W NativeCrashHandlerImpl: 	at java.lang.Runtime.loadLibrary0(Runtime.java:1082)
07-30 11:41:17.734  7048  7120 W NativeCrashHandlerImpl: 	at java.lang.Runtime.loadLibrary0(Runtime.java:1003)
07-30 11:41:17.734  7048  7120 W NativeCrashHandlerImpl: 	at java.lang.System.loadLibrary(System.java:1661)
07-30 11:41:17.734  7048  7120 W NativeCrashHandlerImpl: 	at com.google.android.libraries.performance.primes.metrics.crash.NativeCrashHandlerImpl.b(PG:2)
07-30 11:41:17.734  7048  7120 W NativeCrashHandlerImpl: 	at nnf.run(Unknown Source:4)
07-30 11:41:17.734  7048  7120 W NativeCrashHandlerImpl: 	at java.lang.Thread.run(Thread.java:1012)
07-30 11:41:17.746   538   552 I RemoteProvisionSysSvc: getRegistration(android.hardware.security.keymint.IRemotelyProvisionedComponent/default)
07-30 11:41:17.750  2129  2129 I logd    : start watching /data/system/packages.list ...
07-30 11:41:17.750  2129  2129 I logd    : ReadPackageList, total packages: 209
07-30 11:41:17.755   538  2167 D SafetySourceDataValidator: Package com.google.android.gms has expected signature
07-30 11:41:17.755   538  2167 D SafetySourceDataValidator: Package com.google.android.gms has expected signature
07-30 11:41:17.757  3933  6894 E ActivityThread: Failed to find provider info for com.google.android.setupwizard.partner
07-30 11:41:17.757  3933  6894 W System.err: java.lang.IllegalArgumentException: Unknown authority com.google.android.setupwizard.partner
07-30 11:41:17.757  3933  6894 W System.err: 	at android.content.ContentResolver.call(ContentResolver.java:2463)
07-30 11:41:17.765  3933  6894 W System.err: 	at android.content.ContentResolver.call(ContentResolver.java:2446)
07-30 11:41:17.765  3933  6894 W System.err: 	at ffeh.a(:com.google.android.gms@250632029@25.06.32 (190400-724425688):29)
07-30 11:41:17.765  3933  6894 W System.err: 	at com.google.android.gms.wallet.intentoperation.setupwizard.PaymentsSetupWizardAccountChangeIntentOperation.onHandleIntent(:com.google.android.gms@250632029@25.06.32 (190400-724425688):288)
07-30 11:41:17.765  3933  6894 W System.err: 	at com.google.android.chimera.IntentOperation.onHandleIntent(:com.google.android.gms@250632029@25.06.32 (190400-724425688):2)
07-30 11:41:17.766  3933  6894 W System.err: 	at aopz.onHandleIntent(:com.google.android.gms@250632029@25.06.32 (190400-724425688):8)
07-30 11:41:17.766  3933  6894 W System.err: 	at seq.run(:com.google.android.gms@250632029@25.06.32 (190400-724425688):70)
07-30 11:41:17.766  3933  6894 W System.err: 	at sep.run(:com.google.android.gms@250632029@25.06.32 (190400-724425688):152)
07-30 11:41:17.766  3933  6894 W System.err: 	at fgbt.run(:com.google.android.gms@250632029@25.06.32 (190400-724425688):21)
07-30 11:41:17.766  3933  6894 W System.err: 	at java.util.concurrent.ThreadPoolExecutor.runWorker(ThreadPoolExecutor.java:1145)
07-30 11:41:17.766  3933  6894 W System.err: 	at java.util.concurrent.ThreadPoolExecutor$Worker.run(ThreadPoolExecutor.java:644)
07-30 11:41:17.769  3933  6894 W System.err: 	at java.lang.Thread.run(Thread.java:1012)
07-30 11:41:17.787  4190  6630 D TrafficStats: tagSocket(109) with statsTag=0x1809, statsUid=-1
07-30 11:41:17.787  3933  7097 I CryptauthV2: [HaveKeyWithKeyNameOperation] Have key with key name operation is called.
07-30 11:41:17.790   538   552 D ActivityManager: sync unfroze 3328 com.google.android.rkpdapp for 6
07-30 11:41:17.806   464  6855 D BufferPoolAccessor2.0: bufferpool2 0xb4000078a9177e78 : 0(0 size) total buffers - 0(0 size) used buffers - 93/101 (recycle/alloc) - 8/198 (fetch/transfer)
07-30 11:41:17.806   464  6855 D BufferPoolAccessor2.0: evictor expired: 1, evicted: 1
07-30 11:41:17.806   469   893 D BufferPoolAccessor2.0: bufferpool2 0xb4000076cbeae568 : 0(0 size) total buffers - 0(0 size) used buffers - 93/97 (recycle/alloc) - 4/96 (fetch/transfer)
07-30 11:41:17.807   469   893 D BufferPoolAccessor2.0: evictor expired: 1, evicted: 1
07-30 11:41:17.807   538  2156 D CompatibilityChangeReporter: Compat change id reported: 201794303; UID 10141; state: ENABLED
07-30 11:41:17.807   538  2156 D CompatibilityChangeReporter: Compat change id reported: 207133734; UID 10141; state: DISABLED
07-30 11:41:17.837  3874  6913 I MagicTether: [LaunchUtils] Instant Wifi for status account: name: Z4BWRQAXPLKCB2JSMMKRZUVKUU-03@cloudtestlabaccounts.com | type: com.google | isLaunched: false [CONTEXT service_id=276 ]
07-30 11:41:17.837  3874  7033 I etxc$a  : Shared storage file not found for com.google.android.gms.gaia_experiments#com.google.android.gms
07-30 11:41:17.837  3874  7033 I etxc$a  : Unable to retrieve flag snapshot for com.google.android.gms.gaia_experiments#com.google.android.gms, using defaults.
07-30 11:41:17.843   538  2166 D PackageManager: Instant App installer not found with android.intent.action.INSTALL_INSTANT_APP_PACKAGE
07-30 11:41:17.843   538  2166 D PackageManager: Clear ephemeral installer activity
07-30 11:41:17.856  3933  7097 I CryptauthV2: [EnrollKeyName] ClientName calling Cryptauth is ForceRegistration
07-30 11:41:17.875  6989  7003 I AccountHelper: Set isSyncable to false for account: z4bwrqaxplkcb2jsmmkrzuvkuu-03, authorities: [com.google.android.gms.people, com.google.android.calendar.tasks, com.google.android.gms.subscribedfeeds, com.android.contacts, com.google.android.apps.docs, com.google.android.gms.reminders, com.google.android.gms.fitness, com.google.android.gms.chromesync, com.google.android.gms.games.background, subscribedfeeds, com.google.android.calendar, com.google.android.gms.games, com.google.android.location.reporting, com.android.calendar, gmail-ls]
07-30 11:41:17.880  3933  7097 W CryptauthV2: [ClientDataOperation] No featureMetadata found.
07-30 11:41:17.884  3874  3973 I Wear_Controller: Wearable module requires a companion app to be installed.
07-30 11:41:17.890  6989  7003 I AccountHelper: Set auto sync to false for account: z4bwrqaxplkcb2jsmmkrzuvkuu-03, authorities: [com.google.android.gms.people, com.google.android.calendar.tasks, com.google.android.gms.subscribedfeeds, com.android.contacts, com.google.android.apps.docs, com.google.android.gms.reminders, com.google.android.gms.fitness, com.google.android.gms.chromesync, com.google.android.gms.games.background, subscribedfeeds, com.google.android.calendar, com.google.android.gms.games, com.google.android.location.reporting, com.android.calendar, gmail-ls]
07-30 11:41:17.890  6989  7003 I AccountService: Execution time for add account with authorization code, options: Bundle[{}] is 1925 ms.
07-30 11:41:17.890  6989  7003 I AccountService: Successfully added account with supplied credentials.
07-30 11:41:17.892  3874  3973 I WearableService: onCreate: Wearable Services not starting. Wear is not available on this device.
07-30 11:41:17.906   538   538 I RegistrationProxy: onServiceConnected: com.android.rkpdapp.service.RemoteProvisioningService
07-30 11:41:17.907  3933  3933 D BoundBrokerSvc: onBind: Intent { act=com.google.android.gms.chimera.container.moduleinstall.ModuleInstallService.START dat=chimera-action:/... cmp=com.google.android.gms/.chimera.GmsApiService }
07-30 11:41:17.907  3933  3933 D BoundBrokerSvc: Loading bound service for intent: Intent { act=com.google.android.gms.chimera.container.moduleinstall.ModuleInstallService.START dat=chimera-action:/... cmp=com.google.android.gms/.chimera.GmsApiService }
07-30 11:41:17.910  4377  4527 I org.webrtc.Logging: EffectsMiniBenchmarkWorkerFactory: Received worker class com.google.android.libraries.hub.workmanager.HubListenableWorker
07-30 11:41:17.924   156   156 I servicemanager: Found android.hardware.security.keymint.IRemotelyProvisionedComponent/default in device VINTF manifest.
07-30 11:41:17.931   538   588 I AppsFilter: interaction: PackageSetting{8af632e com.google.testing.helium.utp.android.companion.backdrop/10201} -> PackageSetting{9cb512f com.google.android.gm/10146} BLOCKED
07-30 11:41:17.931   538   588 I AppsFilter: interaction: PackageSetting{7a8133c com.google.testing.helium.utp.android.companion.instrumentations.runtimestats/10202} -> PackageSetting{9cb512f com.google.android.gm/10146} BLOCKED
07-30 11:41:17.931   538   588 I AppsFilter: interaction: PackageSetting{352843a com.google.testing.helium.utp.android.companion.instrumentations.locale/10200} -> PackageSetting{9cb512f com.google.android.gm/10146} BLOCKED
07-30 11:41:17.931   538   588 I AppsFilter: interaction: PackageSetting{8af632e com.google.testing.helium.utp.android.companion.backdrop/10201} -> PackageSetting{4d4a8c5 com.google.android.apps.docs/10141} BLOCKED
07-30 11:41:17.931   538   588 I AppsFilter: interaction: PackageSetting{7a8133c com.google.testing.helium.utp.android.companion.instrumentations.runtimestats/10202} -> PackageSetting{4d4a8c5 com.google.android.apps.docs/10141} BLOCKED
07-30 11:41:17.931   538   588 I AppsFilter: interaction: PackageSetting{352843a com.google.testing.helium.utp.android.companion.instrumentations.locale/10200} -> PackageSetting{4d4a8c5 com.google.android.apps.docs/10141} BLOCKED
07-30 11:41:17.934  3874  3931 D WearableService: onGetService: waiting for onCreate to be completed.
07-30 11:41:17.937  7048  7123 W CacheStorage: cache doesn't exist
07-30 11:41:17.942   538  2166 I RegistrationProxy: IGetRegistrationCallback.onSuccess
07-30 11:41:17.955  3933  7088 V NFC     : this device does not have NFC support
07-30 11:41:17.961  7048  7101 E DocsApplication: from onCreate Completable for sending summary about blocked SyncRequests
07-30 11:41:17.961  7048  7101 E DocsApplication: java.lang.IllegalStateException
07-30 11:41:17.961  7048  7101 E DocsApplication: 	at eye.h(PG:7)
07-30 11:41:17.961  7048  7101 E DocsApplication: 	at emc.lambda$onCreate$4$com-google-android-apps-docs-DocsApplication(PG:36)
07-30 11:41:17.961  7048  7101 E DocsApplication: 	at dyd.run(PG:1)
07-30 11:41:17.961  7048  7101 E DocsApplication: 	at tbt.d(PG:3)
07-30 11:41:17.961  7048  7101 E DocsApplication: 	at szc.e(PG:1)
07-30 11:41:17.961  7048  7101 E DocsApplication: 	at tcc$a.run(PG:1)
07-30 11:41:17.961  7048  7101 E DocsApplication: 	at szn$a.run(PG:2)
07-30 11:41:17.961  7048  7101 E DocsApplication: 	at tgf.run(PG:2)
07-30 11:41:17.961  7048  7101 E DocsApplication: 	at tgf.call(PG:1)
07-30 11:41:17.961  7048  7101 E DocsApplication: 	at java.util.concurrent.FutureTask.run(FutureTask.java:264)
07-30 11:41:17.961  7048  7101 E DocsApplication: 	at java.util.concurrent.ScheduledThreadPoolExecutor$ScheduledFutureTask.run(ScheduledThreadPoolExecutor.java:307)
07-30 11:41:17.961  7048  7101 E DocsApplication: 	at java.util.concurrent.ThreadPoolExecutor.runWorker(ThreadPoolExecutor.java:1145)
07-30 11:41:17.961  7048  7101 E DocsApplication: 	at java.util.concurrent.ThreadPoolExecutor$Worker.run(ThreadPoolExecutor.java:644)
07-30 11:41:17.961  7048  7101 E DocsApplication: 	at java.lang.Thread.run(Thread.java:1012)
07-30 11:41:18.005  7006  7021 I AbstractFileContentProvider: file '/storage/emulated/0/googletest/test_exportproperties/properties.dat': not found
07-30 11:41:18.009  7006  7021 I AbstractFileContentProvider: /storage/emulated/0/googletest/test_exportproperties/properties.dat: does not exist. Mapped from uri: 'content://androidx.test.services.storage.properties/properties.dat'
07-30 11:41:18.011   538  2170 D ActivityManager: sync unfroze 1975 com.android.providers.calendar for 7
07-30 11:41:18.036  6786  6820 D EGL_emulation: app_time_stats: avg=1002.96ms min=997.64ms max=1008.28ms count=2
07-30 11:41:18.036  6989  7003 I TestStorage: content://androidx.test.services.storage.properties/properties.dat: does not exist, we must be the first call.
07-30 11:41:18.049   538  1066 D ConnectivityService: requestNetwork for uid/pid:10153/7045 activeRequest: null callbackRequest: 146 [NetworkRequest [ REQUEST id=147, [ Capabilities: INTERNET&NOT_RESTRICTED&TRUSTED&NOT_VCN_MANAGED Uid: 10153 RequestorUid: 10153 RequestorPkg: com.google.android.calendar UnderlyingNetworks: Null] ]] callback flags: 0 order: 2147483647
07-30 11:41:18.072  1682  2032 E MediaProvider: Creating or writing to a non-default top level directory is not allowed!
07-30 11:41:18.080  3933  6195 W ocrDataLoader: Availability check via ocr service failed: 
07-30 11:41:18.080  3933  6195 W ocrDataLoader: java.util.concurrent.TimeoutException: Timed out waiting for Task
07-30 11:41:18.080  3933  6195 W ocrDataLoader: 	at ealk.o(:com.google.android.gms@250632029@25.06.32 (190400-724425688):53)
07-30 11:41:18.080  3933  6195 W ocrDataLoader: 	at fdwd.e(:com.google.android.gms@250632029@25.06.32 (190400-724425688):34)
07-30 11:41:18.080  3933  6195 W ocrDataLoader: 	at fdwd.c(:com.google.android.gms@250632029@25.06.32 (190400-724425688):1)
07-30 11:41:18.080  3933  6195 W ocrDataLoader: 	at fdve.jL(:com.google.android.gms@250632029@25.06.32 (190400-724425688):48)
07-30 11:41:18.080  3933  6195 W ocrDataLoader: 	at hadp.v(:com.google.android.gms@250632029@25.06.32 (190400-724425688):11)
07-30 11:41:18.080  3933  6195 W ocrDataLoader: 	at hanc.run(:com.google.android.gms@250632029@25.06.32 (190400-724425688):112)
07-30 11:41:18.080  3933  6195 W ocrDataLoader: 	at atdb.c(:com.google.android.gms@250632029@25.06.32 (190400-724425688):50)
07-30 11:41:18.080  3933  6195 W ocrDataLoader: 	at atdb.run(:com.google.android.gms@250632029@25.06.32 (190400-724425688):76)
07-30 11:41:18.080  3933  6195 W ocrDataLoader: 	at java.util.concurrent.ThreadPoolExecutor.runWorker(ThreadPoolExecutor.java:1145)
07-30 11:41:18.080  3933  6195 W ocrDataLoader: 	at java.util.concurrent.ThreadPoolExecutor$Worker.run(ThreadPoolExecutor.java:644)
07-30 11:41:18.080  3933  6195 W ocrDataLoader: 	at atin.run(:com.google.android.gms@250632029@25.06.32 (190400-724425688):8)
07-30 11:41:18.080  3933  6195 W ocrDataLoader: 	at java.lang.Thread.run(Thread.java:1012)
07-30 11:41:18.084  1682  6112 E MediaProvider: Creating or writing to a non-default top level directory is not allowed!
07-30 11:41:18.098   538   823 D ConnectivityService: NetReassign [147 : null  102] [c 0] [a 0] [i 2]
07-30 11:41:18.098   538   816 D WifiNetworkFactory: got request NetworkRequest [ REQUEST id=147, [ Capabilities: INTERNET&NOT_RESTRICTED&TRUSTED&NOT_VCN_MANAGED Uid: 10153 RequestorUid: 10153 RequestorPkg: com.google.android.calendar UnderlyingNetworks: Null] ]
07-30 11:41:18.098   538   816 D UntrustedWifiNetworkFactory: got request NetworkRequest [ REQUEST id=147, [ Capabilities: INTERNET&NOT_RESTRICTED&TRUSTED&NOT_VCN_MANAGED Uid: 10153 RequestorUid: 10153 RequestorPkg: com.google.android.calendar UnderlyingNetworks: Null] ]
07-30 11:41:18.098   538   816 D OemPaidWifiNetworkFactory: got request NetworkRequest [ REQUEST id=147, [ Capabilities: INTERNET&NOT_RESTRICTED&TRUSTED&NOT_VCN_MANAGED Uid: 10153 RequestorUid: 10153 RequestorPkg: com.google.android.calendar UnderlyingNetworks: Null] ]
07-30 11:41:18.098  3874  3896 W GmsUrlRequestImpl: Content-Type header is overwritten.
07-30 11:41:18.098   538   816 D MultiInternetWifiNetworkFactory: got request NetworkRequest [ REQUEST id=147, [ Capabilities: INTERNET&NOT_RESTRICTED&TRUSTED&NOT_VCN_MANAGED Uid: 10153 RequestorUid: 10153 RequestorPkg: com.google.android.calendar UnderlyingNetworks: Null] ]
07-30 11:41:18.105   352  7160 I resolv  : GetAddrInfoHandler::run: {102 102 102 983142 10154 0}
07-30 11:41:18.105   352  7161 I resolv  : res_nmkquery: (QUERY, IN, AAAA)
07-30 11:41:18.107   352  7161 I resolv  : res_nsend: used send_dg 166 terrno: 0
07-30 11:41:18.107   352  7161 I resolv  : doQuery: rcode=0, ancount=4, return value=166
07-30 11:41:18.107   538  1960 D CompatibilityChangeReporter: Compat change id reported: 143231523; UID 10153; state: DISABLED
07-30 11:41:18.108   352  7162 I resolv  : res_nmkquery: (QUERY, IN, A)
07-30 11:41:18.117   538   883 E SyncManager: Couldn't find backoff values for Account {name=xxxxxxxxxxxxxxxxxxxxxxxxxx-xx@xxxxxxxxxxxxxxxxxxxx.xxx, type=com.google}/gmail-ls:u0
07-30 11:41:18.118  3874  3931 W WearableService: onGetService: Wear is not available on this device.
07-30 11:41:18.122   352  7162 I resolv  : res_nsend: used send_dg 310 terrno: 0
07-30 11:41:18.122   352  7162 I resolv  : doQuery: rcode=0, ancount=16, return value=310
07-30 11:41:18.122   538   538 D FlashNotifController: requestStartFlashNotification
07-30 11:41:18.122   538   538 I FlashNotifController: startFlashNotification: type=1, tag=android
07-30 11:41:18.122   538   538 D FlashNotifController: Flash notification is disabled
07-30 11:41:18.126   538   538 W NotificationHistory: Attempted to add notif for locked/gone/disabled user 0
07-30 11:41:18.129  2346  7150 D TrafficStats: tagSocket(65) with statsTag=0x8001, statsUid=-1
07-30 11:41:18.139  6989  7003 W SpongeStatsHelper: Cannot add sponge stats using AndroidTestUtil.Note that this behavior might be expected.
07-30 11:41:18.139  6989  7003 W SpongeStatsHelper: androidx.test.services.storage.TestStorageException: Unable to create file
07-30 11:41:18.139  6989  7003 W SpongeStatsHelper: 	at ap.a(PG:294)
07-30 11:41:18.139  6989  7003 W SpongeStatsHelper: 	at cn.j(PG:1299)
07-30 11:41:18.139  6989  7003 W SpongeStatsHelper: 	at cn.h(PG:2)
07-30 11:41:18.139  6989  7003 W SpongeStatsHelper: 	at cn.a(PG:152)
07-30 11:41:18.139  6989  7003 W SpongeStatsHelper: 	at i.onTransact(PG:21)
07-30 11:41:18.139  6989  7003 W SpongeStatsHelper: 	at android.os.Binder.execTransactInternal(Binder.java:1339)
07-30 11:41:18.139  6989  7003 W SpongeStatsHelper: 	at android.os.Binder.execTransact(Binder.java:1275)
07-30 11:41:18.139  6989  7003 W SpongeStatsHelper: Caused by: java.io.FileNotFoundException: Could not access file: content://androidx.test.services.storage.properties/properties.dat Exception: No parent directory for 'content://androidx.test.services.storage.properties/properties.dat'
07-30 11:41:18.139  6989  7003 W SpongeStatsHelper: 	at android.database.DatabaseUtils.readExceptionWithFileNotFoundExceptionFromParcel(DatabaseUtils.java:151)
07-30 11:41:18.139  6989  7003 W SpongeStatsHelper: 	at android.content.ContentProviderProxy.openFile(ContentProviderNative.java:710)
07-30 11:41:18.139  6989  7003 W SpongeStatsHelper: 	at android.content.ContentProviderClient.openFile(ContentProviderClient.java:461)
07-30 11:41:18.139  6989  7003 W SpongeStatsHelper: 	at android.content.ContentProviderClient.openFile(ContentProviderClient.java:437)
07-30 11:41:18.139  6989  7003 W SpongeStatsHelper: 	at ap.a(PG:204)
07-30 11:41:18.139  6989  7003 W SpongeStatsHelper: 	... 6 more
07-30 11:41:18.139  3874  4410 D TrafficStats: tagSocket(270) with statsTag=0x4000407, statsUid=-1
07-30 11:41:18.191   986   986 I binder  : 538:986 ioctl 400c620e 7a3acec648 returned -11
07-30 11:41:18.191   986   986 I binder  : 538:986 ioctl 400c620e 7a3acec648 returned -11
07-30 11:41:18.149   538   613 I RemoteProvisionSysSvc: Fetching key 10128 for client 244749295
07-30 11:41:18.149   538   613 I RegistrationProxy: getKeyAsync operation started with callback 17432316
07-30 11:41:18.154  1704  1988 W AiAiEcho: LyftNotificationParser Ridesharing ETA not enabled
07-30 11:41:18.154  1704  1988 W AiAiEcho: SmartspaceNotificationPredictor no parser can handle this notification or notification is invalid
07-30 11:41:18.172   538   986 D AccountManagerService: no credentials permission for usage of Account {name=xxxxxxxxxxxxxxxxxxxxxxxxxx-xx@xxxxxxxxxxxxxxxxxxxx.xxx, type=com.google}, null by uid 10195 but ignoring since device is in test harness.
07-30 11:41:18.173  6967  6984 I LoginUtil: Successfully added Account {name=Z4BWRQAXPLKCB2JSMMKRZUVKUU-03@cloudtestlabaccounts.com, type=com.google}, attempt 1
07-30 11:41:18.173  6967  6984 D LoginUtil: Instrumentation completed successfully
07-30 11:41:18.174   538   986 I ActivityManager: Force stopping com.google.android.apps.mtaas.loginutil appid=10195 user=0: finished inst
07-30 11:41:18.189   538   986 E ActivityManager: Unable to freeze binder for 6967: -11
07-30 11:41:18.196  6953  6953 I app_process: System.exit called, status: 0
07-30 11:41:18.196  6953  6953 I AndroidRuntime: VM exiting with result code 0.
07-30 11:41:18.209  3328  4420 I RkpdRegistrationBinder: Key requested for : android.hardware.security.keymint.IRemotelyProvisionedComponent/default, clientUid: 1017, keyId: 10128, callback: 76299831
07-30 11:41:18.209   538   556 D DisplayManagerService: Drop pending events for gone uid 10195
07-30 11:41:18.210  3328  4420 I RkpdRegistrationBinder: Key successfully assigned to client
07-30 11:41:18.224   538   986 I ActivityManager: Killing 6967:com.google.android.apps.mtaas.loginutil/u0a195 (adj 0): stop com.google.android.apps.mtaas.loginutil due to finished inst
07-30 11:41:18.246   173  6542 W keystore2: system/security/keystore2/src/watchdog.rs:114 - ### Keystore Watchdog report - BEGIN ###
07-30 11:41:18.246   173  6542 W keystore2: system/security/keystore2/src/watchdog.rs:123 - When extracting from a bug report, please include this header
07-30 11:41:18.246   173  6542 W keystore2: system/security/keystore2/src/watchdog.rs:124 - and all 1 records below.
07-30 11:41:18.246   173  6542 W keystore2: system/security/keystore2/src/watchdog.rs:164 - ThreadId(1) Calling get_rkpd_attestation_key() Pending: 502.908125ms Overdue 2.908583ms
07-30 11:41:18.246   173  6542 W keystore2: system/security/keystore2/src/watchdog.rs:175 - ### Keystore Watchdog report - END ###
07-30 11:41:18.258  3874  7113 W .gms.persistent: Long monitor contention with owner GoogleApiHandler (3960) at com.google.android.gms.common.ConnectionResult aslm.d(asll, android.content.ServiceConnection, java.lang.String, java.util.concurrent.Executor)(:com.google.android.gms@250632029@25.06.32 (190400-724425688):87) waiters=0 in com.google.android.gms.common.ConnectionResult aslm.d(asll, android.content.ServiceConnection, java.lang.String, java.util.concurrent.Executor) for 301ms
07-30 11:41:18.264  3933  4782 I MdiSyncModule: Received request for operation '1' from package 'com.google.android.gms', instance id 'profile-OneGoogle', version '1'...
07-30 11:41:18.265  3933  4782 I MdiSyncModule: Operation '1' dispatched!
07-30 11:41:18.270   538   538 I RemoteProvisionSysSvc: Successfully fetched key for client 244749295
07-30 11:41:18.306   353   353 I Zygote  : Process 6967 exited due to signal 9 (Killed)
07-30 11:41:18.306    34    34 I binder  : release 6967:6984 transaction 491605 out, still active
07-30 11:41:18.306    34    34 I binder  : undelivered TRANSACTION_COMPLETE
07-30 11:41:18.306   986   986 I binder  : 986:538 reply target not found
07-30 11:41:18.306   986   986 I binder  : 538:986 transaction reply to 0:0 failed 491738/29189/0, size 4-0 line 3140
07-30 11:41:18.306   986   986 I binder  : send failed reply for transaction 491605, target dead
07-30 11:41:18.332  3874  3874 D BoundBrokerSvc: onBind: Intent { act=com.google.android.gms.auth.account.data.service.START dat=chimera-action:/... cmp=com.google.android.gms/.chimera.PersistentBoundBrokerService }
07-30 11:41:18.332  3874  3874 D BoundBrokerSvc: Loading bound service for intent: Intent { act=com.google.android.gms.auth.account.data.service.START dat=chimera-action:/... cmp=com.google.android.gms/.chimera.PersistentBoundBrokerService }
07-30 11:41:18.336   538  2167 V ActivityManager: Got obituary of 6967:com.google.android.apps.mtaas.loginutil
07-30 11:41:18.355   538  2167 D PackageManager: Instant App installer not found with android.intent.action.INSTALL_INSTANT_APP_PACKAGE
07-30 11:41:18.356   538  2167 D PackageManager: Clear ephemeral installer activity
07-30 11:41:18.357   538  2167 I ActivityManager: Flag disabled. Ignoring finishAttachApplication from uid: 10141. pid: 7048
07-30 11:41:18.430  3874  4410 D TrafficStats: tagSocket(261) with statsTag=0x401, statsUid=10128
07-30 11:41:18.444  3874  6816 E GCoreUlr: Create new device tag of -1664328079 without device reboot
07-30 11:41:18.449   538  2156 D CompatibilityChangeReporter: Compat change id reported: 201794303; UID 10128; state: ENABLED
07-30 11:41:18.450   538  2156 D CompatibilityChangeReporter: Compat change id reported: 207133734; UID 10128; state: ENABLED
07-30 11:41:18.458  3874  3874 D BoundBrokerSvc: onBind: Intent { act=com.google.android.gms.trustagent.StateApi.START dat=chimera-action:/... cmp=com.google.android.gms/.chimera.PersistentApiService }
07-30 11:41:18.458  3874  3874 D BoundBrokerSvc: Loading bound service for intent: Intent { act=com.google.android.gms.trustagent.StateApi.START dat=chimera-action:/... cmp=com.google.android.gms/.chimera.PersistentApiService }
07-30 11:41:18.502   538   883 D ConnectivityService: requestNetwork for uid/pid:1000/538 asUid: 10146 activeRequest: null callbackRequest: 148 [NetworkRequest [ REQUEST id=149, [ Capabilities: INTERNET&NOT_RESTRICTED&TRUSTED&NOT_VCN_MANAGED Uid: 10146 RequestorUid: 1000 RequestorPkg: android UnderlyingNetworks: Null] ]] callback flags: 0 order: 2147483647
07-30 11:41:18.503   538   883 E SyncManager: Couldn't find backoff values for Account {name=xxxxxxxxxxxxxxxxxxxxxxxxxx-xx@xxxxxxxxxxxxxxxxxxxx.xxx, type=com.google}/com.google.android.gms.reminders:u0
07-30 11:41:18.509   538   823 D ConnectivityService: NetReassign [149 : null  102] [c 0] [a 5] [i 1]
07-30 11:41:18.509   538   816 D WifiNetworkFactory: got request NetworkRequest [ REQUEST id=149, [ Capabilities: INTERNET&NOT_RESTRICTED&TRUSTED&NOT_VCN_MANAGED Uid: 10146 RequestorUid: 1000 RequestorPkg: android UnderlyingNetworks: Null] ]
07-30 11:41:18.509   538   816 D UntrustedWifiNetworkFactory: got request NetworkRequest [ REQUEST id=149, [ Capabilities: INTERNET&NOT_RESTRICTED&TRUSTED&NOT_VCN_MANAGED Uid: 10146 RequestorUid: 1000 RequestorPkg: android UnderlyingNetworks: Null] ]
07-30 11:41:18.509   538   816 D OemPaidWifiNetworkFactory: got request NetworkRequest [ REQUEST id=149, [ Capabilities: INTERNET&NOT_RESTRICTED&TRUSTED&NOT_VCN_MANAGED Uid: 10146 RequestorUid: 1000 RequestorPkg: android UnderlyingNetworks: Null] ]
07-30 11:41:18.509   538   816 D MultiInternetWifiNetworkFactory: got request NetworkRequest [ REQUEST id=149, [ Capabilities: INTERNET&NOT_RESTRICTED&TRUSTED&NOT_VCN_MANAGED Uid: 10146 RequestorUid: 1000 RequestorPkg: android UnderlyingNetworks: Null] ]
07-30 11:41:18.524   464  2482 D NuPlayerDriver: NuPlayerDriver(0xb4000078891762d0) created, clientPid(895)
07-30 11:41:18.530   895   977 D EGL_emulation: app_time_stats: avg=2165.21ms min=42.84ms max=8226.89ms count=4
07-30 11:41:18.540   157   157 I hwservicemanager: getTransport: Cannot find entry android.hardware.media.omx@1.0::IOmx/default in either framework or device VINTF manifest.
07-30 11:41:18.540   464  2482 D MediaPlayerService: OMX service is not available
07-30 11:41:18.541  3874  6913 I ProximityAuth: [BatchSetFeatureSupported] Requesting Cryptauth enrollment. Toggled features count: 6 Needs key enrollment: true Enrollment mode: FORCE_ENROLL [CONTEXT service_id=108 ]
07-30 11:41:18.542  3874  7154 I NetworkScheduler.Stats: Task com.google.android.gms/com.google.android.gms.tapandpay.gcmtask.TapAndPayGcmTaskService started execution. cause:7 exec_start_elapsed_seconds: 224 [CONTEXT service_id=218 ]
07-30 11:41:18.549  3874  6913 I MagicTether: [LaunchUtils] Instant Wifi for status account: name: Z4BWRQAXPLKCB2JSMMKRZUVKUU-03@cloudtestlabaccounts.com | type: com.google | isLaunched: false [CONTEXT service_id=276 ]
07-30 11:41:18.605   538   883 E SyncManager: Couldn't find backoff values for Account {name=xxxxxxxxxxxxxxxxxxxxxxxxxx-xx@xxxxxxxxxxxxxxxxxxxx.xxx, type=com.google}/com.google.android.gms.people:u0
07-30 11:41:18.607  3933  3933 D BoundBrokerSvc: onBind: Intent { act=com.google.android.gms.ocr.service.internal.START dat=chimera-action:/... cmp=com.google.android.gms/.chimera.GmsInternalApiService }
07-30 11:41:18.607  3933  3933 D BoundBrokerSvc: Loading bound service for intent: Intent { act=com.google.android.gms.ocr.service.internal.START dat=chimera-action:/... cmp=com.google.android.gms/.chimera.GmsInternalApiService }
07-30 11:41:18.643   895   976 D LocalImageResolver: Couldn't use ImageDecoder for drawable, falling back to non-resized load.
07-30 11:41:18.664   895   976 D LocalImageResolver: Couldn't use ImageDecoder for drawable, falling back to non-resized load.
07-30 11:41:18.668   464  7202 D GenericSource: FileSource remote
07-30 11:41:18.691   538  2167 I MediaFocusControl: requestAudioFocus() from uid/pid 10169/895 AA=USAGE_NOTIFICATION/CONTENT_TYPE_SONIFICATION clientId=android.media.AudioManager@8c577f6 callingPack=com.android.systemui req=3 flags=0x0 sdk=34
07-30 11:41:18.692  3933  3933 D BoundBrokerSvc: onBind: Intent { act=com.google.android.gms.inappreach.service.START dat=chimera-action:/... cmp=com.google.android.gms/.chimera.GmsApiService }
07-30 11:41:18.692  3933  3933 D BoundBrokerSvc: Loading bound service for intent: Intent { act=com.google.android.gms.inappreach.service.START dat=chimera-action:/... cmp=com.google.android.gms/.chimera.GmsApiService }
07-30 11:41:18.693  7048  7194 I Cello   : [7194:NonCelloThread] cello.cc:546:operator() got notified of network change to online
07-30 11:41:18.703   538  2167 I AudioService.FadeOutManager: unfadeOutUid() uid:10169
07-30 11:41:18.709  3874  7047 I NetworkScheduler.Stats: Task com.google.android.gms/com.google.android.gms.tapandpay.gcmtask.TapAndPayGcmTaskService finished executing. cause:7 result: 1 elapsed_millis: 540 uptime_millis: 540 exec_start_elapsed_seconds: 224 [CONTEXT service_id=218 ]
07-30 11:41:18.719  3933  6195 I FinderWearable: [WearOwnerKeyPublisher] Wearable API isn't available on this device. [CONTEXT service_id=284 ]
07-30 11:41:18.758  3874  4410 D TrafficStats: tagSocket(298) with statsTag=0x4000401, statsUid=10141
07-30 11:41:18.782  3874  3896 W GLSUser : [AppCertManager] Exception while requesting key: 
07-30 11:41:18.782  3874  3896 W GLSUser : java.util.concurrent.ExecutionException: bzgd: Parse Proto Exception with response code 400
07-30 11:41:18.782  3874  3896 W GLSUser : 	at fnua.s(:com.google.android.gms@250632029@25.06.32 (190400-724425688):21)
07-30 11:41:18.782  3874  3896 W GLSUser : 	at fnua.get(:com.google.android.gms@250632029@25.06.32 (190400-724425688):10)
07-30 11:41:18.782  3874  3896 W GLSUser : 	at acds.b(:com.google.android.gms@250632029@25.06.32 (190400-724425688):513)
07-30 11:41:18.782  3874  3896 W GLSUser : 	at acdq.a(:com.google.android.gms@250632029@25.06.32 (190400-724425688):69)
07-30 11:41:18.782  3874  3896 W GLSUser : 	at acdq.fE(:com.google.android.gms@250632029@25.06.32 (190400-724425688):16)
07-30 11:41:18.782  3874  3896 W GLSUser : 	at rfq.onTransact(:com.google.android.gms@250632029@25.06.32 (190400-724425688):97)
07-30 11:41:18.782  3874  3896 W GLSUser : 	at android.os.Binder.transact(Binder.java:1183)
07-30 11:41:18.782  3874  3896 W GLSUser : 	at briy.onTransact(:com.google.android.gms@250632029@25.06.32 (190400-724425688):10)
07-30 11:41:18.782  3874  3896 W GLSUser : 	at android.os.Binder.transact(Binder.java:1183)
07-30 11:41:18.782  3874  3896 W GLSUser : 	at bidx.onTransact(:com.google.android.gms@250632029@25.06.32 (190400-724425688):148)
07-30 11:41:18.782  3874  3896 W GLSUser : 	at android.os.Binder.execTransactInternal(Binder.java:1339)
07-30 11:41:18.782  3874  3896 W GLSUser : 	at android.os.Binder.execTransact(Binder.java:1275)
07-30 11:41:18.782  3874  3896 W GLSUser : Caused by: bzgd: Parse Proto Exception with response code 400
07-30 11:41:18.782  3874  3896 W GLSUser : 	at bzhf.b(:com.google.android.gms@250632029@25.06.32 (190400-724425688):80)
07-30 11:41:18.782  3874  3896 W GLSUser : 	at bzjz.d(:com.google.android.gms@250632029@25.06.32 (190400-724425688):18)
07-30 11:41:18.782  3874  3896 W GLSUser : 	at bzkn.onSucceeded(:com.google.android.gms@250632029@25.06.32 (190400-724425688):9)
07-30 11:41:18.782  3874  3896 W GLSUser : 	at m.li.onSucceeded(:com.google.android.gms.dynamite_cronetdynamite@250632029@25.06.32 (190400-0):3)
07-30 11:41:18.782  3874  3896 W GLSUser : 	at m.kg.run(:com.google.android.gms.dynamite_cronetdynamite@250632029@25.06.32 (190400-0):25)
07-30 11:41:18.782  3874  3896 W GLSUser : 	at m.ka.run(:com.google.android.gms.dynamite_cronetdynamite@250632029@25.06.32 (190400-0):31)
07-30 11:41:18.782  3874  3896 W GLSUser : 	at atdb.c(:com.google.android.gms@250632029@25.06.32 (190400-724425688):50)
07-30 11:41:18.782  3874  3896 W GLSUser : 	at atdb.run(:com.google.android.gms@250632029@25.06.32 (190400-724425688):76)
07-30 11:41:18.782  3874  3896 W GLSUser : 	at java.util.concurrent.ThreadPoolExecutor.runWorker(ThreadPoolExecutor.java:1145)
07-30 11:41:18.782  3874  3896 W GLSUser : 	at java.util.concurrent.ThreadPoolExecutor$Worker.run(ThreadPoolExecutor.java:644)
07-30 11:41:18.782  3874  3896 W GLSUser : 	at atin.run(:com.google.android.gms@250632029@25.06.32 (190400-724425688):8)
07-30 11:41:18.782  3874  3896 W GLSUser : 	at java.lang.Thread.run(Thread.java:1012)
07-30 11:41:18.782  3874  3896 W GLSUser : Caused by: ggli: Protocol message contained an invalid tag (zero).
07-30 11:41:18.782  3874  3896 W GLSUser : 	at ggid.l(:com.google.android.gms@250632029@25.06.32 (190400-724425688):43)
07-30 11:41:18.782  3874  3896 W GLSUser : 	at ggmh.c(:com.google.android.gms@250632029@25.06.32 (190400-724425688):394)
07-30 11:41:18.782  3874  3896 W GLSUser : 	at ggmh.i(:com.google.android.gms@250632029@25.06.32 (190400-724425688):8)
07-30 11:41:18.782  3874  3896 W GLSUser : 	at ggkm.z(:com.google.android.gms@250632029@25.06.32 (190400-724425688):23)
07-30 11:41:18.782  3874  3896 W GLSUser : 	at ggkh.g(:com.google.android.gms@250632029@25.06.32 (190400-724425688):3)
07-30 11:41:18.782  3874  3896 W GLSUser : 	at gghz.e(:com.google.android.gms@250632029@25.06.32 (190400-724425688):1)
07-30 11:41:18.782  3874  3896 W GLSUser : 	at gghz.d(:com.google.android.gms@250632029@25.06.32 (190400-724425688):3)
07-30 11:41:18.782  3874  3896 W GLSUser : 	at gghz.p(:com.google.android.gms@250632029@25.06.32 (190400-724425688):1)
07-30 11:41:18.782  3874  3896 W GLSUser : 	at bzhf.g(:com.google.android.gms@250632029@25.06.32 (190400-724425688):69)
07-30 11:41:18.782  3874  3896 W GLSUser : 	at bzhf.b(:com.google.android.gms@250632029@25.06.32 (190400-724425688):11)
07-30 11:41:18.782  3874  3896 W GLSUser : 	... 11 more
07-30 11:41:18.782  3874  3896 W GLSUser : [DeviceKeyStore] Cannot load key: Device key file not found.
07-30 11:41:18.829  3933  6197 W AsyncOperation: operation=List, opStatusCode=11002 [CONTEXT service_id=80 ]
07-30 11:41:18.829  3933  6197 W AsyncOperation: OperationException[Status{statusCode=Data of type PRIORITY_PREFERENCE is not subscribed., resolution=null}]
07-30 11:41:18.829  3933  6197 W AsyncOperation: 	at aqev.e(:com.google.android.gms@250632029@25.06.32 (190400-724425688):151)
07-30 11:41:18.829  3933  6197 W AsyncOperation: 	at aqev.h(:com.google.android.gms@250632029@25.06.32 (190400-724425688):59)
07-30 11:41:18.829  3933  6197 W AsyncOperation: 	at aqev.f(:com.google.android.gms@250632029@25.06.32 (190400-724425688):16)
07-30 11:41:18.829  3933  6197 W AsyncOperation: 	at byai.fL(:com.google.android.gms@250632029@25.06.32 (190400-724425688):1)
07-30 11:41:18.829  3933  6197 W AsyncOperation: 	at byar.run(:com.google.android.gms@250632029@25.06.32 (190400-724425688):54)
07-30 11:41:18.829  3933  6197 W AsyncOperation: 	at fgbt.run(:com.google.android.gms@250632029@25.06.32 (190400-724425688):21)
07-30 11:41:18.829  3933  6197 W AsyncOperation: 	at atdb.c(:com.google.android.gms@250632029@25.06.32 (190400-724425688):50)
07-30 11:41:18.829  3933  6197 W AsyncOperation: 	at atdb.run(:com.google.android.gms@250632029@25.06.32 (190400-724425688):76)
07-30 11:41:18.829  3933  6197 W AsyncOperation: 	at java.util.concurrent.ThreadPoolExecutor.runWorker(ThreadPoolExecutor.java:1145)
07-30 11:41:18.829  3933  6197 W AsyncOperation: 	at java.util.concurrent.ThreadPoolExecutor$Worker.run(ThreadPoolExecutor.java:644)
07-30 11:41:18.829  3933  6197 W AsyncOperation: 	at atin.run(:com.google.android.gms@250632029@25.06.32 (190400-724425688):8)
07-30 11:41:18.829  3933  6197 W AsyncOperation: 	at java.lang.Thread.run(Thread.java:1012)
07-30 11:41:18.829  3933  6197 W AsyncOperation: Caused by: aqcd: Data of type PRIORITY_PREFERENCE is not subscribed.
07-30 11:41:18.829  3933  6197 W AsyncOperation: 	at aqft.c(:com.google.android.gms@250632029@25.06.32 (190400-724425688):121)
07-30 11:41:18.829  3933  6197 W AsyncOperation: 	at aqev.h(:com.google.android.gms@250632029@25.06.32 (190400-724425688):9)
07-30 11:41:18.829  3933  6197 W AsyncOperation: 	... 10 more
07-30 11:41:18.844   538   883 E SyncManager: Couldn't find backoff values for Account {name=xxxxxxxxxxxxxxxxxxxxxxxxxx-xx@xxxxxxxxxxxxxxxxxxxx.xxx, type=com.google}/com.android.contacts:u0
07-30 11:41:18.849   538  2162 I AccountManagerService: Notifying visibility changed for package=com.google.android.apps.docs
07-30 11:41:18.850   538  2162 I AccountManagerService: the account with type=com.google removed while useCase=setAccountVisibility for userId=0, sending broadcast of android.accounts.action.ACCOUNT_REMOVED
07-30 11:41:18.851   538  2162 I AccountManagerService: the accountType= com.google changed with useCase=setAccountVisibility for userId=0, sending broadcast of android.accounts.LOGIN_ACCOUNTS_CHANGED
