07-30 11:41:10.489  1704  1704 I AiAiEcho: SearchContextManagerImpl::setSearchContext resultTypes=[141151] extras=[Bundle[mParcelledData.dataSize=684]] sessionId=[com.google.android.apps.nexuslauncher:6eeeab31-c0d7-4be2-b528-7f28ccfe8d48,0]
07-30 11:41:10.495  1164  1211 D SearchTargetUtil:  query= size=1
07-30 11:41:10.495  1164  1211 D SearchTargetUtil: layoutType=icon_row resultType=4096 packageName= extras=Bundle{icon_container_enabled=true,zero_state_all_apps_web_suggest_count=3,rank=1.0,key_ipc_start=216437,hide_subtitle=true,zero_state_qsb_web_suggest_count=10,}ParentID: null targetID: SESSION_INFO:0::zero_state_flags
07-30 11:41:10.499  1164  1164 D AutofillManager: view is not autofillable - activity denied for autofill
07-30 11:41:10.503   538  1777 W ActivityManager: Unable to start service Intent { act=com.android.launcher3.WINDOW_OVERLAY dat=app://com.google.android.apps.nexuslauncher:10162/... pkg=com.google.android.googlequicksearchbox } U=0: not found
07-30 11:41:10.504   538  1777 W ActivityManager: Unable to start service Intent { act=com.android.launcher3.WINDOW_OVERLAY dat=app://com.google.android.apps.nexuslauncher:10162/... pkg=com.google.android.googlequicksearchbox } U=0: not found
07-30 11:41:10.505  1164  1164 I ContentCaptureHelper: Setting logging level to DEBUG
07-30 11:41:10.505  1164  1164 D ContentCaptureManager: setFlushViewTreeAppearingEventDisabled(): setting to false
07-30 11:41:10.505  1164  1164 D ContentCaptureManager: updateWindowAttributes(): window flags=-2137980672
07-30 11:41:10.523  1164  1164 D ContentCaptureManager: updateWindowAttributes(): window flags=-2137980672
07-30 11:41:10.533  1164  1211 I ImeTracker: com.google.android.apps.nexuslauncher:fba090b1: onRequestHide at ORIGIN_CLIENT_HIDE_SOFT_INPUT reason HIDE_SOFT_INPUT
07-30 11:41:10.547   538  2175 W InputMethodManagerService: Ignoring hideSoftInput of uid 10162 : com.android.internal.inputmethod.IInputMethodClient$Stub$Proxy@3b8431
07-30 11:41:10.547   538  2175 I ImeTracker: com.google.android.apps.nexuslauncher:fba090b1: onCancelled at PHASE_SERVER_CLIENT_FOCUSED
07-30 11:41:10.554  1164  1211 I ImeTracker: com.google.android.apps.nexuslauncher:54e477e9: onRequestHide at ORIGIN_CLIENT_HIDE_SOFT_INPUT reason HIDE_SOFT_INPUT
07-30 11:41:10.554  1164  1211 I ImeTracker: com.google.android.apps.nexuslauncher:54e477e9: onFailed at PHASE_CLIENT_VIEW_SERVED
07-30 11:41:10.561  1704  2049 I AiAiStatsd: Successfully logged feature usage for VISUAL_CORTEX.
07-30 11:41:10.565   538  2175 W ProcessStats: Tracking association SourceState{37a3dc6 com.google.android.gms.persistent/10128 BTop #9208} whose proc state 2 is better than process ProcessState{fa08b90 com.google.android.gms/10128 pkg=com.google.android.gms (sub)} proc state 8 (941 skipped)
07-30 11:41:10.568  1164  1164 W BcSmartspaceCard: No title view to update
07-30 11:41:10.568  1164  1164 I BcSmartspaceCard: setFormattedContentDescription: text=null, iconDescription=null, contentDescription=null
07-30 11:41:10.615  1164  1164 D TISBindHelper: TIS service connected
07-30 11:41:10.615  1164  1164 D b/254119092: Set mActivity=com.google.android.apps.nexuslauncher.NexusLauncherActivity@7f451e
07-30 11:41:10.615  1164  1164 D b/254119092: mActivity and mContext agree taskbarIsPresent=false
07-30 11:41:10.615  1164  1164 D MainContentCaptureSession: handleScheduleFlush(act:com.google.android.apps.nexuslauncher/.NexusLauncherActivity [state=1 (WAITING_FOR_SERVER), disabled=false], reason=FORCE_FLUSH): not a timeout reason because mDirectServiceInterface is not ready yet
07-30 11:41:10.630   538  2175 I ActivityTaskManager: Activity reported stop, but no longer stopping: ActivityRecord{4722823 u0 com.google.android.apps.nexuslauncher/.NexusLauncherActivity t7} STOPPED
07-30 11:41:10.719   464  6830 I GenericSource: start
07-30 11:41:10.722   895   895 D MediaRouter: onRestoreRoute() : route=RouteInfo{ name=Phone, description=null, status=null, category=RouteCategory{ name=System types=ROUTE_TYPE_LIVE_AUDIO ROUTE_TYPE_LIVE_VIDEO  groupable=false }, supportedTypes=ROUTE_TYPE_LIVE_AUDIO ROUTE_TYPE_LIVE_VIDEO , presentationDisplay=null }
07-30 11:41:10.722   895   895 V MediaRouter: Selecting route: RouteInfo{ name=Phone, description=null, status=null, category=RouteCategory{ name=System types=ROUTE_TYPE_LIVE_AUDIO ROUTE_TYPE_LIVE_VIDEO  groupable=false }, supportedTypes=ROUTE_TYPE_LIVE_AUDIO ROUTE_TYPE_LIVE_VIDEO , presentationDisplay=null }
07-30 11:41:10.733   464  6852 D CCodec  : allocate(c2.android.vorbis.decoder)
07-30 11:41:10.737   464  6852 I CCodec  : setting up 'default' as default (vendor) store
07-30 11:41:10.744   464  6852 I CCodec  : Created component [c2.android.vorbis.decoder]
07-30 11:41:10.747   464  6852 D CCodecConfig: read media type: audio/vorbis
07-30 11:41:10.750   464  6852 D ReflectedParamUpdater: extent() != 1 for single value type: algo.buffers.max-count.values
07-30 11:41:10.750   464  6852 D ReflectedParamUpdater: extent() != 1 for single value type: output.subscribed-indices.values
07-30 11:41:10.750   464  6852 D ReflectedParamUpdater: extent() != 1 for single value type: input.buffers.allocator-ids.values
07-30 11:41:10.750   464  6852 D ReflectedParamUpdater: extent() != 1 for single value type: output.buffers.allocator-ids.values
07-30 11:41:10.750   464  6852 D ReflectedParamUpdater: extent() != 1 for single value type: algo.buffers.allocator-ids.values
07-30 11:41:10.750   464  6852 D ReflectedParamUpdater: extent() != 1 for single value type: output.buffers.pool-ids.values
07-30 11:41:10.750   464  6852 D ReflectedParamUpdater: extent() != 1 for single value type: algo.buffers.pool-ids.values
07-30 11:41:10.751   464  6852 I CCodecConfig: query failed after returning 7 values (BAD_INDEX)
07-30 11:41:10.751   464  6852 D CCodecConfig: c2 config diff is Dict {
07-30 11:41:10.751   464  6852 D CCodecConfig:   c2::u32 coded.bitrate.value = 64000
07-30 11:41:10.751   464  6852 D CCodecConfig:   c2::u32 input.buffers.max-size.value = 32768
07-30 11:41:10.751   464  6852 D CCodecConfig:   c2::u32 input.delay.value = 0
07-30 11:41:10.751   464  6852 D CCodecConfig:   string input.media-type.value = "audio/vorbis"
07-30 11:41:10.751   464  6852 D CCodecConfig:   string output.media-type.value = "audio/raw"
07-30 11:41:10.751   464  6852 D CCodecConfig:   c2::u32 raw.channel-count.value = 1
07-30 11:41:10.751   464  6852 D CCodecConfig:   c2::u32 raw.sample-rate.value = 48000
07-30 11:41:10.751   464  6852 D CCodecConfig: }
07-30 11:41:10.753   464  6852 D MediaCodec: flushMediametrics
07-30 11:41:10.754   464  6852 D CCodec  : [c2.android.vorbis.decoder] buffers are bound to CCodec for this session
07-30 11:41:10.754   464  6852 D CCodecConfig: no c2 equivalents for durationUs
07-30 11:41:10.754   464  6852 D CCodecConfig: no c2 equivalents for csd-1
07-30 11:41:10.754   464  6852 D CCodecConfig: no c2 equivalents for flags
07-30 11:41:10.757   464  6852 D CCodecConfig: c2 config diff is   c2::u32 coded.bitrate.value = 70000
07-30 11:41:10.757   464  6852 W Codec2Client: query -- param skipped: index = 1107298332.
07-30 11:41:10.757   464  6852 D CCodec  : encoding statistics level = 0
07-30 11:41:10.757   464  6852 D CCodec  : setup formats input: AMessage(what = 0x00000000) = {
07-30 11:41:10.757   464  6852 D CCodec  :   int32_t bitrate = 70000
07-30 11:41:10.757   464  6852 D CCodec  :   int32_t channel-count = 1
07-30 11:41:10.757   464  6852 D CCodec  :   int32_t max-input-size = 32768
07-30 11:41:10.757   464  6852 D CCodec  :   string mime = "audio/vorbis"
07-30 11:41:10.757   464  6852 D CCodec  :   int32_t sample-rate = 48000
07-30 11:41:10.757   464  6852 D CCodec  : }
07-30 11:41:10.757   464  6852 D CCodec  : setup formats output: AMessage(what = 0x00000000) = {
07-30 11:41:10.757   464  6852 D CCodec  :   int32_t channel-count = 1
07-30 11:41:10.757   464  6852 D CCodec  :   string mime = "audio/raw"
07-30 11:41:10.757   464  6852 D CCodec  :   int32_t sample-rate = 48000
07-30 11:41:10.757   464  6852 D CCodec  :   int32_t channel-mask = 1
07-30 11:41:10.757   464  6852 D CCodec  :   int32_t android._config-pcm-encoding = 2
07-30 11:41:10.757   464  6852 D CCodec  : }
07-30 11:41:10.757   464  6852 I CCodecConfig: query failed after returning 7 values (BAD_INDEX)
07-30 11:41:10.761   464  6852 I MediaCodec: MediaCodec will operate in async mode
07-30 11:41:10.762   464  6851 D MediaCodec: keep callback message for reclaim
07-30 11:41:10.766   464  6852 W Codec2Client: query -- param skipped: index = 1342179345.
07-30 11:41:10.766   464  6852 W Codec2Client: query -- param skipped: index = 2415921170.
07-30 11:41:10.767   464  6852 D C2Store : Using DMABUF Heaps
07-30 11:41:10.769   464  6852 D CCodecBufferChannel: [c2.android.vorbis.decoder#814] Created input block pool with allocatorID 16 => poolID 17 - OK (0)
07-30 11:41:10.776   895  1284 D BufferPoolAccessor2.0: bufferpool2 0xb400007bec2717e8 : 0(0 size) total buffers - 0(0 size) used buffers - 1/7 (recycle/alloc) - 6/36 (fetch/transfer)
07-30 11:41:10.776   538   634 D BufferPoolAccessor2.0: bufferpool2 0xb400007bec2b3b08 : 0(0 size) total buffers - 0(0 size) used buffers - 1/7 (recycle/alloc) - 6/18 (fetch/transfer)
07-30 11:41:10.777   538   634 D BufferPoolAccessor2.0: Destruction - bufferpool2 0xb400007bec2b3b08 cached: 0/0M, 0/0% in use; allocs: 7, 14% recycled; transfers: 18, 67% unfetched
07-30 11:41:10.777   538   634 D BufferPoolAccessor2.0: bufferpool2 0xb400007bec2b1168 : 0(0 size) total buffers - 0(0 size) used buffers - 1/7 (recycle/alloc) - 6/24 (fetch/transfer)
07-30 11:41:10.777   538   634 D BufferPoolAccessor2.0: Destruction - bufferpool2 0xb400007bec2b1168 cached: 0/0M, 0/0% in use; allocs: 7, 14% recycled; transfers: 24, 75% unfetched
07-30 11:41:10.777   538   634 D BufferPoolAccessor2.0: bufferpool2 0xb400007bec2b4b38 : 0(0 size) total buffers - 0(0 size) used buffers - 0/7 (recycle/alloc) - 6/24 (fetch/transfer)
07-30 11:41:10.777   538   634 D BufferPoolAccessor2.0: Destruction - bufferpool2 0xb400007bec2b4b38 cached: 0/0M, 0/0% in use; allocs: 7, 0% recycled; transfers: 24, 75% unfetched
07-30 11:41:10.777   538   634 D BufferPoolAccessor2.0: bufferpool2 0xb400007bec2a71d8 : 0(0 size) total buffers - 0(0 size) used buffers - 2/7 (recycle/alloc) - 5/26 (fetch/transfer)
07-30 11:41:10.777   538   634 D BufferPoolAccessor2.0: Destruction - bufferpool2 0xb400007bec2a71d8 cached: 0/0M, 0/0% in use; allocs: 7, 29% recycled; transfers: 26, 81% unfetched
07-30 11:41:10.777   538   634 D BufferPoolAccessor2.0: bufferpool2 0xb400007bec2acc08 : 0(0 size) total buffers - 0(0 size) used buffers - 1/7 (recycle/alloc) - 5/34 (fetch/transfer)
07-30 11:41:10.777   538   634 D BufferPoolAccessor2.0: Destruction - bufferpool2 0xb400007bec2acc08 cached: 0/0M, 0/0% in use; allocs: 7, 14% recycled; transfers: 34, 85% unfetched
07-30 11:41:10.777   538   634 D BufferPoolAccessor2.0: bufferpool2 0xb400007bec2ae0d8 : 0(0 size) total buffers - 0(0 size) used buffers - 1/7 (recycle/alloc) - 6/34 (fetch/transfer)
07-30 11:41:10.777   538   634 D BufferPoolAccessor2.0: Destruction - bufferpool2 0xb400007bec2ae0d8 cached: 0/0M, 0/0% in use; allocs: 7, 14% recycled; transfers: 34, 82% unfetched
07-30 11:41:10.777   895  1284 D BufferPoolAccessor2.0: Destruction - bufferpool2 0xb400007bec2717e8 cached: 0/0M, 0/0% in use; allocs: 7, 14% recycled; transfers: 36, 83% unfetched
07-30 11:41:10.777   895  1284 D BufferPoolAccessor2.0: bufferpool2 0xb400007bec26d978 : 0(0 size) total buffers - 0(0 size) used buffers - 1/7 (recycle/alloc) - 6/38 (fetch/transfer)
07-30 11:41:10.777   895  1284 D BufferPoolAccessor2.0: Destruction - bufferpool2 0xb400007bec26d978 cached: 0/0M, 0/0% in use; allocs: 7, 14% recycled; transfers: 38, 84% unfetched
07-30 11:41:10.777   895  1284 D BufferPoolAccessor2.0: bufferpool2 0xb400007bec2733a8 : 0(0 size) total buffers - 0(0 size) used buffers - 1/7 (recycle/alloc) - 6/18 (fetch/transfer)
07-30 11:41:10.777   895  1284 D BufferPoolAccessor2.0: Destruction - bufferpool2 0xb400007bec2733a8 cached: 0/0M, 0/0% in use; allocs: 7, 14% recycled; transfers: 18, 67% unfetched
07-30 11:41:10.777   464  6852 I CCodecBufferChannel: [c2.android.vorbis.decoder#814] Created output block pool with allocatorID 16 => poolID 26 - OK
07-30 11:41:10.777   464  6852 D CCodecBufferChannel: [c2.android.vorbis.decoder#814] Configured output block pool ids 26 => OK
07-30 11:41:10.778   464  6852 I DMABUFHEAPS: Using DMA-BUF heap named: system
07-30 11:41:10.779   469  6856 D SimpleC2Component: Using output block pool with poolID 26 => got 26 - 0
07-30 11:41:10.808   392  5391 D AudioFlinger: Client defaulted notificationFrames to 12512 for frameCount 25024
07-30 11:41:10.817   392  5391 D AF::TrackHandle: OpPlayAudio: track:55 usage:5 not muted
07-30 11:41:10.838   392  5391 D audioserver: FGS Logger Transaction failed
07-30 11:41:10.838   392  5391 D audioserver: -129
07-30 11:41:10.862   464  6850 D AudioTrack: getTimestamp_l(15): device stall time corrected using current time 216807390226
07-30 11:41:11.240   392   505 D AudioFlinger: mixer(0xb4000073bf98b930) throttle end: throttle time(121)
07-30 11:41:11.271   538  2175 D OomAdjuster: Not killing cached processes
07-30 11:41:11.272  6786  6820 D EGL_emulation: app_time_stats: avg=329.13ms min=71.63ms max=806.89ms count=4
07-30 11:41:11.617   392   505 D AudioFlinger: mixer(0xb4000073bf98b930) throttle end: throttle time(7)
07-30 11:41:11.731   392   505 D AudioFlinger: mixer(0xb4000073bf98b930) throttle end: throttle time(1)
07-30 11:41:12.327   464  6850 D AudioTrack: stop(15): called with 82980 frames delivered
07-30 11:41:12.327   392   505 D AudioFlinger: mixer(0xb4000073bf98b930) throttle end: throttle time(16)
07-30 11:41:12.665   538  2162 I MediaFocusControl: abandonAudioFocus() from uid/pid 10169/895 clientId=android.media.AudioManager@2367425
07-30 11:41:12.665   895  6826 V MediaPlayer: resetDrmState:  mDrmInfo=null mDrmProvisioningThread=null mPrepareDrmInProgress=false mActiveDrmScheme=false
07-30 11:41:12.665   895  6826 V MediaPlayer: cleanDrmObj: mDrmObj=null mDrmSessionId=null
07-30 11:41:12.665   464  3029 D NuPlayerDriver: reset(0xb400007889173010) at state 6
07-30 11:41:12.667   464  6863 I hw-BpHwBinder: onLastStrongRef automatically unlinking death recipients
07-30 11:41:12.668   469   903 I hw-BpHwBinder: onLastStrongRef automatically unlinking death recipients
07-30 11:41:12.668   469   903 I hw-BpHwBinder: onLastStrongRef automatically unlinking death recipients
07-30 11:41:12.669   464  6851 D MediaCodec: flushMediametrics
07-30 11:41:12.670   464  6830 D NuPlayerDriver: notifyResetComplete(0xb400007889173010)
07-30 11:41:12.670   464  3029 W AMessage: failed to post message as target looper for handler 0 is gone.
07-30 11:41:12.737   392   505 D audioserver: FGS Logger Transaction failed
07-30 11:41:12.737   392   505 D audioserver: -129
07-30 11:41:12.758   392   505 D audioserver: FGS Logger Transaction failed
07-30 11:41:12.758   392   505 D audioserver: -129
07-30 11:41:13.021  6786  6820 D EGL_emulation: app_time_stats: avg=121.95ms min=5.99ms max=984.07ms count=13
07-30 11:41:13.217  1704  1724 I AiAiEcho: Settings changed for uri: content://settings/secure/device_state_rotation_lock
07-30 11:41:13.220  1704  1950 I AiAiEcho: Predicting[0]: 
07-30 11:41:13.220  1704  1950 I AiAiEcho: EchoTargets: 
07-30 11:41:13.220  1704  1950 I AiAiEcho: Filtered by AiAi flag check: 
07-30 11:41:13.220  1704  1950 I AiAiEcho: Ranked targets strategy: SORT, count: 0, ranking metadata: 
07-30 11:41:13.222  1704  1950 I AiAiEcho: Predicting[0]: 
07-30 11:41:13.222  1704  1950 I AiAiEcho: EchoTargets: 
07-30 11:41:13.222  1704  1950 I AiAiEcho: Filtered by AiAi flag check: 
07-30 11:41:13.222  1704  1950 I AiAiEcho: Ranked targets strategy: SORT, count: 0, ranking metadata: 
07-30 11:41:13.223  1704  1950 I AiAiEcho: #postPredictionTargets: Sending updates to UISurface lockscreen with targets# 0 (types=[])
07-30 11:41:13.225   895   895 W PageIndicator: Total number of pages invalid: 0. Assuming 1 page.
07-30 11:41:13.229  1704  1950 I AiAiEcho: #postPredictionTargets: Sending updates to UISurface home with targets# 0 (types=[])
07-30 11:41:13.359  6657  6657 I abb     : StartCommandInProcess(73657474696e67730067657400656e61 settings.get.ena [truncated])
07-30 11:41:13.380  6657  6657 I abb     : StartCommandInProcess(7061636b61676500696e7374616c6c00 package.install. [truncated])
07-30 11:41:13.502   538   638 W RuleEvaluation: Integrity rule files are not available.
07-30 11:41:13.504   538   588 I PackageManager: Integrity check passed for file:///data/app/vmdl1446767646.tmp
07-30 11:41:13.552  3933  4888 I cn_CronetUrlRequestContext: destroyNativeStreamLocked org.chromium.net.impl.CronetBidirectionalStream@ed9b16
07-30 11:41:13.576   538   588 D PackageManager: Instant App installer not found with android.intent.action.INSTALL_INSTANT_APP_PACKAGE
07-30 11:41:13.576   538   588 D PackageManager: Clear ephemeral installer activity
07-30 11:41:13.566  2129  2129 I logd    : start watching /data/system/packages.list ...
07-30 11:41:13.579  2129  2129 I logd    : ReadPackageList, total packages: 209
07-30 11:41:13.590   538   588 W PackageManager: User 0 is not ready. Restore at install didn't take place.
07-30 11:41:13.591   538   588 I AppsFilter: interaction: PackageSetting{fcf9161 com.google.testing.helium.utp.android.companion.backdrop/10201} -> PackageSetting{bb2a486 com.google.testing.helium.utp.android.companion.instrumentations.runtimestats/10202} BLOCKED
07-30 11:41:13.591   538   588 I AppsFilter: interaction: PackageSetting{c222c9e com.google.testing.helium.utp.android.companion.instrumentations.locale/10200} -> PackageSetting{bb2a486 com.google.testing.helium.utp.android.companion.instrumentations.runtimestats/10202} BLOCKED
07-30 11:41:13.599   538   588 W WindowMagnificationMgr: requestConnection duplicated request: connect=false, mConnectionState=DISCONNECTED
07-30 11:41:13.600   538   588 D PackageInstallerSession: Marking session 1446767646 as applied
07-30 11:41:13.604   538   588 D CompatibilityChangeReporter: Compat change id reported: 168419799; UID 10202; state: DISABLED
07-30 11:41:13.604   538   588 D CompatibilityChangeReporter: Compat change id reported: 273564678; UID 10202; state: DISABLED
07-30 11:41:13.619   538   829 E AppOps  : attributionTag VCN not declared in manifest of android
07-30 11:41:13.621   538   623 I RoleService: Granting default roles...
07-30 11:41:13.635   538   864 I SdkSandboxManager: No SDKs used. Skipping SDK data reconcilation for CallingInfo{mUid=10202, mPackageName='com.google.testing.helium.utp.android.companion.instrumentations.runtimestats, mAppProcessToken='null'}
07-30 11:41:13.635  1123  1123 D CarrierSvcBindHelper: onPackageAdded: com.google.testing.helium.utp.android.companion.instrumentations.runtimestats
07-30 11:41:13.636  1123  1123 D CarrierSvcBindHelper: No carrier app for: 0
07-30 11:41:13.638   538   564 W WindowMagnificationMgr: requestConnection duplicated request: connect=false, mConnectionState=DISCONNECTED
07-30 11:41:13.644   538   538 D TransparencyService: Not an update. Skipping...
07-30 11:41:13.648   538   633 I InputReader: Reconfiguring input devices, changes=KEYBOARD_LAYOUTS
07-30 11:41:13.650   898  3580 I PermissionControllerServiceImpl: Updating user sensitive for uid 10202
07-30 11:41:13.660   538   564 W Searchables: No global search activity found
07-30 11:41:13.674   538   538 I AppsFilter: interaction: PackageSetting{8af632e com.google.testing.helium.utp.android.companion.backdrop/10201} -> PackageSetting{6796ecf com.google.testing.helium.utp.android.companion.instrumentations.runtimestats/10202} BLOCKED
07-30 11:41:13.675   895   976 D StylusManager: Stylus InputDevice changed: 7 virtio_input_multi_touch_5
07-30 11:41:13.675   538   538 I AppsFilter: interaction: PackageSetting{352843a com.google.testing.helium.utp.android.companion.instrumentations.locale/10200} -> PackageSetting{6796ecf com.google.testing.helium.utp.android.companion.instrumentations.runtimestats/10202} BLOCKED
07-30 11:41:13.676   898   898 I SafetyLabelChangedBroadcastReceiver: received broadcast packageName: com.google.testing.helium.utp.android.companion.instrumentations.runtimestats, current user: UserHandle{0}, packageChangeEvent: NEW_INSTALL, intent user: UserHandle{0}
07-30 11:41:13.680   895   976 D StylusManager: Stylus InputDevice changed: 11 virtio_input_multi_touch_9
07-30 11:41:13.682   895   976 D StylusManager: Stylus InputDevice changed: 6 virtio_input_multi_touch_4
07-30 11:41:13.685   895   976 D StylusManager: Stylus InputDevice changed: 9 virtio_input_multi_touch_7
07-30 11:41:13.687   895   976 D StylusManager: Stylus InputDevice changed: 12 virtio_input_multi_touch_10
07-30 11:41:13.687   895   976 D StylusManager: Stylus InputDevice changed: 10 virtio_input_multi_touch_8
07-30 11:41:13.688   895   976 D StylusManager: Stylus InputDevice changed: 8 virtio_input_multi_touch_6
07-30 11:41:13.690   895   976 D StylusManager: Stylus InputDevice changed: 3 virtio_input_multi_touch_1
07-30 11:41:13.691   895   976 D StylusManager: Stylus InputDevice changed: 13 virtio_input_multi_touch_11
07-30 11:41:13.691   895   976 D StylusManager: Stylus InputDevice changed: 5 virtio_input_multi_touch_3
07-30 11:41:13.692   895   976 D StylusManager: Stylus InputDevice changed: 4 virtio_input_multi_touch_2
07-30 11:41:13.694   538   564 W PackageManager: Failed registering loading progress callback. Package is fully loaded.
07-30 11:41:13.700  1704  1704 I AiAiEcho: AppFetcherImplV2 updateApps package:[com.google.testing.helium.utp.android.companion.instrumentations.runtimestats], userId:[0], reason:[package is added.].
07-30 11:41:13.705   898  5335 E RoleControllerServiceImpl: Default/fallback role holder package doesn't qualify for the role, package: com.google.android.gms.supervision, role: android.app.role.SYSTEM_SUPERVISION
07-30 11:41:13.716   898  5335 W Role    : Default holder doesn't have required signing certificate: com.google.android.apps.work.clouddpc:23962F4B43B9857638EA66F4D419518EAE282491ACDA4B94707BD59003C45E58
07-30 11:41:13.750  1123  1415 D ImsResolver: maybeAddedImsService, packageName: com.google.testing.helium.utp.android.companion.instrumentations.runtimestats
07-30 11:41:13.774   538   614 D CompatibilityChangeReporter: Compat change id reported: 218533173; UID 10202; state: ENABLED
07-30 11:41:13.774   538   614 D CompatibilityChangeReporter: Compat change id reported: 262645982; UID 10202; state: ENABLED
07-30 11:41:13.793   898  3580 I PermissionControllerServiceImpl: Updating user sensitive for uid 10202
07-30 11:41:13.802   538  2162 W system_server: Long monitor contention with owner ActivityManager (565) at void com.android.server.am.BroadcastQueueModernImpl.checkPendingColdStartValidity()(BroadcastQueueModernImpl.java:551) waiters=2 in void com.android.server.am.ActivityManagerService.unregisterReceiver(android.content.IIntentReceiver) for 122ms
07-30 11:41:13.810  1123  1123 D CarrierSvcBindHelper: onPackageModified: com.google.testing.helium.utp.android.companion.instrumentations.runtimestats
07-30 11:41:13.810  1123  1123 D CarrierSvcBindHelper: No carrier app for: 0
07-30 11:41:13.823   538   633 I InputReader: Reconfiguring input devices, changes=KEYBOARD_LAYOUTS
07-30 11:41:13.836  1123  1415 D ImsResolver: maybeAddedImsService, packageName: com.google.testing.helium.utp.android.companion.instrumentations.runtimestats
07-30 11:41:13.845   538   564 W WindowMagnificationMgr: requestConnection duplicated request: connect=false, mConnectionState=DISCONNECTED
07-30 11:41:13.868  1704  1979 I AiAiEcho: EchoSearch: WidgetFetcherImpl is initialized with [25] widgets [reason=package added for userId: 0]
07-30 11:41:13.868   895   976 D StylusManager: Stylus InputDevice changed: 7 virtio_input_multi_touch_5
07-30 11:41:13.869   895   976 D StylusManager: Stylus InputDevice changed: 11 virtio_input_multi_touch_9
07-30 11:41:13.874   538   564 W Searchables: No global search activity found
07-30 11:41:13.875   895   976 D StylusManager: Stylus InputDevice changed: 6 virtio_input_multi_touch_4
07-30 11:41:13.877   895   976 D StylusManager: Stylus InputDevice changed: 9 virtio_input_multi_touch_7
07-30 11:41:13.877   895   976 D StylusManager: Stylus InputDevice changed: 12 virtio_input_multi_touch_10
07-30 11:41:13.920   895   976 D StylusManager: Stylus InputDevice changed: 10 virtio_input_multi_touch_8
07-30 11:41:13.925   895   976 D StylusManager: Stylus InputDevice changed: 8 virtio_input_multi_touch_6
07-30 11:41:13.925   895   976 D StylusManager: Stylus InputDevice changed: 3 virtio_input_multi_touch_1
07-30 11:41:13.927   895   976 D StylusManager: Stylus InputDevice changed: 13 virtio_input_multi_touch_11
07-30 11:41:13.927   895   976 D StylusManager: Stylus InputDevice changed: 5 virtio_input_multi_touch_3
07-30 11:41:13.927   895   976 D StylusManager: Stylus InputDevice changed: 4 virtio_input_multi_touch_2
07-30 11:41:13.954   538   564 W Searchables: No global search activity found
07-30 11:41:13.995  1704  1704 I AiAiEcho: AppFetcherImpl onPackageChanged com.google.testing.helium.utp.android.companion.instrumentations.runtimestats.
07-30 11:41:13.997  1704  5471 I AiAiEcho: AppIndexer Package:[com.google.testing.helium.utp.android.companion.instrumentations.runtimestats] UserProfile:[0] Enabled:[true].
07-30 11:41:13.997  1704  5471 I AiAiEcho: AppFetcherImplV2 updateApps package:[com.google.testing.helium.utp.android.companion.instrumentations.runtimestats], userId:[0], reason:[package is updated.].
07-30 11:41:14.002  6881  6881 D AndroidRuntime: >>>>>> START com.android.internal.os.RuntimeInit uid 0 <<<<<<
07-30 11:41:14.009  6881  6881 I AndroidRuntime: Using default boot image
07-30 11:41:14.025  6881  6881 I AndroidRuntime: Leaving lock profiling enabled
07-30 11:41:14.028  6786  6820 D EGL_emulation: app_time_stats: avg=1006.65ms min=1006.65ms max=1006.65ms count=1
07-30 11:41:14.057  1164  1177 I s.nexuslauncher: Background young concurrent copying GC freed 65978(2624KB) AllocSpace objects, 26(1584KB) LOS objects, 38% free, 6716KB/10MB, paused 4.148ms,8us total 111.616ms
07-30 11:41:14.058  6881  6881 I app_process: Core platform API reporting enabled, enforcing=false
07-30 11:41:14.093  6881  6881 I app_process: Using CollectorTypeCC GC.
07-30 11:41:14.105   898   920 I ssioncontroller: Background young concurrent copying GC freed 92659(5313KB) AllocSpace objects, 8(224KB) LOS objects, 46% free, 6385KB/11MB, paused 66us,8us total 172.461ms
07-30 11:41:14.208   895   895 D ControlsListingControllerImpl: ServiceConfig reloaded, count: 0
07-30 11:41:14.265  3874  6883 I Fitness : OnPackageChangedOperation got intent: Intent { act=android.intent.action.PACKAGE_CHANGED dat=package: flg=0x5000010 pkg=com.google.android.gms cmp=com.google.android.gms/.chimera.PersistentIntentOperationService (has extras) } [CONTEXT service_id=17 ]
07-30 11:41:14.266   895   895 D ControlsListingControllerImpl: ServiceConfig reloaded, count: 0
07-30 11:41:14.282   538   547 I system_server: Background concurrent copying GC freed 526526(22MB) AllocSpace objects, 61(3764KB) LOS objects, 47% free, 26MB/50MB, paused 92us,29us total 681.830ms
07-30 11:41:14.294   538  2158 D CompatibilityChangeReporter: Compat change id reported: 161252188; UID 10202; state: DISABLED
07-30 11:41:14.296   538   548 W JavaBinder: BinderProxy is being destroyed but the application did not call unlinkToDeath to unlink all of its death recipients beforehand.  Releasing leaked death recipient: com.android.server.am.ActivityManagerService$14
07-30 11:41:14.296   538   548 I BpBinder: onLastStrongRef automatically unlinking death recipients: 
07-30 11:41:14.296   538   548 W JavaBinder: BinderProxy is being destroyed but the application did not call unlinkToDeath to unlink all of its death recipients beforehand.  Releasing leaked death recipient: com.android.server.wm.ActivityRecord$$ExternalSyntheticLambda0
07-30 11:41:14.298   538   548 I BpBinder: onLastStrongRef automatically unlinking death recipients: 
07-30 11:41:14.369  3874  6886 I Fitness : FitCleanupIntentOperation received Intent android.intent.action.PACKAGE_CHANGED [CONTEXT service_id=17 ]
07-30 11:41:14.371  3933  3965 W GmscoreIpa: Can't build MobileApplication indexable: URL too long intent:#Intent;action=android.intent.action.MAIN;category=android.intent.category.LAUNCHER;package=com.google.testing.helium.utp.android.companion.instrumentations.runtimestats;component=com.google.testing.helium.utp.android.companion.instrumentations.runtimestats/com.google.testing.helium.utp.android.companion.activities.BlankActivity;end [CONTEXT service_id=255 ]
07-30 11:41:14.385  6881  6881 D nativeloader: InitDefaultPublicLibraries for_preload=1: libandroid.so:libaaudio.so:libamidi.so:libbinder_ndk.so:libc.so:libcamera2ndk.so:libdl.so:libEGL.so:libGLESv1_CM.so:libGLESv2.so:libGLESv3.so:libicu.so:libicui18n.so:libicuuc.so:libjnigraphics.so:liblog.so:libmediandk.so:libm.so:libnativehelper.so:libnativewindow.so:libOpenMAXAL.so:libOpenSLES.so:libRS.so:libstdc++.so:libsync.so:libvulkan.so:libwebviewchromium_plat_support.so:libz.so
07-30 11:41:14.389   538   557 I DropBoxManagerService: add tag=system_server_strictmode isTagEnabled=true flags=0x2
07-30 11:41:14.403  6881  6881 D app_process: Time zone APEX ICU file found: /apex/com.android.tzdata/etc/icu/icu_tzdata.dat
07-30 11:41:14.403  6881  6881 D app_process: I18n APEX ICU file found: /apex/com.android.i18n/etc/icu/icudt72l.dat
07-30 11:41:14.411   538   622 D ActivityManager: freezing 2346 com.google.android.contacts
07-30 11:41:14.424  1704  2049 W AiAiAutofill: Failed to set whitelist for augmented autofill service.
07-30 11:41:14.424  1704  2049 W AiAiAutofill: java.lang.SecurityException: caller is not user's Augmented Autofill Service
07-30 11:41:14.424  1704  2049 W AiAiAutofill: 	at android.view.autofill.AutofillManager.setAugmentedAutofillWhitelist(AutofillManager.java:2676)
07-30 11:41:14.424  1704  2049 W AiAiAutofill: 	at cjj.c(PG:7)
07-30 11:41:14.424  1704  2049 W AiAiAutofill: 	at cju.g(PG:8)
07-30 11:41:14.424  1704  2049 W AiAiAutofill: 	at cju.i(Unknown Source:3)
07-30 11:41:14.424  1704  2049 W AiAiAutofill: 	at cju.h(PG:2)
07-30 11:41:14.424  1704  2049 W AiAiAutofill: 	at cjv.a(PG:3)
07-30 11:41:14.424  1704  2049 W AiAiAutofill: 	at dgq.run(PG:41)
07-30 11:41:14.424  1704  2049 W AiAiAutofill: 	at dgq.run(PG:69)
07-30 11:41:14.424  1704  2049 W AiAiAutofill: 	at java.util.concurrent.Executors$RunnableAdapter.call(Executors.java:487)
07-30 11:41:14.424  1704  2049 W AiAiAutofill: 	at java.util.concurrent.FutureTask.run(FutureTask.java:264)
07-30 11:41:14.424  1704  2049 W AiAiAutofill: 	at java.util.concurrent.ScheduledThreadPoolExecutor$ScheduledFutureTask.run(ScheduledThreadPoolExecutor.java:307)
07-30 11:41:14.424  1704  2049 W AiAiAutofill: 	at java.util.concurrent.ThreadPoolExecutor.runWorker(ThreadPoolExecutor.java:1145)
07-30 11:41:14.424  1704  2049 W AiAiAutofill: 	at java.util.concurrent.ThreadPoolExecutor$Worker.run(ThreadPoolExecutor.java:644)
07-30 11:41:14.424  1704  2049 W AiAiAutofill: 	at dgq.run(PG:67)
07-30 11:41:14.424  1704  2049 W AiAiAutofill: 	at java.lang.Thread.run(Thread.java:1012)
07-30 11:41:14.428  3874  6885 I ProximityAuth: [RecentAppsMediator] Package added: (user=UserHandle{0}) com.google.testing.helium.utp.android.companion.instrumentations.runtimestats
07-30 11:41:14.430  3874  6886 W GCM     : Unexpected forwarded intent: Intent { act=android.intent.action.PACKAGE_ADDED dat=package: flg=0x4000010 pkg=com.google.android.gms cmp=com.google.android.gms/.chimera.PersistentIntentOperationService (has extras) }
07-30 11:41:14.430  3933  6891 I Auth    : [SupervisedAccountIntentOperationV2] onHandleIntent: android.intent.action.PACKAGE_ADDED [CONTEXT service_id=42 ]
07-30 11:41:14.434  3933  6895 I Blockstore: [DataStoreImpl] Clearing Blockstore Data for package com.google.testing.helium.utp.android.companion.instrumentations.runtimestats [CONTEXT service_id=258 ]
07-30 11:41:14.434  3874  6884 I FontLog : Package com.google.testing.helium.utp.android.companion.instrumentations.runtimestats has no metadata [CONTEXT service_id=132 ]
07-30 11:41:14.434  3933  6895 I Blockstore: [DataStoreImpl] Keyless data not found or its IsLastInstallationData = false. [CONTEXT service_id=258 ]
07-30 11:41:14.435  3874  6884 W NetworkScheduler: Unexpected forwarded intent: Intent { act=android.intent.action.PACKAGE_ADDED dat=package: flg=0x4000010 pkg=com.google.android.gms cmp=com.google.android.gms/.chimera.PersistentIntentOperationService (has extras) }
07-30 11:41:14.435  3933  6895 W Dck     : Disable DCK module - Android debug build without fullaccess [CONTEXT service_id=289 ]
07-30 11:41:14.436  3933  6895 W Dck     : Dck module not eligible for asynchronous downloading [CONTEXT service_id=289 ]
07-30 11:41:14.441  3874  6705 I Fitness : OnPackageChangedOperation got intent: Intent { act=android.intent.action.PACKAGE_CHANGED dat=package: flg=0x5000010 pkg=com.google.android.gms cmp=com.google.android.gms/.chimera.PersistentIntentOperationService (has extras) } [CONTEXT service_id=17 ]
07-30 11:41:14.449  3933  3965 W GmscoreIpa: Can't build MobileApplication indexable: URL too long intent:#Intent;action=android.intent.action.MAIN;category=android.intent.category.LAUNCHER;package=com.google.testing.helium.utp.android.companion.instrumentations.runtimestats;component=com.google.testing.helium.utp.android.companion.instrumentations.runtimestats/com.google.testing.helium.utp.android.companion.activities.BlankActivity;end [CONTEXT service_id=255 ]
07-30 11:41:14.467  3874  6886 I PhenotypeResourceReader: unable to find any Phenotype resource metadata for com.google.testing.helium.utp.android.companion.instrumentations.runtimestats
07-30 11:41:14.467  3933  6711 I Icing   : Indexing com.google.android.gms-apps from com.google.android.gms
07-30 11:41:14.472  3933  3965 W GmscoreIpa: Can't build MobileApplication indexable: URL too long intent:#Intent;action=android.intent.action.MAIN;category=android.intent.category.LAUNCHER;package=com.google.testing.helium.utp.android.companion.instrumentations.runtimestats;component=com.google.testing.helium.utp.android.companion.instrumentations.runtimestats/com.google.testing.helium.utp.android.companion.activities.BlankActivity;end [CONTEXT service_id=255 ]
07-30 11:41:14.473  6881  6881 D AndroidRuntime: Calling main entry com.android.commands.am.Am
07-30 11:41:14.475  3874  6886 I Fitness : FitCleanupIntentOperation received Intent android.intent.action.PACKAGE_CHANGED [CONTEXT service_id=17 ]
07-30 11:41:14.482  6881  6881 D UiAutomationConnection: Created on user UserHandle{0}
07-30 11:41:14.482   538  1777 I ActivityManager: Force stopping com.google.testing.helium.utp.android.companion.instrumentations.runtimestats appid=10202 user=0: start instr
07-30 11:41:14.485   538  1777 E libprocessgroup: No such cgroup attribute: /sys/fs/cgroup/uid_10202/cgroup.freeze
07-30 11:41:14.485   538  1777 W libprocessgroup: Failed to apply Frozen process profile: No such file or directory
07-30 11:41:14.485   538  1777 E libprocessgroup: No such cgroup attribute: /sys/fs/cgroup/uid_10202/cgroup.freeze
07-30 11:41:14.485   538  1777 W libprocessgroup: Failed to apply Unfrozen process profile: No such file or directory
07-30 11:41:14.488   538  1777 D CompatibilityChangeReporter: Compat change id reported: 135634846; UID 10202; state: DISABLED
07-30 11:41:14.488   538  1777 D CompatibilityChangeReporter: Compat change id reported: 177438394; UID 10202; state: DISABLED
07-30 11:41:14.489   538  1777 D CompatibilityChangeReporter: Compat change id reported: 135772972; UID 10202; state: DISABLED
07-30 11:41:14.489   538  1777 D CompatibilityChangeReporter: Compat change id reported: 135754954; UID 10202; state: ENABLED
07-30 11:41:14.489   538   566 D CompatibilityChangeReporter: Compat change id reported: 143937733; UID 10202; state: ENABLED
07-30 11:41:14.493   538   614 D CompatibilityChangeReporter: Compat change id reported: 265195908; UID 10202; state: ENABLED
07-30 11:41:14.515   353   353 D Zygote  : Forked child process 6924
07-30 11:41:14.515   538   566 I ActivityManager: Start proc 6924:com.google.testing.helium.utp.android.companion.instrumentations.runtimestats/u0a202 for added application com.google.testing.helium.utp.android.companion.instrumentations.runtimestats
07-30 11:41:14.523  3933  6711 I Icing   : Indexing done com.google.android.gms-apps
07-30 11:41:14.543  6924  6924 I Zygote  : seccomp disabled by setenforce 0
07-30 11:41:14.551   898  5335 E RoleControllerServiceImpl: Default/fallback role holder package doesn't qualify for the role, package: com.google.android.googlequicksearchbox, role: android.app.role.ASSISTANT
07-30 11:41:14.563  6924  6924 I ns.runtimestats: Late-enabling -Xcheck:jni
07-30 11:41:14.615  6924  6924 I ns.runtimestats: Using CollectorTypeCC GC.
07-30 11:41:14.619   538   623 I RoleService: Granting default roles...
07-30 11:41:14.621  3933  6711 I Icing   : Indexing com.google.android.gms-apps from com.google.android.gms
07-30 11:41:14.622  3933  6711 I Icing   : Indexing done com.google.android.gms-apps
07-30 11:41:14.628  4995  5002 I adbd    : jdwp connection from 6924
07-30 11:41:14.638   898  5335 E RoleControllerServiceImpl: Default/fallback role holder package doesn't qualify for the role, package: com.google.android.gms.supervision, role: android.app.role.SYSTEM_SUPERVISION
07-30 11:41:14.648   898  5335 W Role    : Default holder doesn't have required signing certificate: com.google.android.apps.work.clouddpc:23962F4B43B9857638EA66F4D419518EAE282491ACDA4B94707BD59003C45E58
07-30 11:41:14.693  6924  6924 D CompatibilityChangeReporter: Compat change id reported: 171979766; UID 10202; state: ENABLED
07-30 11:41:14.694  6924  6924 D CompatibilityChangeReporter: Compat change id reported: 242716250; UID 10202; state: ENABLED
07-30 11:41:14.704   538   598 D CompatibilityChangeReporter: Compat change id reported: 170503758; UID 10202; state: ENABLED
07-30 11:41:14.710  6924  6924 W ziparchive: Unable to open '/data/app/~~TpwkXph1kYCOqzbW7o0k5A==/com.google.testing.helium.utp.android.companion.instrumentations.runtimestats-vPDeJ7PLeFDI62phrQWcqA==/base.dm': No such file or directory
07-30 11:41:14.710  6924  6924 W ziparchive: Unable to open '/data/app/~~TpwkXph1kYCOqzbW7o0k5A==/com.google.testing.helium.utp.android.companion.instrumentations.runtimestats-vPDeJ7PLeFDI62phrQWcqA==/base.dm': No such file or directory
07-30 11:41:14.777  6924  6924 D nativeloader: Configuring clns-6 for other apk /data/app/~~TpwkXph1kYCOqzbW7o0k5A==/com.google.testing.helium.utp.android.companion.instrumentations.runtimestats-vPDeJ7PLeFDI62phrQWcqA==/base.apk. target_sdk_version=34, uses_libraries=, library_path=/data/app/~~TpwkXph1kYCOqzbW7o0k5A==/com.google.testing.helium.utp.android.companion.instrumentations.runtimestats-vPDeJ7PLeFDI62phrQWcqA==/lib/arm64, permitted_path=/data:/mnt/expand:/data/user/0/com.google.testing.helium.utp.android.companion.instrumentations.runtimestats
07-30 11:41:14.791  6924  6924 V GraphicsEnvironment: Currently set values for:
07-30 11:41:14.791  6924  6924 V GraphicsEnvironment:   angle_gl_driver_selection_pkgs=[]
07-30 11:41:14.791  6924  6924 V GraphicsEnvironment:   angle_gl_driver_selection_values=[]
07-30 11:41:14.791  6924  6924 V GraphicsEnvironment: ANGLE GameManagerService for com.google.testing.helium.utp.android.companion.instrumentations.runtimestats: false
07-30 11:41:14.791  6924  6924 V GraphicsEnvironment: com.google.testing.helium.utp.android.companion.instrumentations.runtimestats is not listed in per-application setting
07-30 11:41:14.791  6924  6924 V GraphicsEnvironment: Neither updatable production driver nor prerelease driver is supported.
07-30 11:41:14.822  6924  6924 D Companion: Instrumentation completed successfully
07-30 11:41:14.823   538  2158 I ActivityManager: Force stopping com.google.testing.helium.utp.android.companion.instrumentations.runtimestats appid=10202 user=0: finished inst
07-30 11:41:14.823   538  2158 E ActivityManager: Unable to freeze binder for 6924: -11
07-30 11:41:14.830  6881  6881 I app_process: System.exit called, status: 0
07-30 11:41:14.830  6881  6881 I AndroidRuntime: VM exiting with result code 0.
07-30 11:41:14.831   538   556 D DisplayManagerService: Drop pending events for gone uid 10202
07-30 11:41:14.825  2158  2158 I binder  : 538:2158 ioctl 400c620e 7a216ea648 returned -11
07-30 11:41:14.825  2158  2158 I binder  : 538:2158 ioctl 400c620e 7a216ea648 returned -11
07-30 11:41:14.832   538  2158 I ActivityManager: Killing 6924:com.google.testing.helium.utp.android.companion.instrumentations.runtimestats/u0a202 (adj 0): stop com.google.testing.helium.utp.android.companion.instrumentations.runtimestats due to finished inst
07-30 11:41:14.835  2654  3653 I DialerOmtpVvmCarrierConfigHelper: com.android.voicemail.impl.OmtpVvmCarrierConfigHelper.handleEvent:527 OmtpEvent:CONFIG_STATUS_SMS_TIME_OUT PhoneAccountHandle: [ComponentName: com.android.phone/com.android.services.telephony.TelephonyConnectionService subId: 1] [CONTEXT enable_persistent_logger=true ]
07-30 11:41:14.837  2654  2654 I DialerRetryPolicy: com.android.voicemail.impl.scheduling.RetryPolicy.onCompleted:118 discarding deferred status [CONTEXT enable_persistent_logger=true ]
07-30 11:41:14.848  2654  2654 I DialerTaskExecutor: com.android.voicemail.impl.scheduling.TaskExecutor.prepareStop:371 no more tasks, stopping service if no task are added in 5000 millis [CONTEXT enable_persistent_logger=true ]
07-30 11:41:14.850  2654  2654 I DialerLogcatLoggingBindings: com.android.dialer.logging.logcat.LogcatLoggingBindings.logImpression:41 Impression: VVM_AUTO_RETRY_ACTIVATION
07-30 11:41:14.850  2654  2654 I DialerTaskReceiver: com.android.voicemail.impl.scheduling.TaskReceiver.onReceive:68 task received [CONTEXT enable_persistent_logger=true ]
07-30 11:41:14.850  2654  2654 I DialerTaskReceiver: com.android.voicemail.impl.scheduling.TaskReceiver.onReceive:73 TaskExecutor already running [CONTEXT enable_persistent_logger=true ]
07-30 11:41:14.850  2654  2654 I DialerTasks: com.android.voicemail.impl.scheduling.Tasks.createTask:59 Task.createTask create task:com.android.voicemail.impl.ActivationTask [CONTEXT enable_persistent_logger=true ]
07-30 11:41:14.853  2654  2654 I DialerRetryPolicy: com.android.voicemail.impl.scheduling.RetryPolicy.onCreate:81 retry #3 for com.android.voicemail.impl.ActivationTask@4f34925 queued, executing in 5000 [CONTEXT enable_persistent_logger=true ]
07-30 11:41:14.857   353   353 I Zygote  : Process 6924 exited due to signal 9 (Killed)
07-30 11:41:14.857   538  2158 V ActivityManager: Got obituary of 6924:com.google.testing.helium.utp.android.companion.instrumentations.runtimestats
07-30 11:41:14.857    34    34 I binder  : undelivered TRANSACTION_COMPLETE
07-30 11:41:14.857    34    34 I binder  : undelivered transaction 484529, process died.
07-30 11:41:14.876  2654  2654 I DialerTaskExecutor: com.android.voicemail.impl.scheduling.TaskExecutor.addTask:299 com.android.voicemail.impl.ActivationTask@4f34925 added [CONTEXT enable_persistent_logger=true ]
07-30 11:41:14.877  2654  2654 I DialerTaskExecutor: com.android.voicemail.impl.scheduling.TaskExecutor.runNextTask:345 minimal wait time:4976 [CONTEXT enable_persistent_logger=true ]
07-30 11:41:14.877  2654  2654 I DialerTaskExecutor: com.android.voicemail.impl.scheduling.TaskExecutor.sleep:355 sleep for 4976 millis [CONTEXT enable_persistent_logger=true ]
07-30 11:41:14.907   898  5335 E RoleControllerServiceImpl: Default/fallback role holder package doesn't qualify for the role, package: com.google.android.googlequicksearchbox, role: android.app.role.ASSISTANT
07-30 11:41:15.143  6953  6953 D AndroidRuntime: >>>>>> START com.android.internal.os.RuntimeInit uid 0 <<<<<<
07-30 11:41:15.150  6953  6953 I AndroidRuntime: Using default boot image
07-30 11:41:15.150  6953  6953 I AndroidRuntime: Leaving lock profiling enabled
07-30 11:41:15.153  6953  6953 I app_process: Core platform API reporting enabled, enforcing=false
07-30 11:41:15.153  6953  6953 I app_process: Using CollectorTypeCC GC.
07-30 11:41:15.209  6953  6953 D nativeloader: InitDefaultPublicLibraries for_preload=1: libandroid.so:libaaudio.so:libamidi.so:libbinder_ndk.so:libc.so:libcamera2ndk.so:libdl.so:libEGL.so:libGLESv1_CM.so:libGLESv2.so:libGLESv3.so:libicu.so:libicui18n.so:libicuuc.so:libjnigraphics.so:liblog.so:libmediandk.so:libm.so:libnativehelper.so:libnativewindow.so:libOpenMAXAL.so:libOpenSLES.so:libRS.so:libstdc++.so:libsync.so:libvulkan.so:libwebviewchromium_plat_support.so:libz.so
07-30 11:41:15.220  6953  6953 D app_process: Time zone APEX ICU file found: /apex/com.android.tzdata/etc/icu/icu_tzdata.dat
07-30 11:41:15.220  6953  6953 D app_process: I18n APEX ICU file found: /apex/com.android.i18n/etc/icu/icudt72l.dat
07-30 11:41:15.246  6953  6953 D AndroidRuntime: Calling main entry com.android.commands.am.Am
07-30 11:41:15.252  6953  6953 D UiAutomationConnection: Created on user UserHandle{0}
07-30 11:41:15.255   538  2167 I ActivityManager: Force stopping com.google.android.apps.mtaas.loginutil appid=10195 user=0: start instr
07-30 11:41:15.255   538  2167 E libprocessgroup: No such cgroup attribute: /sys/fs/cgroup/uid_10195/cgroup.freeze
07-30 11:41:15.255   538  2167 W libprocessgroup: Failed to apply Frozen process profile: No such file or directory
07-30 11:41:15.256   538  2167 E libprocessgroup: No such cgroup attribute: /sys/fs/cgroup/uid_10195/cgroup.freeze
07-30 11:41:15.257   538  2167 W libprocessgroup: Failed to apply Unfrozen process profile: No such file or directory
07-30 11:41:15.263   538  2167 D CompatibilityChangeReporter: Compat change id reported: 135634846; UID 10195; state: DISABLED
07-30 11:41:15.264   538  2167 D CompatibilityChangeReporter: Compat change id reported: 177438394; UID 10195; state: DISABLED
07-30 11:41:15.265   538  2167 D CompatibilityChangeReporter: Compat change id reported: 135772972; UID 10195; state: DISABLED
07-30 11:41:15.265   538  2167 D CompatibilityChangeReporter: Compat change id reported: 135754954; UID 10195; state: DISABLED
07-30 11:41:15.266   538   566 D CompatibilityChangeReporter: Compat change id reported: 143937733; UID 10195; state: DISABLED
07-30 11:41:15.269   538   614 D CompatibilityChangeReporter: Compat change id reported: 265195908; UID 10195; state: ENABLED
07-30 11:41:15.270   353   353 D Zygote  : Forked child process 6967
07-30 11:41:15.271   538   566 I ActivityManager: Start proc 6967:com.google.android.apps.mtaas.loginutil/u0a195 for added application com.google.android.apps.mtaas.loginutil
07-30 11:41:15.316  6967  6967 I Zygote  : seccomp disabled by setenforce 0
07-30 11:41:15.317  6967  6967 I libc    : SetHeapTaggingLevel: tag level set to 0
07-30 11:41:15.319  6967  6967 I mtaas.loginutil: Using CollectorTypeCC GC.
07-30 11:41:15.325  6967  6967 E mtaas.loginutil: Not starting debugger since process cannot load the jdwp agent.
07-30 11:41:15.335  6967  6967 D CompatibilityChangeReporter: Compat change id reported: 171979766; UID 10195; state: DISABLED
07-30 11:41:15.335  6967  6967 D CompatibilityChangeReporter: Compat change id reported: 242716250; UID 10195; state: DISABLED
07-30 11:41:15.338   538  2167 D CompatibilityChangeReporter: Compat change id reported: 170503758; UID 10195; state: DISABLED
07-30 11:41:15.340  6967  6967 D ApplicationLoaders: Returning zygote-cached class loader: /system/framework/android.test.base.jar
07-30 11:41:15.341  6967  6967 D nativeloader: Configuring clns-6 for other apk /system/framework/org.apache.http.legacy.jar. target_sdk_version=24, uses_libraries=ALL, library_path=/data/app/~~dOEqNMGSGbZqgql4zCJ4Og==/com.google.android.apps.mtaas.loginutil-rdtG-RM7RnBE--_kO6KHUA==/lib/arm64, permitted_path=/data:/mnt/expand:/data/user/0/com.google.android.apps.mtaas.loginutil
07-30 11:41:15.343  6967  6967 D nativeloader: Configuring clns-7 for other apk /data/app/~~dOEqNMGSGbZqgql4zCJ4Og==/com.google.android.apps.mtaas.loginutil-rdtG-RM7RnBE--_kO6KHUA==/base.apk. target_sdk_version=24, uses_libraries=, library_path=/data/app/~~dOEqNMGSGbZqgql4zCJ4Og==/com.google.android.apps.mtaas.loginutil-rdtG-RM7RnBE--_kO6KHUA==/lib/arm64, permitted_path=/data:/mnt/expand:/data/user/0/com.google.android.apps.mtaas.loginutil
07-30 11:41:15.385  6967  6967 V GraphicsEnvironment: Currently set values for:
07-30 11:41:15.385  6967  6967 V GraphicsEnvironment:   angle_gl_driver_selection_pkgs=[]
07-30 11:41:15.385  6967  6967 V GraphicsEnvironment:   angle_gl_driver_selection_values=[]
07-30 11:41:15.385  6967  6967 V GraphicsEnvironment: ANGLE GameManagerService for com.google.android.apps.mtaas.loginutil: false
07-30 11:41:15.385  6967  6967 V GraphicsEnvironment: com.google.android.apps.mtaas.loginutil is not listed in per-application setting
07-30 11:41:15.385  6967  6967 V GraphicsEnvironment: Neither updatable production driver nor prerelease driver is supported.
07-30 11:41:15.387   538  2167 I ActivityManager: Flag disabled. Ignoring finishAttachApplication from uid: 10195. pid: 6967
07-30 11:41:15.389  6967  6984 I LoginUtil: onStart
07-30 11:41:15.389  6967  6984 I LoginUtil: Checking for Internet
07-30 11:41:15.393   352  6985 I resolv  : GetAddrInfoHandler::run: {102 102 102 983142 10195 0}
07-30 11:41:15.394   352  6987 I resolv  : res_nmkquery: (QUERY, IN, A)
07-30 11:41:15.403   352  6986 I resolv  : res_nmkquery: (QUERY, IN, AAAA)
07-30 11:41:15.408   352  6987 I resolv  : res_nsend: used send_dg 44 terrno: 0
07-30 11:41:15.408   352  6986 I resolv  : res_nsend: used send_dg 56 terrno: 0
