07-30 11:41:20.286   538   552 I ActivityManager: Flag disabled. Ignoring finishAttachApplication from uid: 10153. pid: 7045
07-30 11:41:20.286   538  1957 W system_server: Long monitor contention with owner binder:538_1B (2170) at void com.android.server.accounts.AccountManagerService.setUserdataInternal(com.android.server.accounts.AccountManagerService$UserAccounts, android.accounts.Account, java.lang.String, java.lang.String)(AccountManagerService.java:2866) waiters=3 in void com.android.server.accounts.AccountManagerService.setUserdataInternal(com.android.server.accounts.AccountManagerService$UserAccounts, android.accounts.Account, java.lang.String, java.lang.String) for 418ms
07-30 11:41:20.289   538   883 E SyncManager: Job params not found for 1
07-30 11:41:20.294   538   883 E SyncManager: SYNC_OP_STATE_INVALID: account doesn't exist.
07-30 11:41:20.294   538   883 E SyncManager: SYNC_OP_STATE_INVALID: account doesn't exist.
07-30 11:41:20.296   538   883 E SyncManager: SYNC_OP_STATE_INVALID: account doesn't exist.
07-30 11:41:20.297   538   883 E SyncManager: SYNC_OP_STATE_INVALID: account doesn't exist.
07-30 11:41:20.297   538   883 E SyncManager: SYNC_OP_STATE_INVALID: account doesn't exist.
07-30 11:41:20.297   538   883 E SyncManager: SYNC_OP_STATE_INVALID: account doesn't exist.
07-30 11:41:20.297   538   883 E SyncManager: SYNC_OP_STATE_INVALID: account doesn't exist.
07-30 11:41:20.304  7045  7300 I c.aebu  : The schema version is 19, the database version is 0, and there are 20 migrations
07-30 11:41:20.305  7045  7300 I c.aecn  : SqlDropAllTablesMigration is dropping tables in this order: []
07-30 11:41:20.343  4277  4371 W putmethod.latin: Long monitor contention with owner Back-P10-5 (6203) at boolean ftg.d(ftf, android.content.ServiceConnection)(PG:13) waiters=0 in boolean ftg.d(ftf, android.content.ServiceConnection) for 323ms
07-30 11:41:20.345  3874  3960 W WearableService: onGetService: Wear is not available on this device.
07-30 11:41:20.412  3874  7047 I NetworkScheduler.Stats: Task com.google.android.gms/com.google.android.gms.clearcut.uploader.QosUploaderService started execution. cause:5 exec_start_elapsed_seconds: 225 [CONTEXT service_id=218 ]
07-30 11:41:20.420  3874  7047 I NetworkScheduler.Stats: Task com.google.android.gms/com.google.android.gms.gcm.gmsproc.GcmInGmsTaskService started execution. cause:5 exec_start_elapsed_seconds: 225 [CONTEXT service_id=218 ]
07-30 11:41:20.423   538   883 E SyncManager: SYNC_OP_STATE_INVALID: account doesn't exist.
07-30 11:41:20.424   538   883 E SyncManager: SYNC_OP_STATE_INVALID: account doesn't exist.
07-30 11:41:20.424   538   883 E SyncManager: SYNC_OP_STATE_INVALID: account doesn't exist.
07-30 11:41:20.426  2654  6165 I DialerRestVoicemailEnabledFn: com.android.dialer.voicemail.service.impl.vvmclients.rest.RestVoicemailEnabledFn.isEnabled:51 disabled by flag [CONTEXT ratelimit_period="1 MINUTES [skipped: 29]" ]
07-30 11:41:20.426  2654  6165 I DialerCvvmEnabledFn: com.android.dialer.voicemail.service.impl.vvmclients.omtp.protocol.cvvm.CvvmEnabledFn.isEnabled:37 disabled by flag [CONTEXT ratelimit_period="1 MINUTES [skipped: 14]" ]
07-30 11:41:20.428   538   883 E SyncManager: SYNC_OP_STATE_INVALID: account doesn't exist.
07-30 11:41:20.430   538  2167 W PermissionManagerService: Datasource AttributionSource { uid = 10146, packageName = com.google.android.gm, attributionTag = null, token = android.os.BinderProxy@fce8250, next = android.content.AttributionSourceState@794fe0b } protecting data with platform defined runtime permission android.permission.READ_CONTACTS while not having android.permission.UPDATE_APP_OPS_STATS
07-30 11:41:20.436  1123  1415 D ImsResolver: maybeAddedImsService, packageName: com.google.android.calendar
07-30 11:41:20.444  3933  6915 I LSRAccountChange: Received account change broadcast [CONTEXT service_id=277 ]
07-30 11:41:20.444  3933  6915 I LSRAccountChange: Dropping account change broadcast, no accounts removed. [CONTEXT service_id=277 ]
07-30 11:41:20.483  3933  4888 D TrafficStats: tagSocket(195) with statsTag=0x400010a, statsUid=-1
07-30 11:41:20.485   352  7318 I resolv  : GetAddrInfoHandler::run: {102 786534 102 983142 10128 0}
07-30 11:41:20.492   352  7320 I resolv  : res_nmkquery: (QUERY, IN, AAAA)
07-30 11:41:20.496   352  7319 I resolv  : GetAddrInfoHandler::run: {102 786534 102 983142 10128 0}
07-30 11:41:20.502   538   564 W Searchables: No global search activity found
07-30 11:41:20.502   352  7322 I resolv  : res_nmkquery: (QUERY, IN, AAAA)
07-30 11:41:20.505   352  7322 I resolv  : res_nsend: used send_dg 154 terrno: 0
07-30 11:41:20.505   352  7322 I resolv  : doQuery: rcode=0, ancount=4, return value=154
07-30 11:41:20.508   352  7320 I resolv  : res_nsend: used send_dg 162 terrno: 0
07-30 11:41:20.508   352  7320 I resolv  : doQuery: rcode=0, ancount=4, return value=162
07-30 11:41:20.508   352  7321 I resolv  : res_nmkquery: (QUERY, IN, A)
07-30 11:41:20.512   352  7323 I resolv  : res_nmkquery: (QUERY, IN, A)
07-30 11:41:20.514   538   883 E SyncManager: SYNC_OP_STATE_INVALID: account doesn't exist.
07-30 11:41:20.514   538   883 E SyncManager: SYNC_OP_STATE_INVALID: account doesn't exist.
07-30 11:41:20.531   352  7321 I resolv  : res_nsend: used send_dg 306 terrno: 0
07-30 11:41:20.531   352  7321 I resolv  : doQuery: rcode=0, ancount=16, return value=306
07-30 11:41:20.531   352  7323 I resolv  : res_nsend: used send_dg 298 terrno: 0
07-30 11:41:20.531   352  7323 I resolv  : doQuery: rcode=0, ancount=16, return value=298
07-30 11:41:20.558   538  1959 W system_server: Long monitor contention with owner binder:538_11 (1957) at void com.android.server.accounts.AccountManagerService.setUserdataInternal(com.android.server.accounts.AccountManagerService$UserAccounts, android.accounts.Account, java.lang.String, java.lang.String)(AccountManagerService.java:2866) waiters=1 in boolean com.android.server.accounts.AccountManagerService.saveAuthTokenToDatabase(com.android.server.accounts.AccountManagerService$UserAccounts, android.accounts.Account, java.lang.String, java.lang.String) for 230ms
07-30 11:41:20.578   895   895 D StatusBarIconController: ignoring old pipeline callbacks, because the new mobile icons are enabled
07-30 11:41:20.587  3933  4888 D TrafficStats: tagSocket(158) with statsTag=0x3c004800, statsUid=-1
07-30 11:41:20.594   538  1247 W ProcessStats: Tracking association SourceState{720d409 com.google.android.gms.unstable/10128 BFgs #9742} whose proc state 4 is better than process ProcessState{e4ff35f com.google.process.gservices/10128 pkg=com.google.android.gsf} proc state 6 (2190 skipped)
07-30 11:41:20.598  3874  3874 D BoundBrokerSvc: onBind: Intent { act=com.google.android.gms.nearby.fastpair.START dat=chimera-action:/... cmp=com.google.android.gms/.chimera.PersistentApiServiceNoInstantApps }
07-30 11:41:20.598  3874  3874 D BoundBrokerSvc: Loading bound service for intent: Intent { act=com.google.android.gms.nearby.fastpair.START dat=chimera-action:/... cmp=com.google.android.gms/.chimera.PersistentApiServiceNoInstantApps }
07-30 11:41:20.616  3933  4888 D TrafficStats: tagSocket(158) with statsTag=0x3c005601, statsUid=-1
07-30 11:41:20.621  3933  4888 D TrafficStats: tagSocket(152) with statsTag=0x3c004800, statsUid=-1
07-30 11:41:20.624  3933  3957 I PeopleGalProvider: Gal directories started.
07-30 11:41:20.631   538  1845 D PackageManager: Instant App installer not found with android.intent.action.INSTALL_INSTANT_APP_PACKAGE
07-30 11:41:20.636   538  1845 D PackageManager: Clear ephemeral installer activity
07-30 11:41:20.641   352  7328 I resolv  : GetAddrInfoHandler::run: {102 786534 102 983142 10128 0}
07-30 11:41:20.641  4190  4229 D TrafficStats: tagSocket(113) with statsTag=0x1809, statsUid=-1
07-30 11:41:20.648  4190  4229 D TrafficStats: tagSocket(113) with statsTag=0x1809, statsUid=-1
07-30 11:41:20.649   538   555 W Looper  : Slow dispatch took 191ms android.fg h=android.os.Handler c=<recycled PooledLambda@c64a3fd> m=0
07-30 11:41:20.650   538   555 W Looper  : Slow delivery took 206ms android.fg h=android.os.Handler c=<recycled PooledLambda@37f18f2> m=0
07-30 11:41:20.653  4190  4229 D TrafficStats: tagSocket(113) with statsTag=0x1809, statsUid=-1
07-30 11:41:20.662  3933  3957 I PeopleGalProvider: Method 1 completed.
07-30 11:41:20.662  3933  3957 I PeopleGalProvider: Method 1 finished successfully.
07-30 11:41:20.663  3933  4888 I cn_CronetUrlRequestContext: destroyNativeStreamLocked org.chromium.net.impl.CronetBidirectionalStream@c79c768
07-30 11:41:20.676   538  1959 D PackageManager: Instant App installer not found with android.intent.action.INSTALL_INSTANT_APP_PACKAGE
07-30 11:41:20.676   538  1959 D PackageManager: Clear ephemeral installer activity
07-30 11:41:20.685  3933  6889 I MS_RegisterService: Tachyon host: www.google.com, Tachyon port: 443
07-30 11:41:20.685  3933  6889 I MS_RegUtils: checking registration with Lighter
07-30 11:41:20.688   538   538 I DevicePolicyManager: Finished calculating hasIncompatibleAccountsTask
07-30 11:41:20.718  1974  7273 I ContactDirectoryManager: deleted 0 stale rows which don't have any relevant directory
07-30 11:41:20.718  1974  7273 I ContactDirectoryManager: Discovered 3 contact directories in 386ms
07-30 11:41:20.795   538   555 W system_server: Long monitor contention with owner binder:538_E (1845) at com.android.server.pm.Computer com.android.server.pm.PackageManagerService.snapshotComputer(boolean)(PackageManagerService.java:1195) waiters=7 in com.android.server.pm.Computer com.android.server.pm.PackageManagerService.snapshotComputer(boolean) for 118ms
07-30 11:41:20.795   538   555 W Looper  : Slow dispatch took 119ms android.fg h=android.os.Handler c=<recycled PooledLambda@ccd6dab> m=0
07-30 11:41:20.803   392   505 D AudioFlinger: mixer(0xb4000073bf98b930) throttle end: throttle time(26)
07-30 11:41:20.824   538  1959 D SafetySourceDataValidator: Package com.google.android.gms has expected signature
07-30 11:41:20.824   538  1959 D SafetySourceDataValidator: Package com.google.android.gms has expected signature
07-30 11:41:20.838  3933  6915 W DatabaseUpdateOperation: Unknown action: com.google.android.gms.auth.GOOGLE_ACCOUNT_CHANGE!
07-30 11:41:20.856  3933  4888 D TrafficStats: tagSocket(158) with statsTag=0x3c004800, statsUid=-1
07-30 11:41:20.856  3933  4888 D TrafficStats: tagSocket(152) with statsTag=0x3c004800, statsUid=-1
07-30 11:41:20.872  3933  6891 I Checkin : [CheckinOperation] Starting Checkin: Default Task Reason : 4 Force : true UserId : 0 Start time : 226817
07-30 11:41:20.873  3933  6891 I CheckinUtil: Classify the device as Phone. [CONTEXT service_id=130 ]
07-30 11:41:20.891  2654  6165 W Settings: Setting airplane_mode_on has moved from android.provider.Settings.System to android.provider.Settings.Global, returning read-only value.
07-30 11:41:20.892  2654  6165 I DialerVoicemailStatusDataServiceImpl: com.android.dialer.voicemailstatus.dataservice.impl.VoicemailStatusDataServiceImpl.lambda$insertOrUpdateVoicemailStatus$5:213 merged status: # kee@6600c263
07-30 11:41:20.896  2654  3653 I DialerActivationTask: com.android.voicemail.impl.ActivationTask.onExecuteInBackgroundThread:292 VVM content provider configured - vvm_type_cvvm PhoneAccountHandle: [ComponentName: com.android.phone/com.android.services.telephony.TelephonyConnectionService subId: 1] [CONTEXT enable_persistent_logger=true ]
07-30 11:41:20.897  2654  3653 I DialerActivationTask: com.android.voicemail.impl.ActivationTask.updateVoicemailsWithIccId:477 conversion disabled [CONTEXT enable_persistent_logger=true ]
07-30 11:41:20.898  3933  6889 I GmsCoreXrpcWrapper: Returning a channel provider with trafficStatsTag=67126272 trafficStatsUid=-1
07-30 11:41:20.919   464  7247 D AudioTrack: stop(16): called with 82980 frames delivered
07-30 11:41:20.921   538   883 E SyncManager: SYNC_OP_STATE_INVALID: account doesn't exist.
07-30 11:41:20.926   538   564 E system_server: No package ID 7f found for resource ID 0x7f08060c.
07-30 11:41:20.926   538   564 E system_server: No package ID 7f found for resource ID 0x7f15043b.
07-30 11:41:20.945   538   883 W JobInfo : Requested flex +57m36s0ms for job 15 is too small; raising to +1h12m0s0ms
07-30 11:41:20.946   538   883 D ConnectivityService: requestNetwork for uid/pid:1000/538 asUid: 10141 activeRequest: null callbackRequest: 150 [NetworkRequest [ REQUEST id=151, [ Capabilities: INTERNET&NOT_RESTRICTED&TRUSTED&NOT_VCN_MANAGED Uid: 10141 RequestorUid: 1000 RequestorPkg: android UnderlyingNetworks: Null] ]] callback flags: 0 order: 2147483647
07-30 11:41:20.948   538   883 E SyncManager: SYNC_OP_STATE_INVALID: account doesn't exist.
07-30 11:41:20.955   538   883 W JobInfo : Requested flex +57m36s0ms for job 17 is too small; raising to +1h12m0s0ms
07-30 11:41:20.956   538   883 W JobInfo : Requested flex +57m36s0ms for job 18 is too small; raising to +1h12m0s0ms
07-30 11:41:20.965   538   564 D AppWidgetServiceImpl: Provider info from ComponentInfo{com.google.android.apps.docs/com.google.android.apps.docs.drive.widget.suggestion.SuggestionAppWidgetProvider} won't be persisted.
07-30 11:41:20.965   538   564 D AppWidgetServiceImpl: Provider info from ComponentInfo{com.google.android.apps.docs/com.google.android.apps.docs.drive.widget.CakemixAppWidgetProvider} won't be persisted.
07-30 11:41:20.965   538   564 D AppWidgetServiceImpl: Provider info from ComponentInfo{com.google.android.calendar/com.android.calendar.widget.CalendarAppWidgetProvider} won't be persisted.
07-30 11:41:20.965   538   564 D AppWidgetServiceImpl: Provider info from ComponentInfo{com.google.android.calendar/com.google.android.calendar.widgetmonth.MonthViewWidgetProvider} won't be persisted.
07-30 11:41:20.965   538   564 D AppWidgetServiceImpl: Provider info from ComponentInfo{com.google.android.gm/com.google.android.gm.widget.GmailWidgetProvider} won't be persisted.
07-30 11:41:21.024  3874  7155 I elqi    : Writing data for these Geller corpora: 
07-30 11:41:21.024  3874  7155 I elqi    : Writing metadata key: _sync_timestamp_micros, corpus: FAST_PAIR
07-30 11:41:21.024  3874  7155 I elqi    : Writing metadata key: _sync_token, corpus: FAST_PAIR
07-30 11:41:21.025  3874  7155 I elqi    : Writing data for these Geller corpora: GELLER_CONFIG
07-30 11:41:21.025  3874  7155 I elqi    : Writing metadata key: _sync_timestamp_micros, corpus: GELLER_CONFIG
07-30 11:41:21.025  3874  7155 I elqi    : Writing metadata key: _sync_token, corpus: GELLER_CONFIG
07-30 11:41:21.027  1704  1704 I AiAiEcho: AppFetcherImpl onPackageChanged com.google.android.gm.
07-30 11:41:21.027  1704  3865 I AiAiEcho: AppIndexer Package:[com.google.android.gm] UserProfile:[0] Enabled:[true].
07-30 11:41:21.027  1704  3865 I AiAiEcho: AppFetcherImplV2 updateApps package:[com.google.android.gm], userId:[0], reason:[package is updated.].
07-30 11:41:21.047   538   564 W Searchables: No global search activity found
07-30 11:41:21.050   538   823 D ConnectivityService: NetReassign [151 : null  102] [c 0] [a 0] [i 4]
07-30 11:41:21.051  2654  3653 I DialerOmtpVvmCarrierConfigHelper: com.android.voicemail.impl.OmtpVvmCarrierConfigHelper.handleEvent:527 OmtpEvent:CONFIG_ACTIVATING PhoneAccountHandle: [ComponentName: com.android.phone/com.android.services.telephony.TelephonyConnectionService subId: 1] [CONTEXT enable_persistent_logger=true ]
07-30 11:41:21.052   538   816 D WifiNetworkFactory: got request NetworkRequest [ REQUEST id=151, [ Capabilities: INTERNET&NOT_RESTRICTED&TRUSTED&NOT_VCN_MANAGED Uid: 10141 RequestorUid: 1000 RequestorPkg: android UnderlyingNetworks: Null] ]
07-30 11:41:21.052   538   816 D UntrustedWifiNetworkFactory: got request NetworkRequest [ REQUEST id=151, [ Capabilities: INTERNET&NOT_RESTRICTED&TRUSTED&NOT_VCN_MANAGED Uid: 10141 RequestorUid: 1000 RequestorPkg: android UnderlyingNetworks: Null] ]
07-30 11:41:21.052   538   816 D OemPaidWifiNetworkFactory: got request NetworkRequest [ REQUEST id=151, [ Capabilities: INTERNET&NOT_RESTRICTED&TRUSTED&NOT_VCN_MANAGED Uid: 10141 RequestorUid: 1000 RequestorPkg: android UnderlyingNetworks: Null] ]
07-30 11:41:21.052   538   816 D MultiInternetWifiNetworkFactory: got request NetworkRequest [ REQUEST id=151, [ Capabilities: INTERNET&NOT_RESTRICTED&TRUSTED&NOT_VCN_MANAGED Uid: 10141 RequestorUid: 1000 RequestorPkg: android UnderlyingNetworks: Null] ]
07-30 11:41:21.053  2654  3653 I DialerVoicemailStatus: com.android.voicemail.impl.VoicemailStatus$Editor.apply:112 enter
07-30 11:41:21.057   392   505 D AudioFlinger: mixer(0xb4000073bf98b930) throttle end: throttle time(25)
07-30 11:41:21.105  3933  7097 W CryptauthV2: [ClientAppMetadataHelper] Skipping display calculation since didn't have access to a visual context
07-30 11:41:21.155  3933  4888 I cn_CronetUrlRequestContext: destroyNativeStreamLocked org.chromium.net.impl.CronetBidirectionalStream@6b08632
07-30 11:41:21.157   352  7343 I resolv  : GetAddrInfoHandler::run: {102 786534 102 983142 10128 0}
07-30 11:41:21.158  3933  4888 D TrafficStats: tagSocket(199) with statsTag=0x3c004800, statsUid=-1
07-30 11:41:21.162   352  7346 I resolv  : res_nmkquery: (QUERY, IN, A)
07-30 11:41:21.164   352  7345 I resolv  : res_nmkquery: (QUERY, IN, AAAA)
07-30 11:41:21.170   352  7346 I resolv  : res_nsend: used send_dg 311 terrno: 0
07-30 11:41:21.171   352  7345 I resolv  : res_nsend: used send_dg 167 terrno: 0
07-30 11:41:21.177   352  7345 I resolv  : doQuery: rcode=0, ancount=4, return value=167
07-30 11:41:21.178   352  7346 I resolv  : doQuery: rcode=0, ancount=16, return value=311
07-30 11:41:21.181  3933  3965 D TrafficStats: tagSocket(196) with statsTag=0x30001f05, statsUid=-1
07-30 11:41:21.190  3933  3965 W Conscrypt: Could not set socket write timeout: java.net.SocketException: Socket closed
07-30 11:41:21.190  3933  3965 W Conscrypt: 	at com.google.android.gms.org.conscrypt.Platform.setSocketWriteTimeout(:com.google.android.gms@250632029@25.06.32 (190400-724425688):204)
07-30 11:41:21.190  3933  3965 W Conscrypt: 	at com.google.android.gms.org.conscrypt.ConscryptFileDescriptorSocket.setSoWriteTimeout(:com.google.android.gms@250632029@25.06.32 (190400-724425688):4)
07-30 11:41:21.197  7048  7121 W DynamiteModule: Local module descriptor class for com.google.android.gms.providerinstaller.dynamite not found.
07-30 11:41:21.204  3933  3965 W Conscrypt: Could not set socket write timeout: java.net.SocketException: Socket closed
07-30 11:41:21.204  3933  3965 W Conscrypt: 	at com.google.android.gms.org.conscrypt.Platform.setSocketWriteTimeout(:com.google.android.gms@250632029@25.06.32 (190400-724425688):204)
07-30 11:41:21.204  3933  3965 W Conscrypt: 	at com.google.android.gms.org.conscrypt.ConscryptFileDescriptorSocket.setSoWriteTimeout(:com.google.android.gms@250632029@25.06.32 (190400-724425688):4)
07-30 11:41:21.206  3874  3923 W ProviderHelper: Unknown dynamite feature providerinstaller.dynamite
07-30 11:41:21.208  7048  7121 W ProviderInstaller: Failed to load providerinstaller module: No acceptable module com.google.android.gms.providerinstaller.dynamite found. Local version is 0 and remote version is 0.
07-30 11:41:21.209  7048  7121 W ProviderInstaller: Failed to report request stats: com.google.android.gms.common.security.ProviderInstallerImpl.reportRequestStats [class android.content.Context, long, long]
07-30 11:41:21.227  2654  3653 I DialerVoicemailStatusDataServiceImpl: com.android.dialer.voicemailstatus.dataservice.impl.VoicemailStatusDataServiceImpl.insertOrUpdateVoicemailStatus:196 enter
07-30 11:41:21.227   352   352 I netd    : tetherGetStats() -> {[]} <6.93ms>
07-30 11:41:21.240  3874  7113 I NearbyShared: GellerSyncDeviceChangeListener: onSyncCompleted: corpus= FAST_PAIR
07-30 11:41:21.240  3874  7113 I NearbyShared: GellerSyncDeviceChangeListener: onSyncCompleted: corpus= GELLER_CONFIG
07-30 11:41:21.246   538   564 E system_server: No package ID 7f found for resource ID 0x7f080305.
07-30 11:41:21.246   538   564 E system_server: No package ID 7f found for resource ID 0x7f130689.
07-30 11:41:21.246   538   564 E system_server: No package ID 7f found for resource ID 0x7f130689.
07-30 11:41:21.246   538   564 E system_server: No package ID 7f found for resource ID 0x7f080301.
07-30 11:41:21.246   538   564 E system_server: No package ID 7f found for resource ID 0x7f130687.
07-30 11:41:21.246   538   564 E system_server: No package ID 7f found for resource ID 0x7f130687.
07-30 11:41:21.246   538   564 E system_server: No package ID 7f found for resource ID 0x7f080303.
07-30 11:41:21.246   538   564 E system_server: No package ID 7f found for resource ID 0x7f130688.
07-30 11:41:21.246   538   564 E system_server: No package ID 7f found for resource ID 0x7f130688.
07-30 11:41:21.246   538   564 W ShortcutService: Invalid tag 'capability' found at depth 2
07-30 11:41:21.246   538   564 E ShortcutService: Ignoring excessive intent tag.
07-30 11:41:21.246   538   564 W ShortcutService: Invalid tag 'parameter' found at depth 4
07-30 11:41:21.246   538   564 W ShortcutService: Invalid tag 'capability' found at depth 2
07-30 11:41:21.246   538   564 W ShortcutService: Invalid tag 'slice' found at depth 3
07-30 11:41:21.246   538   564 W ShortcutService: Invalid tag 'url-template' found at depth 4
07-30 11:41:21.282  1704  1704 I AiAiEcho: AppFetcherImpl onPackageChanged com.google.android.apps.docs.
07-30 11:41:21.284  1704  5348 I AiAiEcho: AppIndexer Package:[com.google.android.apps.docs] UserProfile:[0] Enabled:[true].
07-30 11:41:21.284  1704  5348 I AiAiEcho: AppFetcherImplV2 updateApps package:[com.google.android.apps.docs], userId:[0], reason:[package is updated.].
07-30 11:41:21.288   538   564 D AppWidgetServiceImpl: Provider info from ComponentInfo{com.google.android.apps.docs/com.google.android.apps.docs.drive.widget.suggestion.SuggestionAppWidgetProvider} won't be persisted.
07-30 11:41:21.288   538   564 D AppWidgetServiceImpl: Provider info from ComponentInfo{com.google.android.apps.docs/com.google.android.apps.docs.drive.widget.CakemixAppWidgetProvider} won't be persisted.
07-30 11:41:21.288   538   564 D AppWidgetServiceImpl: Provider info from ComponentInfo{com.google.android.calendar/com.android.calendar.widget.CalendarAppWidgetProvider} won't be persisted.
07-30 11:41:21.288   538   564 D AppWidgetServiceImpl: Provider info from ComponentInfo{com.google.android.calendar/com.google.android.calendar.widgetmonth.MonthViewWidgetProvider} won't be persisted.
07-30 11:41:21.319   352   352 I netd    : bandwidthSetGlobalAlert(2097152) <0.37ms>
07-30 11:41:21.324  3933  6915 I LocationHistory: [IntentOperation] Handling action com.google.android.gms.auth.GOOGLE_ACCOUNT_CHANGE [CONTEXT service_id=314 ]
07-30 11:41:21.325   538  2175 D BiometricService: canAuthenticate: User=0, Caller=0, Authenticators=255
07-30 11:41:21.345   538  2175 D BiometricService/PreAuthInfo: Package: com.google.android.gms Sensor ID: 4 Modality: 8 Status: 7
07-30 11:41:21.346   538  2175 D BiometricService/PreAuthInfo: Package: com.google.android.gms Sensor ID: 0 Modality: 2 Status: 7
07-30 11:41:21.346   538  2175 D BiometricService/PreAuthInfo: getCanAuthenticateInternal Modality: 8 AuthenticatorStatus: 7
07-30 11:41:21.347   538  2175 D AuthService: canAuthenticate, userId: 0, callingUserId: 0, authenticators: 255, result: 11
07-30 11:41:21.406  7045  7136 W ndroid.calendar: Long monitor contention with owner BACKGROUND_0 (7108) at java.lang.String cal.wrd.b()(PG:27) waiters=0 in java.lang.String cal.wrd.b() for 2.204s
07-30 11:41:21.411  3874  3925 W .gms.persistent: Weak pointer dereference blocked for 65 milliseconds.
07-30 11:41:21.411  3874  4033 W .gms.persistent: Weak pointer dereference blocked for 46 milliseconds.
07-30 11:41:21.412  3874  7033 W .gms.persistent: Weak pointer dereference blocked for 12 milliseconds.
07-30 11:41:21.415  3874  6806 W NetworkScheduler: The extras of the task (com.google.android.gms.ocr.service.ModelCleanUpTaskService:type_[1]) are not valid to be persisted so that the task is not persisted [CONTEXT service_id=218 ]
07-30 11:41:21.415  3874  6806 W NetworkScheduler: java.lang.IllegalArgumentException: Only the following extra parameter types are supported: Integer, Long, Double, String, Boolean, and nested Bundles with the same restrictions.
07-30 11:41:21.415  3874  6806 W NetworkScheduler: 	at bzpv.f(:com.google.android.gms@250632029@25.06.32 (190400-724425688):69)
07-30 11:41:21.415  3874  6806 W NetworkScheduler: 	at dqlt.d(:com.google.android.gms@250632029@25.06.32 (190400-724425688):502)
07-30 11:41:21.415  3874  6806 W NetworkScheduler: 	at dqjk.n(:com.google.android.gms@250632029@25.06.32 (190400-724425688):29)
07-30 11:41:21.415  3874  6806 W NetworkScheduler: 	at dqjk.u(:com.google.android.gms@250632029@25.06.32 (190400-724425688):364)
07-30 11:41:21.415  3874  6806 W NetworkScheduler: 	at dqjk.h(:com.google.android.gms@250632029@25.06.32 (190400-724425688):51)
07-30 11:41:21.415  3874  6806 W NetworkScheduler: 	at dqec.run(:com.google.android.gms@250632029@25.06.32 (190400-724425688):72)
07-30 11:41:21.415  3874  6806 W NetworkScheduler: 	at atdb.c(:com.google.android.gms@250632029@25.06.32 (190400-724425688):50)
07-30 11:41:21.415  3874  6806 W NetworkScheduler: 	at atdb.run(:com.google.android.gms@250632029@25.06.32 (190400-724425688):76)
07-30 11:41:21.415  3874  6806 W NetworkScheduler: 	at java.util.concurrent.ThreadPoolExecutor.runWorker(ThreadPoolExecutor.java:1145)
07-30 11:41:21.415  3874  6806 W NetworkScheduler: 	at java.util.concurrent.ThreadPoolExecutor$Worker.run(ThreadPoolExecutor.java:644)
07-30 11:41:21.415  3874  6806 W NetworkScheduler: 	at atin.run(:com.google.android.gms@250632029@25.06.32 (190400-724425688):8)
07-30 11:41:21.415  3874  6806 W NetworkScheduler: 	at java.lang.Thread.run(Thread.java:1012)
07-30 11:41:21.428   538   883 W JobInfo : Requested flex +57m36s0ms for job 20 is too small; raising to +1h12m0s0ms
07-30 11:41:21.429   538  2156 I MediaFocusControl: abandonAudioFocus() from uid/pid 10169/895 clientId=android.media.AudioManager@8c577f6
07-30 11:41:21.430   538   564 W Searchables: No global search activity found
07-30 11:41:21.431   895  7166 V MediaPlayer: resetDrmState:  mDrmInfo=null mDrmProvisioningThread=null mPrepareDrmInProgress=false mActiveDrmScheme=false
07-30 11:41:21.431   895  7166 V MediaPlayer: cleanDrmObj: mDrmObj=null mDrmSessionId=null
07-30 11:41:21.431   464  3029 D NuPlayerDriver: reset(0xb4000078891762d0) at state 6
07-30 11:41:21.449   538   564 D AppWidgetServiceImpl: Provider info from ComponentInfo{com.google.android.apps.docs/com.google.android.apps.docs.drive.widget.suggestion.SuggestionAppWidgetProvider} won't be persisted.
07-30 11:41:21.449   538   564 D AppWidgetServiceImpl: Provider info from ComponentInfo{com.google.android.apps.docs/com.google.android.apps.docs.drive.widget.CakemixAppWidgetProvider} won't be persisted.
07-30 11:41:21.449   538   564 D AppWidgetServiceImpl: Provider info from ComponentInfo{com.google.android.calendar/com.android.calendar.widget.CalendarAppWidgetProvider} won't be persisted.
07-30 11:41:21.449   538   564 D AppWidgetServiceImpl: Provider info from ComponentInfo{com.google.android.calendar/com.google.android.calendar.widgetmonth.MonthViewWidgetProvider} won't be persisted.
07-30 11:41:21.458   898  5335 E RoleControllerServiceImpl: Default/fallback role holder package doesn't qualify for the role, package: com.google.android.googlequicksearchbox, role: android.app.role.ASSISTANT
07-30 11:41:21.463   464  7248 D MediaCodec: flushMediametrics
07-30 11:41:21.463   469   904 I hw-BpHwBinder: onLastStrongRef automatically unlinking death recipients
07-30 11:41:21.463   469   904 I hw-BpHwBinder: onLastStrongRef automatically unlinking death recipients
07-30 11:41:21.465   464  7355 I hw-BpHwBinder: onLastStrongRef automatically unlinking death recipients
07-30 11:41:21.466  3933  6917 V Backup  : [AccountChangedIO] Received intent, action = android.accounts.LOGIN_ACCOUNTS_CHANGED
07-30 11:41:21.468   464  7189 D NuPlayerDriver: notifyResetComplete(0xb4000078891762d0)
07-30 11:41:21.468   464  3029 W AMessage: failed to post message as target looper for handler 0 is gone.
07-30 11:41:21.473  3933  7357 I PaymentsSuwIntentOp: Processing intent action = android.accounts.LOGIN_ACCOUNTS_CHANGED
07-30 11:41:21.473  3933  7357 I PaymentsSuwIntentOp: Account added has already been processed
07-30 11:41:21.475   538   564 E system_server: No package ID 7f found for resource ID 0x7f080305.
07-30 11:41:21.475   538   564 E system_server: No package ID 7f found for resource ID 0x7f130689.
07-30 11:41:21.475   538   564 E system_server: No package ID 7f found for resource ID 0x7f130689.
07-30 11:41:21.475   538   564 E system_server: No package ID 7f found for resource ID 0x7f080301.
07-30 11:41:21.475   538   564 E system_server: No package ID 7f found for resource ID 0x7f130687.
07-30 11:41:21.475   538   564 E system_server: No package ID 7f found for resource ID 0x7f130687.
07-30 11:41:21.475   538   564 E system_server: No package ID 7f found for resource ID 0x7f080303.
07-30 11:41:21.475   538   564 E system_server: No package ID 7f found for resource ID 0x7f130688.
07-30 11:41:21.475   538   564 E system_server: No package ID 7f found for resource ID 0x7f130688.
07-30 11:41:21.475   538   564 W ShortcutService: Invalid tag 'capability' found at depth 2
07-30 11:41:21.475   538   564 E ShortcutService: Ignoring excessive intent tag.
07-30 11:41:21.475   538   564 W ShortcutService: Invalid tag 'parameter' found at depth 4
07-30 11:41:21.475   538   564 W ShortcutService: Invalid tag 'capability' found at depth 2
07-30 11:41:21.475   538   564 W ShortcutService: Invalid tag 'slice' found at depth 3
07-30 11:41:21.475   538   564 W ShortcutService: Invalid tag 'url-template' found at depth 4
07-30 11:41:21.481   538   883 W JobInfo : Requested flex +57m36s0ms for job 21 is too small; raising to +1h12m0s0ms
07-30 11:41:21.529  1704  1704 I AiAiEcho: AppFetcherImpl onPackageChanged com.google.android.apps.docs.
07-30 11:41:21.536   538   565 D OomAdjuster: Not killing cached processes
07-30 11:41:21.551  1704  5347 I AiAiEcho: AppIndexer Package:[com.google.android.apps.docs] UserProfile:[0] Enabled:[true].
07-30 11:41:21.551  1704  5347 I AiAiEcho: AppFetcherImplV2 updateApps package:[com.google.android.apps.docs], userId:[0], reason:[package is updated.].
07-30 11:41:21.552   538   564 W Searchables: No global search activity found
07-30 11:41:21.558   392   505 D audioserver: FGS Logger Transaction failed
07-30 11:41:21.559   392   505 D audioserver: -129
07-30 11:41:21.568  4377  4529 I org.webrtc.Logging: EffectsMiniBenchmarkWorkerFactory: Received worker class com.google.android.libraries.hub.workmanager.HubListenableWorker
07-30 11:41:21.574   392   505 D audioserver: FGS Logger Transaction failed
07-30 11:41:21.574   392   505 D audioserver: -129
07-30 11:41:21.583   538   564 E system_server: No package ID 7f found for resource ID 0x7f0801ee.
07-30 11:41:21.583   538   564 E system_server: No package ID 7f found for resource ID 0x7f14038f.
07-30 11:41:21.583   538   564 E system_server: No package ID 7f found for resource ID 0x7f140390.
07-30 11:41:21.583   538   564 E system_server: No package ID 7f found for resource ID 0x7f0801ef.
07-30 11:41:21.583   538   564 E system_server: No package ID 7f found for resource ID 0x7f140391.
07-30 11:41:21.583   538   564 E system_server: No package ID 7f found for resource ID 0x7f140392.
07-30 11:41:21.585  3874  3885 I .gms.persistent: Background young concurrent copying GC freed 310773(15MB) AllocSpace objects, 30(968KB) LOS objects, 35% free, 24MB/37MB, paused 112.094ms,24.653ms total 933.799ms
07-30 11:41:21.588   538   564 D AppWidgetServiceImpl: Provider info from ComponentInfo{com.google.android.apps.docs/com.google.android.apps.docs.drive.widget.suggestion.SuggestionAppWidgetProvider} won't be persisted.
07-30 11:41:21.588   538   564 D AppWidgetServiceImpl: Provider info from ComponentInfo{com.google.android.apps.docs/com.google.android.apps.docs.drive.widget.CakemixAppWidgetProvider} won't be persisted.
07-30 11:41:21.588   538   564 D AppWidgetServiceImpl: Provider info from ComponentInfo{com.google.android.calendar/com.android.calendar.widget.CalendarAppWidgetProvider} won't be persisted.
07-30 11:41:21.588   538   564 D AppWidgetServiceImpl: Provider info from ComponentInfo{com.google.android.calendar/com.google.android.calendar.widgetmonth.MonthViewWidgetProvider} won't be persisted.
07-30 11:41:21.588  3874  6912 I HeterodyneSyncScheduler: Scheduling Phenotype for a PhenotypeSyncImmediately(5, null) one off with window [1, 2] in seconds [CONTEXT service_id=51 ]
07-30 11:41:21.592  3874  6806 I NetworkScheduler.Stats: Task com.google.android.gms/com.google.android.gms.gcm.gmsproc.GcmInGmsTaskService finished executing. cause:5 result: 1 elapsed_millis: 2037 uptime_millis: 2037 exec_start_elapsed_seconds: 225 [CONTEXT service_id=218 ]
07-30 11:41:21.614   538   547 I system_server: Background young concurrent copying GC freed 540522(22MB) AllocSpace objects, 38(800KB) LOS objects, 39% free, 31MB/50MB, paused 14.775ms,191us total 777.732ms
07-30 11:41:21.624   538   555 W Looper  : Drained
07-30 11:41:21.652  3874  3960 E GCoreUlr: Create new device tag of -1647464893 without device reboot
07-30 11:41:21.684   538   883 W JobInfo : Requested flex +57m36s0ms for job 23 is too small; raising to +1h12m0s0ms
07-30 11:41:21.686   538   883 W JobInfo : Requested flex +57m36s0ms for job 24 is too small; raising to +1h12m0s0ms
07-30 11:41:21.688   538   883 W JobInfo : Requested flex +57m36s0ms for job 26 is too small; raising to +1h12m0s0ms
07-30 11:41:21.692   538   883 W JobInfo : Requested flex +57m36s0ms for job 28 is too small; raising to +1h12m0s0ms
07-30 11:41:21.718  1704  1704 I AiAiEcho: AppFetcherImpl onPackageChanged com.google.android.calendar.
07-30 11:41:21.754  1123  1123 D CarrierSvcBindHelper: onPackageModified: com.google.android.gms
07-30 11:41:21.755  1123  1123 D CarrierSvcBindHelper: No carrier app for: 0
07-30 11:41:21.760  3933  7242 I tmo     : Exceeded max concurrent downloads, not running another queued request
07-30 11:41:21.761   538   883 E SyncManager: Couldn't find backoff values for Account {name=xxxxxxxxxxxxxxxxxxxxxxxxxx-xx@xxxxxxxxxxxxxxxxxxxx.xxx, type=com.google}/com.android.calendar:u0
07-30 11:41:21.795  3933  6891 I Checkin : [AndroidCheckinProtoModule] Checkin reason type: 4 attempt count: 1.
07-30 11:41:21.813   538   633 I InputReader: Reconfiguring input devices, changes=KEYBOARD_LAYOUTS
07-30 11:41:21.813  1704  5471 I AiAiEcho: AppIndexer Package:[com.google.android.calendar] UserProfile:[0] Enabled:[true].
07-30 11:41:21.813  1704  5471 I AiAiEcho: AppFetcherImplV2 updateApps package:[com.google.android.calendar], userId:[0], reason:[package is updated.].
07-30 11:41:21.821  3874  6905 I SemanticLocation: ULR Settings changed. Updating LR state. [CONTEXT service_id=173 ]
07-30 11:41:21.838  3933  7351 I tmo     : Exceeded max concurrent downloads, not running another queued request
07-30 11:41:21.838  3933  5302 I tmo     : Exceeded max concurrent downloads, not running another queued request
07-30 11:41:21.841   895   976 D StylusManager: Stylus InputDevice changed: 7 virtio_input_multi_touch_5
07-30 11:41:21.876  3933  6711 I tmo     : Exceeded max concurrent downloads, not running another queued request
07-30 11:41:21.876  3933  4007 I tmo     : Exceeded max concurrent downloads, not running another queued request
07-30 11:41:21.882  3933  3965 I tmo     : Sending URL request: uri=https://lh3.googleusercontent.com/a/ACg8ocJZC7MqqJiPLqiDRT4lYwF7SbvYu6n0LS3TXw2-1RSuUYS3lg=s84-mo
07-30 11:41:21.885  3933  6896 I constellation: [event_manager] Starting session. sessionId: f0b62e0d-ed90-42d0-a65f-50504905298a from trigger: 4
07-30 11:41:21.902  3933  6896 D CompatibilityChangeReporter: Compat change id reported: 247079863; UID 10128; state: ENABLED
07-30 11:41:21.905   895   976 D StylusManager: Stylus InputDevice changed: 11 virtio_input_multi_touch_9
07-30 11:41:21.906   538   555 W Looper  : Slow dispatch took 147ms android.fg h=android.os.Handler c=android.app.LoadedApk$ReceiverDispatcher$Args$$ExternalSyntheticLambda0@7e82021 m=0
07-30 11:41:21.907   538   883 W system_server: Long monitor contention with owner binder:538_7 (986) at boolean com.android.server.am.OomAdjuster.updateOomAdjLocked(com.android.server.am.ProcessRecord, int)(OomAdjuster.java:609) waiters=0 in boolean com.android.server.am.ActivityManagerService.isAppStartModeDisabled(int, java.lang.String) for 121ms
07-30 11:41:21.907   538   883 D ConnectivityService: requestNetwork for uid/pid:1000/538 asUid: 10153 activeRequest: null callbackRequest: 152 [NetworkRequest [ REQUEST id=153, [ Capabilities: INTERNET&NOT_RESTRICTED&TRUSTED&NOT_VCN_MANAGED Uid: 10153 RequestorUid: 1000 RequestorPkg: android UnderlyingNetworks: Null] ]] callback flags: 0 order: 2147483647
07-30 11:41:21.908   538   883 E SyncManager: Couldn't find backoff values for Account {name=xxxxxxxxxxxxxxxxxxxxxxxxxx-xx@xxxxxxxxxxxxxxxxxxxx.xxx, type=com.google}/com.google.android.calendar:u0
07-30 11:41:21.955   538   823 D ConnectivityService: NetReassign [153 : null  102] [c 0] [a 0] [i 1]
07-30 11:41:21.956   538   816 D WifiNetworkFactory: got request NetworkRequest [ REQUEST id=153, [ Capabilities: INTERNET&NOT_RESTRICTED&TRUSTED&NOT_VCN_MANAGED Uid: 10153 RequestorUid: 1000 RequestorPkg: android UnderlyingNetworks: Null] ]
07-30 11:41:21.956   538   816 D UntrustedWifiNetworkFactory: got request NetworkRequest [ REQUEST id=153, [ Capabilities: INTERNET&NOT_RESTRICTED&TRUSTED&NOT_VCN_MANAGED Uid: 10153 RequestorUid: 1000 RequestorPkg: android UnderlyingNetworks: Null] ]
07-30 11:41:21.956   538   816 D OemPaidWifiNetworkFactory: got request NetworkRequest [ REQUEST id=153, [ Capabilities: INTERNET&NOT_RESTRICTED&TRUSTED&NOT_VCN_MANAGED Uid: 10153 RequestorUid: 1000 RequestorPkg: android UnderlyingNetworks: Null] ]
07-30 11:41:21.956   538   816 D MultiInternetWifiNetworkFactory: got request NetworkRequest [ REQUEST id=153, [ Capabilities: INTERNET&NOT_RESTRICTED&TRUSTED&NOT_VCN_MANAGED Uid: 10153 RequestorUid: 1000 RequestorPkg: android UnderlyingNetworks: Null] ]
07-30 11:41:21.958   352  7365 I resolv  : GetAddrInfoHandler::run: {102 786534 102 983142 10128 0}
07-30 11:41:21.960  3933  5302 I tmo     : Sending URL request: uri=https://lh3.googleusercontent.com/a/ACg8ocJZC7MqqJiPLqiDRT4lYwF7SbvYu6n0LS3TXw2-1RSuUYS3lg=s126-mo
07-30 11:41:21.963   895   976 D StylusManager: Stylus InputDevice changed: 6 virtio_input_multi_touch_4
07-30 11:41:21.964   352  7367 I resolv  : res_nmkquery: (QUERY, IN, A)
07-30 11:41:21.964   895   976 D StylusManager: Stylus InputDevice changed: 9 virtio_input_multi_touch_7
07-30 11:41:21.965   895   976 D StylusManager: Stylus InputDevice changed: 12 virtio_input_multi_touch_10
07-30 11:41:21.966   895   976 D StylusManager: Stylus InputDevice changed: 10 virtio_input_multi_touch_8
07-30 11:41:21.969   352  7366 I resolv  : res_nmkquery: (QUERY, IN, AAAA)
07-30 11:41:21.971  1123  1415 D ImsResolver: maybeAddedImsService, packageName: com.google.android.gms
07-30 11:41:21.982   352  7366 I resolv  : res_nsend: used send_dg 100 terrno: 0
07-30 11:41:21.982   352  7367 I resolv  : res_nsend: used send_dg 88 terrno: 0
07-30 11:41:21.982   352  7366 I resolv  : doQuery: rcode=0, ancount=2, return value=100
07-30 11:41:21.982   352  7367 I resolv  : doQuery: rcode=0, ancount=2, return value=88
07-30 11:41:21.985  3933  4888 D TrafficStats: tagSocket(104) with statsTag=0x4005601, statsUid=0
07-30 11:41:21.985   538   538 W Looper  : Slow dispatch took 329ms main h=android.os.Handler c=com.android.server.content.SyncManager$$ExternalSyntheticLambda12@49fa0b m=0
07-30 11:41:21.991   538   538 W Looper  : Slow delivery took 365ms main h=android.os.Handler c=com.android.server.content.SyncManager$$ExternalSyntheticLambda12@49c2be7 m=0
07-30 11:41:21.994  3933  6915 I LocationHistory: [IntentOperation] Default account up-to-date. [CONTEXT service_id=314 ]
07-30 11:41:21.995  3933  6890 I LocationHistory: [IntentOperation] Handling action com.google.android.gms.location.reporting.SETTINGS_CHANGED [CONTEXT service_id=314 ]
07-30 11:41:21.996  3933  3933 D BoundBrokerSvc: onBind: Intent { act=com.google.android.gms.auth.blockstore.service.START dat=chimera-action:/... cmp=com.google.android.gms/.chimera.GmsApiService }
07-30 11:41:21.996  3933  3933 D BoundBrokerSvc: Loading bound service for intent: Intent { act=com.google.android.gms.auth.blockstore.service.START dat=chimera-action:/... cmp=com.google.android.gms/.chimera.GmsApiService }
07-30 11:41:22.004  3933  6890 I LocationHistory: [IntentOperation] Default account up-to-date. [CONTEXT service_id=314 ]
07-30 11:41:22.005   898  5334 I PermissionControllerServiceImpl: Updating user sensitive for uid 10128
07-30 11:41:22.023  6786  6820 D EGL_emulation: app_time_stats: avg=971.16ms min=960.71ms max=981.61ms count=2
07-30 11:41:22.044  3933  3952 I PeopleGalProvider: Gal directories started.
07-30 11:41:22.066  4190  4235 D TrafficStats: tagSocket(114) with statsTag=0x1809, statsUid=-1
07-30 11:41:22.083   895   976 D StylusManager: Stylus InputDevice changed: 8 virtio_input_multi_touch_6
07-30 11:41:22.083   895   976 D StylusManager: Stylus InputDevice changed: 3 virtio_input_multi_touch_1
07-30 11:41:22.084   895   976 D StylusManager: Stylus InputDevice changed: 13 virtio_input_multi_touch_11
07-30 11:41:22.084   895   976 D StylusManager: Stylus InputDevice changed: 5 virtio_input_multi_touch_3
07-30 11:41:22.084   895   976 D StylusManager: Stylus InputDevice changed: 4 virtio_input_multi_touch_2
07-30 11:41:22.090   895   895 D ControlsListingControllerImpl: ServiceConfig reloaded, count: 0
07-30 11:41:22.090  3933  3952 I PeopleGalProvider: Method 1 completed.
07-30 11:41:22.090  3933  3952 I PeopleGalProvider: Method 1 finished successfully.
07-30 11:41:22.096   898  5335 E RoleControllerServiceImpl: Default/fallback role holder package doesn't qualify for the role, package: com.google.android.gms.supervision, role: android.app.role.SYSTEM_SUPERVISION
07-30 11:41:22.101   898  5335 W Role    : Default holder doesn't have required signing certificate: com.google.android.apps.work.clouddpc:23962F4B43B9857638EA66F4D419518EAE282491ACDA4B94707BD59003C45E58
07-30 11:41:22.110  3933  4838 W gle.android.gms: Long monitor contention with owner binder:3933_F (4783) at android.os.Message android.os.Message.obtain()(Message.java:161) waiters=1 in android.os.Message com.android.internal.util.function.pooled.PooledLambda.obtainMessage(java.util.function.BiConsumer, java.lang.Object, java.lang.Object) for 103ms
07-30 11:41:22.111  3933  3949 W gle.android.gms: Long monitor contention with owner binder:3933_F (4783) at android.os.Message android.os.Message.obtain()(Message.java:161) waiters=2 in android.os.Message com.android.internal.util.function.pooled.PooledLambda.obtainMessage(java.util.function.BiConsumer, java.lang.Object, java.lang.Object) for 104ms
07-30 11:41:22.113  3933  6917 I Backup  : [GmsBackupAccountManager] Backup account not found in gmscore.
07-30 11:41:22.121   538   538 W Looper  : Drained
07-30 11:41:22.130   538   883 E SyncManager: Couldn't find backoff values for Account {name=xxxxxxxxxxxxxxxxxxxxxxxxxx-xx@xxxxxxxxxxxxxxxxxxxx.xxx, type=com.google}/com.google.android.calendar.tasks:u0
07-30 11:41:22.132  3933  6917 I Backup  : [GmsBackupAccountManager] Backup account not found in gmscore.
07-30 11:41:22.132   538   623 I RoleService: Granting default roles...
07-30 11:41:22.136  3933  6917 V Backup  : [AccountChangedIO] currentDestinationString: null
07-30 11:41:22.163   538   555 W Looper  : Slow dispatch took 147ms android.fg h=android.os.Handler c=<recycled PooledLambda@c64a3fd> m=0
07-30 11:41:22.210  3933  6890 V Backup  : [AccountChangedIO] Received intent, action = android.accounts.LOGIN_ACCOUNTS_CHANGED
07-30 11:41:22.273  3874  6885 W ChimeraUtils: Module com.google.android.gms.backup_base missing resource null(0)
07-30 11:41:22.291  3933  6890 I Backup  : [GmsBackupAccountManager] Backup account not found in gmscore.
07-30 11:41:22.296  3874  6884 V Backup  : [BackupAccountNotifier] Handling new intent. Show notification: true
07-30 11:41:22.341  2654  6165 W Settings: Setting airplane_mode_on has moved from android.provider.Settings.System to android.provider.Settings.Global, returning read-only value.
07-30 11:41:22.343  2654  6165 I DialerVoicemailStatusDataServiceImpl: com.android.dialer.voicemailstatus.dataservice.impl.VoicemailStatusDataServiceImpl.lambda$insertOrUpdateVoicemailStatus$5:213 merged status: # kee@6600c263
07-30 11:41:22.345  3933  6917 I PaymentsSuwIntentOp: Processing intent action = android.accounts.LOGIN_ACCOUNTS_CHANGED
07-30 11:41:22.346  3933  6917 I PaymentsSuwIntentOp: Account added has already been processed
07-30 11:41:22.349  3933  6896 W gle.android.gms: Accessing hidden method Landroid/telephony/TelephonyManager;->isImsRegistered()Z (max-target-p, reflection, denied)
07-30 11:41:22.390   538   883 W JobInfo : Requested flex +57m36s0ms for job 32 is too small; raising to +1h12m0s0ms
07-30 11:41:22.390  2654  3653 I DialerActivationTask: com.android.voicemail.impl.ActivationTask.onExecuteInBackgroundThread:339 sending an activation request [CONTEXT enable_persistent_logger=true ]
07-30 11:41:22.393   538   883 W JobInfo : Requested flex +57m36s0ms for job 33 is too small; raising to +1h12m0s0ms
07-30 11:41:22.405   538   883 E SyncManager: Couldn't find backoff values for Account {name=@@xxxxxxxxxxxxxxxxxxxxxxxxx@@, type=com.google}/com.google.android.location.reporting:u0
07-30 11:41:22.422   538   883 W JobInfo : Requested flex +57m36s0ms for job 35 is too small; raising to +1h12m0s0ms
07-30 11:41:22.425   538   883 E SyncManager: SYNC_OP_STATE_INVALID: account doesn't exist.
07-30 11:41:22.427  3933  6890 I Backup  : [GmsBackupAccountManager] Backup account not found in gmscore.
07-30 11:41:22.433  3933  3966 I Backup  : [GmsBackupAccountManager] Backup account not found in gmscore.
07-30 11:41:22.434  1123  1783 D SmsNumberUtils: enter filterDestAddr. destAddr="[BajqU4K5_YhSYbs-7QUn0dOwcmI]"
07-30 11:41:22.436   538   564 W Searchables: No global search activity found
07-30 11:41:22.441  1123  1783 D SmsNumberUtils: destAddr is not formatted.
07-30 11:41:22.441  1123  1783 D SmsNumberUtils: leave filterDestAddr, new destAddr="[BajqU4K5_YhSYbs-7QUn0dOwcmI]"
07-30 11:41:22.452  3933  6896 I constellation: [verification_manager] No cached state for EXTERNAL_CONSENT_ACTIVITY_STATE
07-30 11:41:22.459  3933  6915 W ModuleInitIntentOp: Dropping unexpected action com.google.android.gms.auth.GOOGLE_ACCOUNT_CHANGE
07-30 11:41:22.476  3933  7374 I FSA2_GmsContactsSyncAdapter: @onPerformSync
07-30 11:41:22.479  3933  7374 W FSA2_ContactsSyncAdapter: @onPerformSync Sync started
07-30 11:41:22.480  3933  6890 V Backup  : [AccountChangedIO] currentDestinationString: null
07-30 11:41:22.481   538   564 I CredManSysServiceImpl: CredentialManagerServiceImpl constructed for: com.google.android.gms/.auth.api.credentials.credman.service.PasswordAndPasskeyService
07-30 11:41:22.481   538   564 I CredManSysServiceImpl: newServiceInfoLocked, mInfo null, com.google.android.gms/com.google.android.gms.auth.api.credentials.credman.service.PasswordAndPasskeyService
07-30 11:41:22.491  3874  7033 E WakeLock: GCMSEND ** IS FORCE-RELEASED ON TIMEOUT **
07-30 11:41:22.493  3933  6896 I constellation: [verification_manager] No cached state for ON_DEMAND_CONSENT_STATE
07-30 11:41:22.498  3933  7372 W RemindersSync: Reminder account not found, aborting sync. [T SyncAdapterThread-1:id=430:priority=5:group=main] [CONTEXT service_id=18 ]
07-30 11:41:22.498  3874  7119 W WakeLock: GCMSEND counter does not exist
07-30 11:41:22.501  3874  6884 V Backup  : [BackupAccountNotifier] Handling new intent. Show notification: true
07-30 11:41:22.504  3933  6896 I constellation: [verification_manager] No cached state for ON_DEMAND_CONSENT_V2_STATE
07-30 11:41:22.505  3874  6884 V Backup  : [BackupAccountNotifier] Handling new intent. Show notification: true
07-30 11:41:22.506  3874  6884 V Backup  : [BackupAccountNotifier] Handling new intent. Show notification: true
07-30 11:41:22.519  1704  1704 I AiAiEcho: AppFetcherImpl onPackageChanged com.google.android.gms.
07-30 11:41:22.520  3874  4245 V NativeCrypto: Read error: ssl=0xb400007ccc243a58: I/O error during system call, Connection reset by peer
07-30 11:41:22.521  1704  3865 I AiAiEcho: AppIndexer Package:[com.google.android.gms] UserProfile:[0] Enabled:[true].
07-30 11:41:22.521  1704  3865 I AiAiEcho: AppFetcherImplV2 updateApps package:[com.google.android.gms], userId:[0], reason:[package is updated.].
07-30 11:41:22.550  4377  4536 I org.webrtc.Logging: EffectsMiniBenchmarkWorkerFactory: Received worker class com.google.android.libraries.hub.workmanager.HubListenableWorker
07-30 11:41:22.551   538   538 W Looper  : Slow dispatch took 114ms main h=android.app.job.JobServiceEngine$JobHandler c=null m=2
07-30 11:41:22.552  1704  3057 I AiAiEcho: Settings changed for uri: content://settings/secure/mandatory_biometrics_requirements_satisfied
07-30 11:41:22.560  3933  7097 I CryptauthV2: [EnrollCryptauthFramework] Starting enrollment process.
07-30 11:41:22.560  1704  1950 I AiAiEcho: Predicting[0]: 
07-30 11:41:22.560  1704  1950 I AiAiEcho: EchoTargets: 
07-30 11:41:22.560  1704  1950 I AiAiEcho: Filtered by AiAi flag check: 
07-30 11:41:22.560  1704  1950 I AiAiEcho: Ranked targets strategy: SORT, count: 0, ranking metadata: 
07-30 11:41:22.560  1704  1950 I AiAiEcho: Predicting[0]: 
07-30 11:41:22.560  1704  1950 I AiAiEcho: EchoTargets: 
07-30 11:41:22.560  1704  1950 I AiAiEcho: Filtered by AiAi flag check: 
